Archive member included because of file (symbol)

/nfs/nfs5/home/research/hardware/arm2/gcc-arm-embedded/gcc-arm-none-eabi-4_8-2014q2/bin/../lib/gcc/arm-none-eabi/4.8.4/../../../../arm-none-eabi/lib/armv7e-m/libg.a(lib_a-memcpy.o)
                              build/obj/hal_buffers.o (memcpy)
/nfs/nfs5/home/research/hardware/arm2/gcc-arm-embedded/gcc-arm-none-eabi-4_8-2014q2/bin/../lib/gcc/arm-none-eabi/4.8.4/../../../../arm-none-eabi/lib/armv7e-m/libg.a(lib_a-memset.o)
                              build/obj/syscalls.o (memset)
/nfs/nfs5/home/research/hardware/arm2/gcc-arm-embedded/gcc-arm-none-eabi-4_8-2014q2/bin/../lib/gcc/arm-none-eabi/4.8.4/../../../../arm-none-eabi/lib/armv7e-m/libg.a(lib_a-sprintf.o)
                              build/obj/main.o (sprintf)
/nfs/nfs5/home/research/hardware/arm2/gcc-arm-embedded/gcc-arm-none-eabi-4_8-2014q2/bin/../lib/gcc/arm-none-eabi/4.8.4/../../../../arm-none-eabi/lib/armv7e-m/libg.a(lib_a-strcmp.o)
                              build/obj/shell.o (strcmp)
/nfs/nfs5/home/research/hardware/arm2/gcc-arm-embedded/gcc-arm-none-eabi-4_8-2014q2/bin/../lib/gcc/arm-none-eabi/4.8.4/../../../../arm-none-eabi/lib/armv7e-m/libg.a(lib_a-strpbrk.o)
                              build/obj/shell.o (strpbrk)
/nfs/nfs5/home/research/hardware/arm2/gcc-arm-embedded/gcc-arm-none-eabi-4_8-2014q2/bin/../lib/gcc/arm-none-eabi/4.8.4/../../../../arm-none-eabi/lib/armv7e-m/libg.a(lib_a-strspn.o)
                              build/obj/shell.o (strspn)
/nfs/nfs5/home/research/hardware/arm2/gcc-arm-embedded/gcc-arm-none-eabi-4_8-2014q2/bin/../lib/gcc/arm-none-eabi/4.8.4/../../../../arm-none-eabi/lib/armv7e-m/libg.a(lib_a-svfprintf.o)
                              /nfs/nfs5/home/research/hardware/arm2/gcc-arm-embedded/gcc-arm-none-eabi-4_8-2014q2/bin/../lib/gcc/arm-none-eabi/4.8.4/../../../../arm-none-eabi/lib/armv7e-m/libg.a(lib_a-sprintf.o) (_svfprintf_r)
/nfs/nfs5/home/research/hardware/arm2/gcc-arm-embedded/gcc-arm-none-eabi-4_8-2014q2/bin/../lib/gcc/arm-none-eabi/4.8.4/../../../../arm-none-eabi/lib/armv7e-m/libg.a(lib_a-dtoa.o)
                              /nfs/nfs5/home/research/hardware/arm2/gcc-arm-embedded/gcc-arm-none-eabi-4_8-2014q2/bin/../lib/gcc/arm-none-eabi/4.8.4/../../../../arm-none-eabi/lib/armv7e-m/libg.a(lib_a-svfprintf.o) (_dtoa_r)
/nfs/nfs5/home/research/hardware/arm2/gcc-arm-embedded/gcc-arm-none-eabi-4_8-2014q2/bin/../lib/gcc/arm-none-eabi/4.8.4/../../../../arm-none-eabi/lib/armv7e-m/libg.a(lib_a-impure.o)
                              /nfs/nfs5/home/research/hardware/arm2/gcc-arm-embedded/gcc-arm-none-eabi-4_8-2014q2/bin/../lib/gcc/arm-none-eabi/4.8.4/../../../../arm-none-eabi/lib/armv7e-m/libg.a(lib_a-sprintf.o) (_impure_ptr)
/nfs/nfs5/home/research/hardware/arm2/gcc-arm-embedded/gcc-arm-none-eabi-4_8-2014q2/bin/../lib/gcc/arm-none-eabi/4.8.4/../../../../arm-none-eabi/lib/armv7e-m/libg.a(lib_a-locale.o)
                              /nfs/nfs5/home/research/hardware/arm2/gcc-arm-embedded/gcc-arm-none-eabi-4_8-2014q2/bin/../lib/gcc/arm-none-eabi/4.8.4/../../../../arm-none-eabi/lib/armv7e-m/libg.a(lib_a-svfprintf.o) (_localeconv_r)
/nfs/nfs5/home/research/hardware/arm2/gcc-arm-embedded/gcc-arm-none-eabi-4_8-2014q2/bin/../lib/gcc/arm-none-eabi/4.8.4/../../../../arm-none-eabi/lib/armv7e-m/libg.a(lib_a-mallocr.o)
                              /nfs/nfs5/home/research/hardware/arm2/gcc-arm-embedded/gcc-arm-none-eabi-4_8-2014q2/bin/../lib/gcc/arm-none-eabi/4.8.4/../../../../arm-none-eabi/lib/armv7e-m/libg.a(lib_a-svfprintf.o) (_malloc_r)
/nfs/nfs5/home/research/hardware/arm2/gcc-arm-embedded/gcc-arm-none-eabi-4_8-2014q2/bin/../lib/gcc/arm-none-eabi/4.8.4/../../../../arm-none-eabi/lib/armv7e-m/libg.a(lib_a-memchr-stub.o)
                              /nfs/nfs5/home/research/hardware/arm2/gcc-arm-embedded/gcc-arm-none-eabi-4_8-2014q2/bin/../lib/gcc/arm-none-eabi/4.8.4/../../../../arm-none-eabi/lib/armv7e-m/libg.a(lib_a-svfprintf.o) (memchr)
/nfs/nfs5/home/research/hardware/arm2/gcc-arm-embedded/gcc-arm-none-eabi-4_8-2014q2/bin/../lib/gcc/arm-none-eabi/4.8.4/../../../../arm-none-eabi/lib/armv7e-m/libg.a(lib_a-mlock.o)
                              /nfs/nfs5/home/research/hardware/arm2/gcc-arm-embedded/gcc-arm-none-eabi-4_8-2014q2/bin/../lib/gcc/arm-none-eabi/4.8.4/../../../../arm-none-eabi/lib/armv7e-m/libg.a(lib_a-mallocr.o) (__malloc_lock)
/nfs/nfs5/home/research/hardware/arm2/gcc-arm-embedded/gcc-arm-none-eabi-4_8-2014q2/bin/../lib/gcc/arm-none-eabi/4.8.4/../../../../arm-none-eabi/lib/armv7e-m/libg.a(lib_a-mprec.o)
                              /nfs/nfs5/home/research/hardware/arm2/gcc-arm-embedded/gcc-arm-none-eabi-4_8-2014q2/bin/../lib/gcc/arm-none-eabi/4.8.4/../../../../arm-none-eabi/lib/armv7e-m/libg.a(lib_a-dtoa.o) (_Balloc)
/nfs/nfs5/home/research/hardware/arm2/gcc-arm-embedded/gcc-arm-none-eabi-4_8-2014q2/bin/../lib/gcc/arm-none-eabi/4.8.4/../../../../arm-none-eabi/lib/armv7e-m/libg.a(lib_a-s_fpclassify.o)
[...]
Memory Configuration

Name             Origin             Length             Attributes
flash            0x08000000         0x00040000
ram0             0x20000000         0x0000a000
ram1             0x00000000         0x00000000
ram2             0x00000000         0x00000000
ram3             0x00000000         0x00000000
ram4             0x10000000         0x00002000
ram5             0x00000000         0x00000000
ram6             0x00000000         0x00000000
ram7             0x00000000         0x00000000
*default*        0x00000000         0xffffffff

Linker script and memory map

LOAD build/obj/crt0_v7m.o
LOAD build/obj/chcoreasm_v7m.o
LOAD build/obj/crt1.o
LOAD build/obj/vectors.o
LOAD build/obj/chsys.o
LOAD build/obj/chdebug.o
LOAD build/obj/chvt.o
LOAD build/obj/chschd.o
LOAD build/obj/chthreads.o
LOAD build/obj/chtm.o
LOAD build/obj/chdynamic.o
LOAD build/obj/chregistry.o
LOAD build/obj/chsem.o
LOAD build/obj/chmtx.o
LOAD build/obj/chcond.o
LOAD build/obj/chevents.o
LOAD build/obj/chmsg.o
LOAD build/obj/chmboxes.o
LOAD build/obj/chqueues.o
LOAD build/obj/chmemcore.o
LOAD build/obj/chheap.o
LOAD build/obj/chmempools.o
LOAD build/obj/chcore.o
LOAD build/obj/chcore_v7m.o
LOAD build/obj/osal.o
LOAD build/obj/hal.o
LOAD build/obj/st.o
LOAD build/obj/hal_buffers.o
LOAD build/obj/hal_queues.o
LOAD build/obj/hal_mmcsd.o
LOAD build/obj/adc.o
LOAD build/obj/gpt.o
LOAD build/obj/mmc_spi.o
LOAD build/obj/pal.o
LOAD build/obj/serial.o
LOAD build/obj/spi.o
LOAD build/obj/nvic.o
LOAD build/obj/hal_lld.o
LOAD build/obj/stm32_dma.o
LOAD build/obj/st_lld.o
LOAD build/obj/adc_lld.o
LOAD build/obj/pal_lld.o
LOAD build/obj/spi_lld.o
LOAD build/obj/gpt_lld.o
LOAD build/obj/serial_lld.o
LOAD build/obj/board.o
LOAD build/obj/test.o
LOAD build/obj/testthd.o
LOAD build/obj/testsem.o
LOAD build/obj/testmtx.o
LOAD build/obj/testmsg.o
LOAD build/obj/testmbox.o
LOAD build/obj/testevt.o
LOAD build/obj/testheap.o
LOAD build/obj/testpools.o
LOAD build/obj/testdyn.o
LOAD build/obj/testqueues.o
LOAD build/obj/testsys.o
LOAD build/obj/testbmk.o
LOAD build/obj/shell.o
LOAD build/obj/evtimer.o
LOAD build/obj/syscalls.o
LOAD build/obj/memstreams.o
LOAD build/obj/chprintf.o
LOAD build/obj/ff.o
LOAD build/obj/fatfs_diskio.o
LOAD build/obj/fatfs_syscall.o
LOAD build/obj/main.o
                0x20000000                __ram0_start__ = ORIGIN (ram0)
                0x0000a000                __ram0_size__ = 0xa000
                0x2000a000                __ram0_end__ = (__ram0_start__ + __ram0_size__)
                0x00000000                __ram1_start__ = ORIGIN (ram1)
                0x00000000                __ram1_size__ = 0x0
                0x00000000                __ram1_end__ = (__ram1_start__ + __ram1_size__)
                0x00000000                __ram2_start__ = ORIGIN (ram2)
                0x00000000                __ram2_size__ = 0x0
                0x00000000                __ram2_end__ = (__ram2_start__ + __ram2_size__)
                0x00000000                __ram3_start__ = ORIGIN (ram3)
                0x00000000                __ram3_size__ = 0x0
                0x00000000                __ram3_end__ = (__ram3_start__ + __ram3_size__)
                0x10000000                __ram4_start__ = ORIGIN (ram4)
                0x00002000                __ram4_size__ = 0x2000
                0x10002000                __ram4_end__ = (__ram4_start__ + __ram4_size__)
                0x00000000                __ram5_start__ = ORIGIN (ram5)
                0x00000000                __ram5_size__ = 0x0
                0x00000000                __ram5_end__ = (__ram5_start__ + __ram5_size__)
                0x00000000                __ram6_start__ = ORIGIN (ram6)
                0x00000000                __ram6_size__ = 0x0
                0x00000000                __ram6_end__ = (__ram6_start__ + __ram6_size__)
                0x00000000                __ram7_start__ = ORIGIN (ram7)
                0x00000000                __ram7_size__ = 0x0
                0x00000000                __ram7_end__ = (__ram7_start__ + __ram7_size__)
                0x00000000                . = 0x0
                0x00000000                _text = .

startup         0x08000000      0x200
 *(.vectors)
 .vectors       0x08000000      0x200 build/obj/vectors.o
                0x08000000                _vectors

constructors    0x08000200        0x0
                0x08000200                __init_array_start = .
 *(SORT(.init_array.*))
 *(.init_array)
                0x08000200                __init_array_end = .

destructors     0x08000200        0x0
                0x08000200                __fini_array_start = .
 *(.fini_array)
 *(SORT(.fini_array.*))
                0x08000200                __fini_array_end = .

.text           0x08000200     0xa87c
 *(.text)
 .text          0x08000200       0xd4 build/obj/crt0_v7m.o
                0x08000200                Reset_Handler
 *fill*         0x080002d4        0xc 
 .text          0x080002e0       0x28 build/obj/chcoreasm_v7m.o
                0x080002e0                _port_switch
                0x080002f0                _port_thread_start
                0x08000300                _port_switch_from_isr
                0x08000304                _port_exit_from_isr
 *fill*         0x08000308        0x8 
 .text          0x08000310      0x134 /nfs/nfs5/home/research/hardware/arm2/gcc-arm-embedded/gcc-arm-none-eabi-4_8-2014q2/bin/../lib/gcc/arm-none-eabi/4.8.4/../../../../arm-none-eabi/lib/armv7e-m/libg.a(lib_a-memcpy.o)
                0x08000310                memcpy
 *fill*         0x08000444        0xc 
 .text          0x08000450      0x21c /nfs/nfs5/home/research/hardware/arm2/gcc-arm-embedded/gcc-arm-none-eabi-4_8-2014q2/bin/../lib/gcc/arm-none-eabi/4.8.4/../../../../arm-none-eabi/lib/armv7e-m/libg.a(lib_a-strcmp.o)
                0x08000450                strcmp
 *fill*         0x0800066c        0x4 
 .text          0x08000670      0x370 /nfs/nfs5/home/research/hardware/arm2/gcc-arm-embedded/gcc-arm-none-eabi-4_8-2014q2/bin/../lib/gcc/arm-none-eabi/4.8.4/armv7e-m/libgcc.a(_arm_addsubdf3.o)
                0x08000670                __aeabi_drsub
                0x08000678                __aeabi_dsub
                0x08000678                __subdf3
                0x0800067c                __adddf3
                0x0800067c                __aeabi_dadd
                0x080008f4                __aeabi_ui2d
                0x080008f4                __floatunsidf
                0x08000914                __floatsidf
                0x08000914                __aeabi_i2d
                0x08000938                __extendsfdf2
                0x08000938                __aeabi_f2d
                0x08000974                __aeabi_ul2d
                0x08000974                __floatundidf
                0x08000984                __floatdidf
                0x08000984                __aeabi_l2d
 .text          0x080009e0      0x424 /nfs/nfs5/home/research/hardware/arm2/gcc-arm-embedded/gcc-arm-none-eabi-4_8-2014q2/bin/../lib/gcc/arm-none-eabi/4.8.4/armv7e-m/libgcc.a(_arm_muldivdf3.o)
                0x080009e0                __aeabi_dmul
                0x080009e0                __muldf3
                0x08000c34                __aeabi_ddiv
                0x08000c34                __divdf3
 *fill*         0x08000e04        0xc 
 .text          0x08000e10      0x110 /nfs/nfs5/home/research/hardware/arm2/gcc-arm-embedded/gcc-arm-none-eabi-4_8-2014q2/bin/../lib/gcc/arm-none-eabi/4.8.4/armv7e-m/libgcc.a(_arm_cmpdf2.o)
                0x08000e10                __gtdf2
                0x08000e10                __gedf2
                0x08000e18                __ltdf2
                0x08000e18                __ledf2
                0x08000e20                __cmpdf2
                0x08000e20                __eqdf2
                0x08000e20                __nedf2
                0x08000e9c                __aeabi_cdrcmple
                0x08000eac                __aeabi_cdcmple
                0x08000eac                __aeabi_cdcmpeq
                0x08000ebc                __aeabi_dcmpeq
                0x08000ed0                __aeabi_dcmplt
                0x08000ee4                __aeabi_dcmple
                0x08000ef8                __aeabi_dcmpge
                0x08000f0c                __aeabi_dcmpgt
 .text          0x08000f20       0x50 /nfs/nfs5/home/research/hardware/arm2/gcc-arm-embedded/gcc-arm-none-eabi-4_8-2014q2/bin/../lib/gcc/arm-none-eabi/4.8.4/armv7e-m/libgcc.a(_arm_fixdfsi.o)
                0x08000f20                __fixdfsi
                0x08000f20                __aeabi_d2iz
 .text          0x08000f70       0x2c /nfs/nfs5/home/research/hardware/arm2/gcc-arm-embedded/gcc-arm-none-eabi-4_8-2014q2/bin/../lib/gcc/arm-none-eabi/4.8.4/armv7e-m/libgcc.a(_aeabi_uldivmod.o)
                0x08000f70                __aeabi_uldivmod
 *fill*         0x08000f9c        0x4 
 .text          0x08000fa0       0x60 /nfs/nfs5/home/research/hardware/arm2/gcc-arm-embedded/gcc-arm-none-eabi-4_8-2014q2/bin/../lib/gcc/arm-none-eabi/4.8.4/armv7e-m/libgcc.a(bpabi.o)
                0x08000fa0                __gnu_ldivmod_helper
                0x08000fd0                __gnu_uldivmod_helper
 .text          0x08001000        0x4 /nfs/nfs5/home/research/hardware/arm2/gcc-arm-embedded/gcc-arm-none-eabi-4_8-2014q2/bin/../lib/gcc/arm-none-eabi/4.8.4/armv7e-m/libgcc.a(_dvmd_tls.o)
                0x08001000                __aeabi_ldiv0
                0x08001000                __aeabi_idiv0
 *fill*         0x08001004        0xc 
 .text          0x08001010      0x298 /nfs/nfs5/home/research/hardware/arm2/gcc-arm-embedded/gcc-arm-none-eabi-4_8-2014q2/bin/../lib/gcc/arm-none-eabi/4.8.4/armv7e-m/libgcc.a(_divdi3.o)
                0x08001010                __divdi3
 *fill*         0x080012a8        0x8 
 .text          0x080012b0      0x284 /nfs/nfs5/home/research/hardware/arm2/gcc-arm-embedded/gcc-arm-none-eabi-4_8-2014q2/bin/../lib/gcc/arm-none-eabi/4.8.4/armv7e-m/libgcc.a(_udivdi3.o)
                0x080012b0                __udivdi3
 *(.text.*)
 *fill*         0x08001534        0xc 
 .text.__core_init
                0x08001540       0x10 build/obj/crt1.o
                0x08001540                __core_init
 .text.__late_init
                0x08001550       0x10 build/obj/crt1.o
                0x08001550                __late_init
 .text.__default_exit
                0x08001560       0x10 build/obj/crt1.o
                0x08001560                __default_exit
 .text.__init_ram_areas
                0x08001570       0x60 build/obj/crt1.o
                0x08001570                __init_ram_areas
 .text._unhandled_exception
                0x080015d0       0x10 build/obj/vectors.o
                0x080015d0                Vector58
                0x080015d0                VectorE8
                0x080015d0                Vector9C
                0x080015d0                VectorAC
                0x080015d0                DebugMon_Handler
                0x080015d0                Vector5C
                0x080015d0                Vector11C
                0x080015d0                HardFault_Handler
                0x080015d0                Vector19C
                0x080015d0                Vector8C
                0x080015d0                SysTick_Handler
                0x080015d0                VectorDC
                0x080015d0                PendSV_Handler
                0x080015d0                Vector168
                0x080015d0                NMI_Handler
                0x080015d0                Vector110
                0x080015d0                VectorC8
                0x080015d0                Vector94
                0x080015d0                VectorA8
                0x080015d0                VectorB4
                0x080015d0                Vector160
                0x080015d0                UsageFault_Handler
                0x080015d0                VectorEC
                0x080015d0                Vector40
                0x080015d0                VectorF8
                0x080015d0                Vector108
                0x080015d0                VectorBC
                0x080015d0                Vector190
                0x080015d0                Vector150
                0x080015d0                Vector148
                0x080015d0                Vector188
                0x080015d0                Vector198
                0x080015d0                Vector118
                0x080015d0                Vector64
                0x080015d0                VectorCC
                0x080015d0                Vector54
                0x080015d0                Vector98
                0x080015d0                VectorD8
                0x080015d0                Vector138
                0x080015d0                Vector24
                0x080015d0                Vector178
                0x080015d0                VectorD0
                0x080015d0                Vector140
                0x080015d0                VectorE4
                0x080015d0                VectorC0
                0x080015d0                Vector158
                0x080015d0                VectorF0
                0x080015d0                Vector13C
                0x080015d0                Vector100
                0x080015d0                VectorE0
                0x080015d0                VectorF4
                0x080015d0                MemManage_Handler
                0x080015d0                VectorA0
                0x080015d0                VectorC4
                0x080015d0                Vector180
                0x080015d0                Vector90
                0x080015d0                Vector114
                0x080015d0                Vector164
                0x080015d0                Vector60
                0x080015d0                Vector1C
                0x080015d0                Vector17C
                0x080015d0                Vector48
                0x080015d0                Vector16C
                0x080015d0                Vector4C
                0x080015d0                Vector144
                0x080015d0                Vector15C
                0x080015d0                Vector68
                0x080015d0                _unhandled_exception
                0x080015d0                Vector170
                0x080015d0                Vector104
                0x080015d0                Vector184
                0x080015d0                Vector10C
                0x080015d0                Vector14C
                0x080015d0                BusFault_Handler
                0x080015d0                Vector50
                0x080015d0                Vector194
                0x080015d0                Vector154
                0x080015d0                Vector44
                0x080015d0                Vector28
                0x080015d0                VectorB8
                0x080015d0                Vector34
                0x080015d0                Vector20
                0x080015d0                Vector18C
                0x080015d0                Vector174
 .text._idle_thread
                0x080015e0       0x10 build/obj/chsys.o
 .text.chSysInit
                0x080015f0       0xa0 build/obj/chsys.o
                0x080015f0                chSysInit
 .text.chSysHalt
                0x08001690       0x10 build/obj/chsys.o
                0x08001690                chSysHalt
 .text.chSysTimerHandlerI
                0x080016a0       0x80 build/obj/chsys.o
                0x080016a0                chSysTimerHandlerI
 .text.chSysPolledDelayX
                0x08001720       0x20 build/obj/chsys.o
                0x08001720                chSysPolledDelayX
 .text._vt_init
                0x08001740       0x20 build/obj/chvt.o
                0x08001740                _vt_init
 .text.chVTDoSetI
                0x08001760       0x80 build/obj/chvt.o
                0x08001760                chVTDoSetI
 .text.chVTDoResetI
                0x080017e0       0x80 build/obj/chvt.o
                0x080017e0                chVTDoResetI
 .text.wakeup   0x08001860       0x70 build/obj/chschd.o
 .text._scheduler_init
                0x080018d0       0x20 build/obj/chschd.o
                0x080018d0                _scheduler_init
 .text.chSchReadyI
                0x080018f0       0x30 build/obj/chschd.o
                0x080018f0                chSchReadyI
 .text.chSchGoSleepS
                0x08001920       0x30 build/obj/chschd.o
                0x08001920                chSchGoSleepS
 .text.chSchGoSleepTimeoutS
                0x08001950       0x50 build/obj/chschd.o
                0x08001950                chSchGoSleepTimeoutS
 .text.chSchWakeupS
                0x080019a0       0x60 build/obj/chschd.o
                0x080019a0                chSchWakeupS
 .text.chSchIsPreemptionRequired
                0x08001a00       0x20 build/obj/chschd.o
                0x08001a00                chSchIsPreemptionRequired
 .text.chSchDoRescheduleBehind
                0x08001a20       0x40 build/obj/chschd.o
                0x08001a20                chSchDoRescheduleBehind
 .text.chSchDoRescheduleAhead
                0x08001a60       0x40 build/obj/chschd.o
                0x08001a60                chSchDoRescheduleAhead
 .text.chSchRescheduleS
                0x08001aa0       0x20 build/obj/chschd.o
                0x08001aa0                chSchRescheduleS
 .text.chSchDoReschedule
                0x08001ac0       0x10 build/obj/chschd.o
                0x08001ac0                chSchDoReschedule
 .text._thread_init
                0x08001ad0       0x50 build/obj/chthreads.o
                0x08001ad0                _thread_init
 .text.chThdCreateI
                0x08001b20       0x70 build/obj/chthreads.o
                0x08001b20                chThdCreateI
 .text.chThdCreateStatic
                0x08001b90       0x80 build/obj/chthreads.o
                0x08001b90                chThdCreateStatic
 .text.chThdSleep
                0x08001c10       0x20 build/obj/chthreads.o
                0x08001c10                chThdSleep
 .text.chThdYield
                0x08001c30       0x30 build/obj/chthreads.o
                0x08001c30                chThdYield
 .text.chThdExitS
                0x08001c60       0x40 build/obj/chthreads.o
                0x08001c60                chThdExitS
 .text.chThdExit
                0x08001ca0       0x10 build/obj/chthreads.o
                0x08001ca0                chThdExit
 .text.chThdWait
                0x08001cb0       0x40 build/obj/chthreads.o
                0x08001cb0                chThdWait
 .text.chThdSuspendS
                0x08001cf0       0x20 build/obj/chthreads.o
                0x08001cf0                chThdSuspendS
 .text.chThdResumeI
                0x08001d10       0x20 build/obj/chthreads.o
                0x08001d10                chThdResumeI
 .text.chThdEnqueueTimeoutS
                0x08001d30       0x30 build/obj/chthreads.o
                0x08001d30                chThdEnqueueTimeoutS
 .text.chThdDequeueNextI
                0x08001d60       0x30 build/obj/chthreads.o
                0x08001d60                chThdDequeueNextI
 .text.chTMStartMeasurementX
                0x08001d90       0x10 build/obj/chtm.o
                0x08001d90                chTMStartMeasurementX
 .text.chTMStopMeasurementX
                0x08001da0       0x50 build/obj/chtm.o
                0x08001da0                chTMStopMeasurementX
 .text._tm_init
                0x08001df0       0x40 build/obj/chtm.o
                0x08001df0                _tm_init
 .text.chThdRelease
                0x08001e30       0x50 build/obj/chdynamic.o
                0x08001e30                chThdRelease
 .text.chThdCreateFromHeap
                0x08001e80       0x40 build/obj/chdynamic.o
                0x08001e80                chThdCreateFromHeap
 .text.chSemObjectInit
                0x08001ec0       0x10 build/obj/chsem.o
                0x08001ec0                chSemObjectInit
 .text.chSemWaitS
                0x08001ed0       0x40 build/obj/chsem.o
                0x08001ed0                chSemWaitS
 .text.chSemWait
                0x08001f10       0x20 build/obj/chsem.o
                0x08001f10                chSemWait
 .text.chSemSignalI
                0x08001f30       0x20 build/obj/chsem.o
                0x08001f30                chSemSignalI
 .text.chMtxObjectInit
                0x08001f50       0x10 build/obj/chmtx.o
                0x08001f50                chMtxObjectInit
 .text.chMtxLockS
                0x08001f60       0xd0 build/obj/chmtx.o
                0x08001f60                chMtxLockS
 .text.chMtxLock
                0x08002030       0x20 build/obj/chmtx.o
                0x08002030                chMtxLock
 .text.chMtxUnlock
                0x08002050       0x70 build/obj/chmtx.o
                0x08002050                chMtxUnlock
 .text.chEvtSignalI
                0x080020c0       0x30 build/obj/chevents.o
                0x080020c0                chEvtSignalI
 .text.chEvtBroadcastFlagsI
                0x080020f0       0x30 build/obj/chevents.o
                0x080020f0                chEvtBroadcastFlagsI
 .text.chEvtDispatch
                0x08002120       0x40 build/obj/chevents.o
                0x08002120                chEvtDispatch
 .text.chEvtWaitOne
                0x08002160       0x40 build/obj/chevents.o
                0x08002160                chEvtWaitOne
 .text.chIQObjectInit
                0x080021a0       0x20 build/obj/chqueues.o
                0x080021a0                chIQObjectInit
 .text.chIQPutI
                0x080021c0       0x40 build/obj/chqueues.o
                0x080021c0                chIQPutI
 .text.chIQGetTimeout
                0x08002200       0x50 build/obj/chqueues.o
                0x08002200                chIQGetTimeout
 .text.chIQReadTimeout
                0x08002250       0x80 build/obj/chqueues.o
                0x08002250                chIQReadTimeout
 .text.chOQObjectInit
                0x080022d0       0x20 build/obj/chqueues.o
                0x080022d0                chOQObjectInit
 .text.chOQPutTimeout
                0x080022f0       0x60 build/obj/chqueues.o
                0x080022f0                chOQPutTimeout
 .text.chOQGetI
                0x08002350       0x40 build/obj/chqueues.o
                0x08002350                chOQGetI
 .text.chOQWriteTimeout
                0x08002390       0x90 build/obj/chqueues.o
                0x08002390                chOQWriteTimeout
 .text._core_init
                0x08002420       0x30 build/obj/chmemcore.o
                0x08002420                _core_init
 .text.chCoreAlloc
                0x08002450       0x40 build/obj/chmemcore.o
                0x08002450                chCoreAlloc
 .text._heap_init
                0x08002490       0x20 build/obj/chheap.o
                0x08002490                _heap_init
 .text.chHeapAlloc
                0x080024b0       0x90 build/obj/chheap.o
                0x080024b0                chHeapAlloc
 .text.chHeapFree
                0x08002540       0xa0 build/obj/chheap.o
                0x08002540                chHeapFree
 .text.chPoolFree
                0x080025e0       0x20 build/obj/chmempools.o
                0x080025e0                chPoolFree
 .text.SVC_Handler
                0x08002600       0x20 build/obj/chcore_v7m.o
                0x08002600                SVC_Handler
 .text._port_irq_epilogue
                0x08002620       0x50 build/obj/chcore_v7m.o
                0x08002620                _port_irq_epilogue
 .text.halInit  0x08002670       0x30 build/obj/hal.o
                0x08002670                halInit
 .text.stInit   0x080026a0       0x10 build/obj/st.o
                0x080026a0                stInit
 .text.stStartAlarm
                0x080026b0       0x10 build/obj/st.o
                0x080026b0                stStartAlarm
 .text.stStopAlarm
                0x080026c0       0x10 build/obj/st.o
                0x080026c0                stStopAlarm
 .text.stSetAlarm
                0x080026d0       0x10 build/obj/st.o
                0x080026d0                stSetAlarm
 .text._mmcsd_get_slice
                0x080026e0       0x50 build/obj/hal_mmcsd.o
                0x080026e0                _mmcsd_get_slice
 .text._mmcsd_get_capacity
                0x08002730       0x60 build/obj/hal_mmcsd.o
                0x08002730                _mmcsd_get_capacity
 .text.adcInit  0x08002790       0x10 build/obj/adc.o
                0x08002790                adcInit
 .text.adcObjectInit
                0x080027a0       0x20 build/obj/adc.o
                0x080027a0                adcObjectInit
 .text.adcStart
                0x080027c0       0x20 build/obj/adc.o
                0x080027c0                adcStart
 .text.adcStartConversion
                0x080027e0       0x20 build/obj/adc.o
                0x080027e0                adcStartConversion
 .text.gptInit  0x08002800       0x10 build/obj/gpt.o
                0x08002800                gptInit
 .text.gptObjectInit
                0x08002810       0x10 build/obj/gpt.o
                0x08002810                gptObjectInit
 .text.gptStart
                0x08002820       0x20 build/obj/gpt.o
                0x08002820                gptStart
 .text.gptStartContinuous
                0x08002840       0x20 build/obj/gpt.o
                0x08002840                gptStartContinuous
 .text.mmcGetInfo
                0x08002860       0x20 build/obj/mmc_spi.o
                0x08002860                mmcGetInfo
 .text.recvr1.isra.0
                0x08002880       0x30 build/obj/mmc_spi.o
 .text.wait.isra.1
                0x080028b0       0x40 build/obj/mmc_spi.o
 .text.send_hdr
                0x080028f0       0x70 build/obj/mmc_spi.o
 .text.send_command_R3
                0x08002960       0x40 build/obj/mmc_spi.o
 .text.send_command_R1
                0x080029a0       0x30 build/obj/mmc_spi.o
 .text.read_CxD
                0x080029d0       0xb0 build/obj/mmc_spi.o
 .text.mmcConnect
                0x08002a80      0x120 build/obj/mmc_spi.o
                0x08002a80                mmcConnect
 .text.sync.isra.2
                0x08002ba0       0x40 build/obj/mmc_spi.o
 .text.mmcDisconnect
                0x08002be0       0x50 build/obj/mmc_spi.o
                0x08002be0                mmcDisconnect
 .text.mmcSync  0x08002c30       0x30 build/obj/mmc_spi.o
                0x08002c30                mmcSync
 .text.mmcInit  0x08002c60       0x10 build/obj/mmc_spi.o
                0x08002c60                mmcInit
 .text.mmcObjectInit
                0x08002c70       0x20 build/obj/mmc_spi.o
                0x08002c70                mmcObjectInit
 .text.mmcStart
                0x08002c90       0x10 build/obj/mmc_spi.o
                0x08002c90                mmcStart
 .text.mmcStartSequentialRead
                0x08002ca0       0x60 build/obj/mmc_spi.o
                0x08002ca0                mmcStartSequentialRead
 .text.mmcSequentialRead
                0x08002d00       0x60 build/obj/mmc_spi.o
                0x08002d00                mmcSequentialRead
 .text.mmcStopSequentialRead
                0x08002d60       0x40 build/obj/mmc_spi.o
                0x08002d60                mmcStopSequentialRead
 .text.mmc_read
                0x08002da0       0x40 build/obj/mmc_spi.o
 .text.mmcStartSequentialWrite
                0x08002de0       0x60 build/obj/mmc_spi.o
                0x08002de0                mmcStartSequentialWrite
 .text.mmcSequentialWrite
                0x08002e40       0x80 build/obj/mmc_spi.o
                0x08002e40                mmcSequentialWrite
 .text.mmcStopSequentialWrite
                0x08002ec0       0x30 build/obj/mmc_spi.o
                0x08002ec0                mmcStopSequentialWrite
 .text.mmc_write
                0x08002ef0       0x40 build/obj/mmc_spi.o
 .text.readt    0x08002f30       0x10 build/obj/serial.o
 .text.read     0x08002f40       0x10 build/obj/serial.o
 .text.writet   0x08002f50       0x10 build/obj/serial.o
 .text.write    0x08002f60       0x10 build/obj/serial.o
 .text.gett     0x08002f70       0x10 build/obj/serial.o
 .text.get      0x08002f80       0x10 build/obj/serial.o
 .text.putt     0x08002f90       0x10 build/obj/serial.o
 .text.put      0x08002fa0       0x10 build/obj/serial.o
 .text.sdInit   0x08002fb0       0x10 build/obj/serial.o
                0x08002fb0                sdInit
 .text.sdObjectInit
                0x08002fc0       0x40 build/obj/serial.o
                0x08002fc0                sdObjectInit
 .text.sdStart  0x08003000       0x20 build/obj/serial.o
                0x08003000                sdStart
 .text.sdIncomingDataI
                0x08003020       0x40 build/obj/serial.o
                0x08003020                sdIncomingDataI
 .text.spiInit  0x08003060       0x10 build/obj/spi.o
                0x08003060                spiInit
 .text.spiObjectInit
                0x08003070       0x10 build/obj/spi.o
                0x08003070                spiObjectInit
 .text.spiStart
                0x08003080       0x20 build/obj/spi.o
                0x08003080                spiStart
 .text.spiStop  0x080030a0       0x20 build/obj/spi.o
                0x080030a0                spiStop
 .text.spiSelect
                0x080030c0       0x20 build/obj/spi.o
                0x080030c0                spiSelect
 .text.spiUnselect
                0x080030e0       0x20 build/obj/spi.o
                0x080030e0                spiUnselect
 .text.spiIgnore
                0x08003100       0x30 build/obj/spi.o
                0x08003100                spiIgnore
 .text.spiSend  0x08003130       0x30 build/obj/spi.o
                0x08003130                spiSend
 .text.spiReceive
                0x08003160       0x30 build/obj/spi.o
                0x08003160                spiReceive
 .text.nvicEnableVector
                0x08003190       0x40 build/obj/nvic.o
                0x08003190                nvicEnableVector
 .text.nvicDisableVector
                0x080031d0       0x30 build/obj/nvic.o
                0x080031d0                nvicDisableVector
 .text.hal_lld_init
                0x08003200       0x80 build/obj/hal_lld.o
                0x08003200                hal_lld_init
 .text.stm32_clock_init
                0x08003280       0xa0 build/obj/hal_lld.o
                0x08003280                stm32_clock_init
 .text.Vector6C
                0x08003320       0x30 build/obj/stm32_dma.o
                0x08003320                Vector6C
 .text.Vector70
                0x08003350       0x30 build/obj/stm32_dma.o
                0x08003350                Vector70
 .text.Vector74
                0x08003380       0x30 build/obj/stm32_dma.o
                0x08003380                Vector74
 .text.Vector78
                0x080033b0       0x30 build/obj/stm32_dma.o
                0x080033b0                Vector78
 .text.Vector7C
                0x080033e0       0x30 build/obj/stm32_dma.o
                0x080033e0                Vector7C
 .text.Vector80
                0x08003410       0x30 build/obj/stm32_dma.o
                0x08003410                Vector80
 .text.Vector84
                0x08003440       0x30 build/obj/stm32_dma.o
                0x08003440                Vector84
 .text.Vector120
                0x08003470       0x30 build/obj/stm32_dma.o
                0x08003470                Vector120
 .text.Vector124
                0x080034a0       0x30 build/obj/stm32_dma.o
                0x080034a0                Vector124
 .text.Vector128
                0x080034d0       0x30 build/obj/stm32_dma.o
                0x080034d0                Vector128
 .text.Vector12C
                0x08003500       0x30 build/obj/stm32_dma.o
                0x08003500                Vector12C
 .text.Vector130
                0x08003530       0x30 build/obj/stm32_dma.o
                0x08003530                Vector130
 .text.dmaInit  0x08003560       0x50 build/obj/stm32_dma.o
                0x08003560                dmaInit
 .text.dmaStreamAllocate
                0x080035b0       0xa0 build/obj/stm32_dma.o
                0x080035b0                dmaStreamAllocate
 .text.dmaStreamRelease
                0x08003650       0x60 build/obj/stm32_dma.o
                0x08003650                dmaStreamRelease
 .text.VectorB0
                0x080036b0       0x30 build/obj/st_lld.o
                0x080036b0                VectorB0
 .text.st_lld_init
                0x080036e0       0x50 build/obj/st_lld.o
                0x080036e0                st_lld_init
 .text.adc_lld_init
                0x08003730      0x120 build/obj/adc_lld.o
                0x08003730                adc_lld_init
 .text.adc_lld_start
                0x08003850      0x120 build/obj/adc_lld.o
                0x08003850                adc_lld_start
 .text.adc_lld_start_conversion
                0x08003970       0x90 build/obj/adc_lld.o
                0x08003970                adc_lld_start_conversion
 .text.adc_lld_stop_conversion
                0x08003a00       0x40 build/obj/adc_lld.o
                0x08003a00                adc_lld_stop_conversion
 .text.adc_lld_serve_interrupt
                0x08003a40      0x120 build/obj/adc_lld.o
 .text.Vector88
                0x08003b60       0x30 build/obj/adc_lld.o
                0x08003b60                Vector88
 .text.VectorFC
                0x08003b90       0x20 build/obj/adc_lld.o
                0x08003b90                VectorFC
 .text.Vector134
                0x08003bb0       0x20 build/obj/adc_lld.o
                0x08003bb0                Vector134
 .text.adc_lld_serve_dma_interrupt
                0x08003bd0       0xd0 build/obj/adc_lld.o
 .text._pal_lld_init
                0x08003ca0      0x100 build/obj/pal_lld.o
                0x08003ca0                _pal_lld_init
 .text._pal_lld_setgroupmode
                0x08003da0       0xd0 build/obj/pal_lld.o
                0x08003da0                _pal_lld_setgroupmode
 .text.spi_lld_serve_tx_interrupt
                0x08003e70       0x10 build/obj/spi_lld.o
 .text.spi_lld_serve_rx_interrupt
                0x08003e80       0x80 build/obj/spi_lld.o
 .text.spi_lld_init
                0x08003f00       0x60 build/obj/spi_lld.o
                0x08003f00                spi_lld_init
 .text.spi_lld_start
                0x08003f60       0xe0 build/obj/spi_lld.o
                0x08003f60                spi_lld_start
 .text.spi_lld_stop
                0x08004040       0x50 build/obj/spi_lld.o
                0x08004040                spi_lld_stop
 .text.spi_lld_select
                0x08004090       0x20 build/obj/spi_lld.o
                0x08004090                spi_lld_select
 .text.spi_lld_unselect
                0x080040b0       0x20 build/obj/spi_lld.o
                0x080040b0                spi_lld_unselect
 .text.spi_lld_ignore
                0x080040d0       0x40 build/obj/spi_lld.o
                0x080040d0                spi_lld_ignore
 .text.spi_lld_send
                0x08004110       0x40 build/obj/spi_lld.o
                0x08004110                spi_lld_send
 .text.spi_lld_receive
                0x08004150       0x40 build/obj/spi_lld.o
                0x08004150                spi_lld_receive
 .text.gpt_lld_init
                0x08004190       0x20 build/obj/gpt_lld.o
                0x08004190                gpt_lld_init
 .text.gpt_lld_start
                0x080041b0       0x70 build/obj/gpt_lld.o
                0x080041b0                gpt_lld_start
 .text.gpt_lld_start_timer
                0x08004220       0x30 build/obj/gpt_lld.o
                0x08004220                gpt_lld_start_timer
 .text.gpt_lld_serve_interrupt
                0x08004250       0x30 build/obj/gpt_lld.o
                0x08004250                gpt_lld_serve_interrupt
 .text.VectorA4
                0x08004280       0x20 build/obj/gpt_lld.o
                0x08004280                VectorA4
 .text.notify1  0x080042a0       0x10 build/obj/serial_lld.o
 .text.VectorD4
                0x080042b0      0x100 build/obj/serial_lld.o
                0x080042b0                VectorD4
 .text.sd_lld_init
                0x080043b0       0x40 build/obj/serial_lld.o
                0x080043b0                sd_lld_init
 .text.sd_lld_start
                0x080043f0       0x60 build/obj/serial_lld.o
                0x080043f0                sd_lld_start
 .text.__early_init
                0x08004450       0x10 build/obj/board.o
                0x08004450                __early_init
 .text.mmc_lld_is_card_inserted
                0x08004460       0x10 build/obj/board.o
                0x08004460                mmc_lld_is_card_inserted
 .text.mmc_lld_is_write_protected
                0x08004470       0x10 build/obj/board.o
                0x08004470                mmc_lld_is_write_protected
 .text.boardInit
                0x08004480       0x10 build/obj/board.o
                0x08004480                boardInit
 .text.cmd_systime
                0x08004490       0x30 build/obj/shell.o
 .text.cmd_info
                0x080044c0       0xc0 build/obj/shell.o
 .text._strtok.constprop.2
                0x08004580       0x40 build/obj/shell.o
 .text.shellInit
                0x080045c0       0x10 build/obj/shell.o
                0x080045c0                shellInit
 .text.shellExit
                0x080045d0       0x20 build/obj/shell.o
                0x080045d0                shellExit
 .text.shellCreate
                0x080045f0       0x20 build/obj/shell.o
                0x080045f0                shellCreate
 .text.shellGetLine
                0x08004610       0xa0 build/obj/shell.o
                0x08004610                shellGetLine
 .text.shell_thread
                0x080046b0      0x1a0 build/obj/shell.o
 .text._sbrk_r  0x08004850       0x20 build/obj/syscalls.o
                0x08004850                _sbrk_r
 .text.long_to_string_with_divisor.constprop.0
                0x08004870       0x50 build/obj/chprintf.o
 .text.chvprintf
                0x080048c0      0x280 build/obj/chprintf.o
                0x080048c0                chvprintf
 .text.chprintf
                0x08004b40       0x20 build/obj/chprintf.o
                0x08004b40                chprintf
 .text.get_ldnumber
                0x08004b60       0x50 build/obj/ff.o
 .text.validate
                0x08004bb0       0x30 build/obj/ff.o
 .text.sync_window.part.3
                0x08004be0       0x50 build/obj/ff.o
 .text.sync_fs  0x08004c30       0xe0 build/obj/ff.o
 .text.move_window
                0x08004d10       0x40 build/obj/ff.o
 .text.check_fs
                0x08004d50       0x90 build/obj/ff.o
 .text.find_volume
                0x08004de0      0x330 build/obj/ff.o
 .text.get_fat.part.6
                0x08005110       0xd0 build/obj/ff.o
 .text.dir_sdi  0x080051e0       0xa0 build/obj/ff.o
 .text.put_fat.part.8
                0x08005280      0x100 build/obj/ff.o
 .text.create_chain
                0x08005380       0xd0 build/obj/ff.o
 .text.dir_next
                0x08005450      0x140 build/obj/ff.o
 .text.follow_path
                0x08005590      0x200 build/obj/ff.o
 .text.remove_chain.part.10
                0x08005790       0x60 build/obj/ff.o
 .text.dir_register
                0x080057f0       0x70 build/obj/ff.o
 .text.f_mount  0x08005860       0x60 build/obj/ff.o
                0x08005860                f_mount
 .text.f_open   0x080058c0      0x180 build/obj/ff.o
                0x080058c0                f_open
 .text.f_write  0x08005a40      0x1d0 build/obj/ff.o
                0x08005a40                f_write
 .text.f_sync   0x08005c10       0xb0 build/obj/ff.o
                0x08005c10                f_sync
 .text.f_close  0x08005cc0       0x20 build/obj/ff.o
                0x08005cc0                f_close
 .text.f_lseek  0x08005ce0      0x170 build/obj/ff.o
                0x08005ce0                f_lseek
 .text.disk_initialize
                0x08005e50       0x30 build/obj/fatfs_diskio.o
                0x08005e50                disk_initialize
 .text.disk_status
                0x08005e80       0x30 build/obj/fatfs_diskio.o
                0x08005e80                disk_status
 .text.disk_read
                0x08005eb0       0x60 build/obj/fatfs_diskio.o
                0x08005eb0                disk_read
 .text.disk_write
                0x08005f10       0x70 build/obj/fatfs_diskio.o
                0x08005f10                disk_write
 .text.disk_ioctl
                0x08005f80       0x20 build/obj/fatfs_diskio.o
                0x08005f80                disk_ioctl
 .text.get_fattime
                0x08005fa0       0x10 build/obj/fatfs_diskio.o
                0x08005fa0                get_fattime
 .text.termination_handler
                0x08005fb0       0x50 build/obj/main.o
 .text.counterThread
                0x08006000       0x30 build/obj/main.o
 .text.collector
                0x08006030      0x130 build/obj/main.o
 .text.init_mmc
                0x08006160       0x80 build/obj/main.o
                0x08006160                init_mmc
 .text.appendToCard
                0x080061e0       0xa0 build/obj/main.o
                0x080061e0                appendToCard
 .text.printerThread
                0x08006280      0x110 build/obj/main.o
 .text.initSDcard
                0x08006390       0x50 build/obj/main.o
                0x08006390                initSDcard
 .text.startup.main
                0x080063e0      0x170 build/obj/main.o
                0x080063e0                main
 .text.memset   0x08006550       0x94 /nfs/nfs5/home/research/hardware/arm2/gcc-arm-embedded/gcc-arm-none-eabi-4_8-2014q2/bin/../lib/gcc/arm-none-eabi/4.8.4/../../../../arm-none-eabi/lib/armv7e-m/libg.a(lib_a-memset.o)
                0x08006550                memset
 *fill*         0x080065e4        0xc 
 .text.sprintf  0x080065f0       0x4c /nfs/nfs5/home/research/hardware/arm2/gcc-arm-embedded/gcc-arm-none-eabi-4_8-2014q2/bin/../lib/gcc/arm-none-eabi/4.8.4/../../../../arm-none-eabi/lib/armv7e-m/libg.a(lib_a-sprintf.o)
                0x080065f0                sprintf
 *fill*         0x0800663c        0x4 
 .text.strpbrk  0x08006640       0x50 /nfs/nfs5/home/research/hardware/arm2/gcc-arm-embedded/gcc-arm-none-eabi-4_8-2014q2/bin/../lib/gcc/arm-none-eabi/4.8.4/../../../../arm-none-eabi/lib/armv7e-m/libg.a(lib_a-strpbrk.o)
                0x08006640                strpbrk
 .text.strspn   0x08006690       0x40 /nfs/nfs5/home/research/hardware/arm2/gcc-arm-embedded/gcc-arm-none-eabi-4_8-2014q2/bin/../lib/gcc/arm-none-eabi/4.8.4/../../../../arm-none-eabi/lib/armv7e-m/libg.a(lib_a-strspn.o)
                0x08006690                strspn
 .text._svfprintf_r
                0x080066d0     0x14f8 /nfs/nfs5/home/research/hardware/arm2/gcc-arm-embedded/gcc-arm-none-eabi-4_8-2014q2/bin/../lib/gcc/arm-none-eabi/4.8.4/../../../../arm-none-eabi/lib/armv7e-m/libg.a(lib_a-svfprintf.o)
                0x080066d0                _svfprintf_r
 *fill*         0x08007bc8        0x8 
 .text.quorem   0x08007bd0      0x130 /nfs/nfs5/home/research/hardware/arm2/gcc-arm-embedded/gcc-arm-none-eabi-4_8-2014q2/bin/../lib/gcc/arm-none-eabi/4.8.4/../../../../arm-none-eabi/lib/armv7e-m/libg.a(lib_a-dtoa.o)
 .text._dtoa_r  0x08007d00      0xe38 /nfs/nfs5/home/research/hardware/arm2/gcc-arm-embedded/gcc-arm-none-eabi-4_8-2014q2/bin/../lib/gcc/arm-none-eabi/4.8.4/../../../../arm-none-eabi/lib/armv7e-m/libg.a(lib_a-dtoa.o)
                0x08007d00                _dtoa_r
 *fill*         0x08008b38        0x8 
 .text._localeconv_r
                0x08008b40        0x8 /nfs/nfs5/home/research/hardware/arm2/gcc-arm-embedded/gcc-arm-none-eabi-4_8-2014q2/bin/../lib/gcc/arm-none-eabi/4.8.4/../../../../arm-none-eabi/lib/armv7e-m/libg.a(lib_a-locale.o)
                0x08008b40                _localeconv_r
 *fill*         0x08008b48        0x8 
 .text._malloc_r
                0x08008b50      0x538 /nfs/nfs5/home/research/hardware/arm2/gcc-arm-embedded/gcc-arm-none-eabi-4_8-2014q2/bin/../lib/gcc/arm-none-eabi/4.8.4/../../../../arm-none-eabi/lib/armv7e-m/libg.a(lib_a-mallocr.o)
                0x08008b50                _malloc_r
 *fill*         0x08009088        0x8 
 .text.memchr   0x08009090       0x90 /nfs/nfs5/home/research/hardware/arm2/gcc-arm-embedded/gcc-arm-none-eabi-4_8-2014q2/bin/../lib/gcc/arm-none-eabi/4.8.4/../../../../arm-none-eabi/lib/armv7e-m/libg.a(lib_a-memchr-stub.o)
                0x08009090                memchr
 .text.__malloc_lock
                0x08009120        0x4 /nfs/nfs5/home/research/hardware/arm2/gcc-arm-embedded/gcc-arm-none-eabi-4_8-2014q2/bin/../lib/gcc/arm-none-eabi/4.8.4/../../../../arm-none-eabi/lib/armv7e-m/libg.a(lib_a-mlock.o)
                0x08009120                __malloc_lock
 *fill*         0x08009124        0xc 
 .text.__malloc_unlock
                0x08009130        0x4 /nfs/nfs5/home/research/hardware/arm2/gcc-arm-embedded/gcc-arm-none-eabi-4_8-2014q2/bin/../lib/gcc/arm-none-eabi/4.8.4/../../../../arm-none-eabi/lib/armv7e-m/libg.a(lib_a-mlock.o)
                0x08009130                __malloc_unlock
 *fill*         0x08009134        0xc 
 .text._Balloc  0x08009140       0x4c /nfs/nfs5/home/research/hardware/arm2/gcc-arm-embedded/gcc-arm-none-eabi-4_8-2014q2/bin/../lib/gcc/arm-none-eabi/4.8.4/../../../../arm-none-eabi/lib/armv7e-m/libg.a(lib_a-mprec.o)
                0x08009140                _Balloc
 *fill*         0x0800918c        0x4 
 .text._Bfree   0x08009190       0x14 /nfs/nfs5/home/research/hardware/arm2/gcc-arm-embedded/gcc-arm-none-eabi-4_8-2014q2/bin/../lib/gcc/arm-none-eabi/4.8.4/../../../../arm-none-eabi/lib/armv7e-m/libg.a(lib_a-mprec.o)
                0x08009190                _Bfree
 *fill*         0x080091a4        0xc 
 .text.__multadd
                0x080091b0       0x98 /nfs/nfs5/home/research/hardware/arm2/gcc-arm-embedded/gcc-arm-none-eabi-4_8-2014q2/bin/../lib/gcc/arm-none-eabi/4.8.4/../../../../arm-none-eabi/lib/armv7e-m/libg.a(lib_a-mprec.o)
                0x080091b0                __multadd
 *fill*         0x08009248        0x8 
 .text.__hi0bits
                0x08009250       0x40 /nfs/nfs5/home/research/hardware/arm2/gcc-arm-embedded/gcc-arm-none-eabi-4_8-2014q2/bin/../lib/gcc/arm-none-eabi/4.8.4/../../../../arm-none-eabi/lib/armv7e-m/libg.a(lib_a-mprec.o)
                0x08009250                __hi0bits
 .text.__lo0bits
                0x08009290       0x5c /nfs/nfs5/home/research/hardware/arm2/gcc-arm-embedded/gcc-arm-none-eabi-4_8-2014q2/bin/../lib/gcc/arm-none-eabi/4.8.4/../../../../arm-none-eabi/lib/armv7e-m/libg.a(lib_a-mprec.o)
                0x08009290                __lo0bits
 *fill*         0x080092ec        0x4 
 .text.__i2b    0x080092f0       0x14 /nfs/nfs5/home/research/hardware/arm2/gcc-arm-embedded/gcc-arm-none-eabi-4_8-2014q2/bin/../lib/gcc/arm-none-eabi/4.8.4/../../../../arm-none-eabi/lib/armv7e-m/libg.a(lib_a-mprec.o)
                0x080092f0                __i2b
 *fill*         0x08009304        0xc 
 .text.__multiply
                0x08009310      0x13c /nfs/nfs5/home/research/hardware/arm2/gcc-arm-embedded/gcc-arm-none-eabi-4_8-2014q2/bin/../lib/gcc/arm-none-eabi/4.8.4/../../../../arm-none-eabi/lib/armv7e-m/libg.a(lib_a-mprec.o)
                0x08009310                __multiply
 *fill*         0x0800944c        0x4 
 .text.__pow5mult
                0x08009450       0x9c /nfs/nfs5/home/research/hardware/arm2/gcc-arm-embedded/gcc-arm-none-eabi-4_8-2014q2/bin/../lib/gcc/arm-none-eabi/4.8.4/../../../../arm-none-eabi/lib/armv7e-m/libg.a(lib_a-mprec.o)
                0x08009450                __pow5mult
 *fill*         0x080094ec        0x4 
 .text.__lshift
                0x080094f0       0xbc /nfs/nfs5/home/research/hardware/arm2/gcc-arm-embedded/gcc-arm-none-eabi-4_8-2014q2/bin/../lib/gcc/arm-none-eabi/4.8.4/../../../../arm-none-eabi/lib/armv7e-m/libg.a(lib_a-mprec.o)
                0x080094f0                __lshift
 *fill*         0x080095ac        0x4 
 .text.__mcmp   0x080095b0       0x48 /nfs/nfs5/home/research/hardware/arm2/gcc-arm-embedded/gcc-arm-none-eabi-4_8-2014q2/bin/../lib/gcc/arm-none-eabi/4.8.4/../../../../arm-none-eabi/lib/armv7e-m/libg.a(lib_a-mprec.o)
                0x080095b0                __mcmp
 *fill*         0x080095f8        0x8 
 .text.__mdiff  0x08009600       0xd4 /nfs/nfs5/home/research/hardware/arm2/gcc-arm-embedded/gcc-arm-none-eabi-4_8-2014q2/bin/../lib/gcc/arm-none-eabi/4.8.4/../../../../arm-none-eabi/lib/armv7e-m/libg.a(lib_a-mprec.o)
                0x08009600                __mdiff
 *fill*         0x080096d4        0xc 
 .text.__d2b    0x080096e0       0xbc /nfs/nfs5/home/research/hardware/arm2/gcc-arm-embedded/gcc-arm-none-eabi-4_8-2014q2/bin/../lib/gcc/arm-none-eabi/4.8.4/../../../../arm-none-eabi/lib/armv7e-m/libg.a(lib_a-mprec.o)
                0x080096e0                __d2b
 *fill*         0x0800979c        0x4 
 .text.__fpclassifyd
                0x080097a0       0x50 /nfs/nfs5/home/research/hardware/arm2/gcc-arm-embedded/gcc-arm-none-eabi-4_8-2014q2/bin/../lib/gcc/arm-none-eabi/4.8.4/../../../../arm-none-eabi/lib/armv7e-m/libg.a(lib_a-s_fpclassify.o)
                0x080097a0                __fpclassifyd
 .text.strlen   0x080097f0       0x60 /nfs/nfs5/home/research/hardware/arm2/gcc-arm-embedded/gcc-arm-none-eabi-4_8-2014q2/bin/../lib/gcc/arm-none-eabi/4.8.4/../../../../arm-none-eabi/lib/armv7e-m/libg.a(lib_a-strlen.o)
                0x080097f0                strlen
 .text.__ssprint_r
                0x08009850      0x100 /nfs/nfs5/home/research/hardware/arm2/gcc-arm-embedded/gcc-arm-none-eabi-4_8-2014q2/bin/../lib/gcc/arm-none-eabi/4.8.4/../../../../arm-none-eabi/lib/armv7e-m/libg.a(lib_a-svfiprintf.o)
                0x08009850                __ssprint_r
 .text._calloc_r
                0x08009950       0x60 /nfs/nfs5/home/research/hardware/arm2/gcc-arm-embedded/gcc-arm-none-eabi-4_8-2014q2/bin/../lib/gcc/arm-none-eabi/4.8.4/../../../../arm-none-eabi/lib/armv7e-m/libg.a(lib_a-callocr.o)
                0x08009950                _calloc_r
 .text._malloc_trim_r
                0x080099b0       0x9c /nfs/nfs5/home/research/hardware/arm2/gcc-arm-embedded/gcc-arm-none-eabi-4_8-2014q2/bin/../lib/gcc/arm-none-eabi/4.8.4/../../../../arm-none-eabi/lib/armv7e-m/libg.a(lib_a-freer.o)
                0x080099b0                _malloc_trim_r
 *fill*         0x08009a4c        0x4 
 .text._free_r  0x08009a50      0x19c /nfs/nfs5/home/research/hardware/arm2/gcc-arm-embedded/gcc-arm-none-eabi-4_8-2014q2/bin/../lib/gcc/arm-none-eabi/4.8.4/../../../../arm-none-eabi/lib/armv7e-m/libg.a(lib_a-freer.o)
                0x08009a50                _free_r
 *fill*         0x08009bec        0x4 
 .text.memmove  0x08009bf0       0xc0 /nfs/nfs5/home/research/hardware/arm2/gcc-arm-embedded/gcc-arm-none-eabi-4_8-2014q2/bin/../lib/gcc/arm-none-eabi/4.8.4/../../../../arm-none-eabi/lib/armv7e-m/libg.a(lib_a-memmove.o)
                0x08009bf0                memmove
 .text._realloc_r
                0x08009cb0      0x3cc /nfs/nfs5/home/research/hardware/arm2/gcc-arm-embedded/gcc-arm-none-eabi-4_8-2014q2/bin/../lib/gcc/arm-none-eabi/4.8.4/../../../../arm-none-eabi/lib/armv7e-m/libg.a(lib_a-reallocr.o)
                0x08009cb0                _realloc_r
 *(.rodata)
 *(.rodata.*)
 *fill*         0x0800a07c        0x4 
 .rodata.ram_areas
                0x0800a080       0x80 build/obj/crt1.o
 .rodata.str1.4
                0x0800a100        0x5 build/obj/chsys.o
                                  0x8 (size before relaxing)
 *fill*         0x0800a105        0xb 
 .rodata.ch_debug
                0x0800a110       0x18 build/obj/chregistry.o
                0x0800a110                ch_debug
 *fill*         0x0800a128        0x8 
 .rodata.start.7945
                0x0800a130        0x4 build/obj/mmc_spi.o
 *fill*         0x0800a134        0xc 
 .rodata.crc7_lookup_table
                0x0800a140      0x100 build/obj/mmc_spi.o
 .rodata.stopcmd.7934
                0x0800a240        0x8 build/obj/mmc_spi.o
 *fill*         0x0800a248        0x8 
 .rodata.stop.7951
                0x0800a250        0x4 build/obj/mmc_spi.o
 *fill*         0x0800a254        0xc 
 .rodata.mmc_vmt
                0x0800a260       0x20 build/obj/mmc_spi.o
 .rodata.vmt    0x0800a280       0x20 build/obj/serial.o
 .rodata._stm32_dma_streams
                0x0800a2a0       0xf0 build/obj/stm32_dma.o
                0x0800a2a0                _stm32_dma_streams
 .rodata.default_config
                0x0800a390        0x4 build/obj/adc_lld.o
 *fill*         0x0800a394        0xc 
 .rodata.dummytx
                0x0800a3a0        0x2 build/obj/spi_lld.o
 *fill*         0x0800a3a2        0xe 
 .rodata.str1.4
                0x0800a3b0        0xc build/obj/spi_lld.o
 *fill*         0x0800a3bc        0x4 
 .rodata.default_config
                0x0800a3c0       0x10 build/obj/serial_lld.o
 .rodata.pal_default_config
                0x0800a3d0       0xa8 build/obj/board.o
                0x0800a3d0                pal_default_config
 *fill*         0x0800a478        0x8 
 .rodata.str1.4
                0x0800a480      0x231 build/obj/shell.o
                                0x238 (size before relaxing)
 *fill*         0x0800a6b1        0xf 
 .rodata.str1.4
                0x0800a6c0        0x7 build/obj/chprintf.o
                                  0x8 (size before relaxing)
 *fill*         0x0800a6c7        0x9 
 .rodata.str1.4
                0x0800a6d0        0xf build/obj/ff.o
                                 0x10 (size before relaxing)
 *fill*         0x0800a6df        0x1 
 .rodata.ExCvt  0x0800a6e0       0x80 build/obj/ff.o
 .rodata.adcgrpcfg
                0x0800a760       0x2c build/obj/main.o
 *fill*         0x0800a78c        0x4 
 .rodata.commands
                0x0800a790        0x8 build/obj/main.o
 *fill*         0x0800a798        0x8 
 .rodata.lowSdcSpiConfig
                0x0800a7a0       0x10 build/obj/main.o
 .rodata.str1.4
                0x0800a7b0       0xf1 build/obj/main.o
                                 0xf8 (size before relaxing)
 *fill*         0x0800a8a1        0xf 
 .rodata.mmcConfig
                0x0800a8b0        0xc build/obj/main.o
 *fill*         0x0800a8bc        0x4 
 .rodata.highSdcSpiConfig
                0x0800a8c0       0x10 build/obj/main.o
 .rodata.shell_cfg1
                0x0800a8d0        0x8 build/obj/main.o
 *fill*         0x0800a8d8        0x8 
 .rodata.zeroes.6763
                0x0800a8e0       0x10 /nfs/nfs5/home/research/hardware/arm2/gcc-arm-embedded/gcc-arm-none-eabi-4_8-2014q2/bin/../lib/gcc/arm-none-eabi/4.8.4/../../../../arm-none-eabi/lib/armv7e-m/libg.a(lib_a-svfprintf.o)
 .rodata.str1.4
                0x0800a8f0       0x35 /nfs/nfs5/home/research/hardware/arm2/gcc-arm-embedded/gcc-arm-none-eabi-4_8-2014q2/bin/../lib/gcc/arm-none-eabi/4.8.4/../../../../arm-none-eabi/lib/armv7e-m/libg.a(lib_a-svfprintf.o)
                                 0x44 (size before relaxing)
 *fill*         0x0800a925        0xb 
 .rodata.blanks.6762
                0x0800a930       0x10 /nfs/nfs5/home/research/hardware/arm2/gcc-arm-embedded/gcc-arm-none-eabi-4_8-2014q2/bin/../lib/gcc/arm-none-eabi/4.8.4/../../../../arm-none-eabi/lib/armv7e-m/libg.a(lib_a-svfprintf.o)
 .rodata.str1.4
                0x0800a940       0x10 /nfs/nfs5/home/research/hardware/arm2/gcc-arm-embedded/gcc-arm-none-eabi-4_8-2014q2/bin/../lib/gcc/arm-none-eabi/4.8.4/../../../../arm-none-eabi/lib/armv7e-m/libg.a(lib_a-dtoa.o)
                                 0x14 (size before relaxing)
 .rodata.str1.4
                0x0800a950        0x2 /nfs/nfs5/home/research/hardware/arm2/gcc-arm-embedded/gcc-arm-none-eabi-4_8-2014q2/bin/../lib/gcc/arm-none-eabi/4.8.4/../../../../arm-none-eabi/lib/armv7e-m/libg.a(lib_a-impure.o)
                                  0x4 (size before relaxing)
 *fill*         0x0800a952        0xe 
 .rodata.str1.4
                0x0800a960        0xc /nfs/nfs5/home/research/hardware/arm2/gcc-arm-embedded/gcc-arm-none-eabi-4_8-2014q2/bin/../lib/gcc/arm-none-eabi/4.8.4/../../../../arm-none-eabi/lib/armv7e-m/libg.a(lib_a-locale.o)
                                 0x14 (size before relaxing)
 *fill*         0x0800a96c        0x4 
 .rodata.__mprec_tens
                0x0800a970       0xc8 /nfs/nfs5/home/research/hardware/arm2/gcc-arm-embedded/gcc-arm-none-eabi-4_8-2014q2/bin/../lib/gcc/arm-none-eabi/4.8.4/../../../../arm-none-eabi/lib/armv7e-m/libg.a(lib_a-mprec.o)
                0x0800a970                __mprec_tens
 *fill*         0x0800aa38        0x8 
 .rodata.__mprec_bigtens
                0x0800aa40       0x28 /nfs/nfs5/home/research/hardware/arm2/gcc-arm-embedded/gcc-arm-none-eabi-4_8-2014q2/bin/../lib/gcc/arm-none-eabi/4.8.4/../../../../arm-none-eabi/lib/armv7e-m/libg.a(lib_a-mprec.o)
                0x0800aa40                __mprec_bigtens
 *fill*         0x0800aa68        0x8 
 .rodata.p05.5269
                0x0800aa70        0xc /nfs/nfs5/home/research/hardware/arm2/gcc-arm-embedded/gcc-arm-none-eabi-4_8-2014q2/bin/../lib/gcc/arm-none-eabi/4.8.4/../../../../arm-none-eabi/lib/armv7e-m/libg.a(lib_a-mprec.o)
 *(.glue_7t)
 .glue_7t       0x00000000        0x0 linker stubs
 *(.glue_7)
 .glue_7        0x00000000        0x0 linker stubs
 *(.gcc*)

.vfp11_veneer   0x0800aa7c        0x0
 .vfp11_veneer  0x00000000        0x0 linker stubs

.v4_bx          0x0800aa7c        0x0
 .v4_bx         0x00000000        0x0 linker stubs

.iplt           0x0800aa7c        0x0
 .iplt          0x00000000        0x0 build/obj/crt0_v7m.o

.ARM.extab
 *(.ARM.extab* .gnu.linkonce.armextab.*)

.ARM.exidx      0x0800aa7c        0x8
                0x0800aa7c                __exidx_start = .
 *(.ARM.exidx* .gnu.linkonce.armexidx.*)
 .ARM.exidx     0x0800aa7c        0x8 /nfs/nfs5/home/research/hardware/arm2/gcc-arm-embedded/gcc-arm-none-eabi-4_8-2014q2/bin/../lib/gcc/arm-none-eabi/4.8.4/armv7e-m/libgcc.a(_divdi3.o)
 .ARM.exidx     0x0800aa84        0x0 /nfs/nfs5/home/research/hardware/arm2/gcc-arm-embedded/gcc-arm-none-eabi-4_8-2014q2/bin/../lib/gcc/arm-none-eabi/4.8.4/armv7e-m/libgcc.a(_udivdi3.o)
                                  0x8 (size before relaxing)
                0x0800aa84                __exidx_end = .

.rel.dyn        0x0800aa84        0x0
 .rel.iplt      0x00000000        0x0 build/obj/crt0_v7m.o

.eh_frame_hdr
 *(.eh_frame_hdr)

.eh_frame
 *(.eh_frame)

.textalign      0x0800aa84        0x4
                0x0800aa88                . = ALIGN (0x8)
 *fill*         0x0800aa84        0x4 
                0x0800aa88                . = ALIGN (0x4)
                0x0800aa88                PROVIDE (_etext, .)

.mstack         0x20000000      0x400
                0x20000000                . = ALIGN (0x8)
                0x20000000                __main_stack_base__ = .
                0x20000400                . = (. + __main_stack_size__)
 *fill*         0x20000000      0x400 
                0x20000400                . = ALIGN (0x8)
                0x20000400                __main_stack_end__ = .

.pstack         0x20000400      0x400
                0x20000400                __process_stack_base__ = .
                0x20000400                __main_thread_stack_base__ = .
                0x20000800                . = (. + __process_stack_size__)
 *fill*         0x20000400      0x400 
                0x20000800                . = ALIGN (0x8)
                0x20000800                __process_stack_end__ = .
                0x20000800                __main_thread_stack_end__ = .

.data           0x20000800      0x8a4 load address 0x0800aa88
                0x20000800                . = ALIGN (0x4)
                0x0800aa88                PROVIDE (_textdata, LOADADDR (.data))
                0x20000800                PROVIDE (_data, .)
                0x0800aa88                _textdata_start = LOADADDR (.data)
                0x20000800                _data_start = .
 *(.data)
 *(.data.*)
 .data.local_commands
                0x20000800       0x18 build/obj/shell.o
 .data.gpt_adc_config
                0x20000818       0x10 build/obj/main.o
 .data.fhandlers
                0x20000828        0x4 build/obj/main.o
 *fill*         0x2000082c        0x4 
 .data.impure_data
                0x20000830      0x428 /nfs/nfs5/home/research/hardware/arm2/gcc-arm-embedded/gcc-arm-none-eabi-4_8-2014q2/bin/../lib/gcc/arm-none-eabi/4.8.4/../../../../arm-none-eabi/lib/armv7e-m/libg.a(lib_a-impure.o)
 .data._impure_ptr
                0x20000c58        0x4 /nfs/nfs5/home/research/hardware/arm2/gcc-arm-embedded/gcc-arm-none-eabi-4_8-2014q2/bin/../lib/gcc/arm-none-eabi/4.8.4/../../../../arm-none-eabi/lib/armv7e-m/libg.a(lib_a-impure.o)
                0x20000c58                _impure_ptr
 .data.lconv    0x20000c5c       0x38 /nfs/nfs5/home/research/hardware/arm2/gcc-arm-embedded/gcc-arm-none-eabi-4_8-2014q2/bin/../lib/gcc/arm-none-eabi/4.8.4/../../../../arm-none-eabi/lib/armv7e-m/libg.a(lib_a-locale.o)
 .data.__malloc_av_
                0x20000c94      0x408 /nfs/nfs5/home/research/hardware/arm2/gcc-arm-embedded/gcc-arm-none-eabi-4_8-2014q2/bin/../lib/gcc/arm-none-eabi/4.8.4/../../../../arm-none-eabi/lib/armv7e-m/libg.a(lib_a-mallocr.o)
                0x20000c94                __malloc_av_
 .data.__malloc_trim_threshold
                0x2000109c        0x4 /nfs/nfs5/home/research/hardware/arm2/gcc-arm-embedded/gcc-arm-none-eabi-4_8-2014q2/bin/../lib/gcc/arm-none-eabi/4.8.4/../../../../arm-none-eabi/lib/armv7e-m/libg.a(lib_a-mallocr.o)
                0x2000109c                __malloc_trim_threshold
 .data.__malloc_sbrk_base
                0x200010a0        0x4 /nfs/nfs5/home/research/hardware/arm2/gcc-arm-embedded/gcc-arm-none-eabi-4_8-2014q2/bin/../lib/gcc/arm-none-eabi/4.8.4/../../../../arm-none-eabi/lib/armv7e-m/libg.a(lib_a-mallocr.o)
                0x200010a0                __malloc_sbrk_base
 *(.ramtext)
                0x200010a4                . = ALIGN (0x4)
                0x200010a4                PROVIDE (_edata, .)
                0x200010a4                _data_end = .

.igot.plt       0x200010a4        0x0 load address 0x0800b32c
 .igot.plt      0x00000000        0x0 build/obj/crt0_v7m.o

.bss            0x200010a8     0x5f30 load address 0x0800b32c
                0x200010a8                . = ALIGN (0x4)
                0x200010a8                _bss_start = .
 *(.bss)
 *(.bss.*)
 .bss.ch        0x200010a8      0x150 build/obj/chschd.o
                0x200010a8                ch
 .bss.endmem    0x200011f8        0x4 build/obj/chmemcore.o
 .bss.nextmem   0x200011fc        0x4 build/obj/chmemcore.o
 .bss.default_heap
                0x20001200       0x20 build/obj/chheap.o
 .bss._stm32_dma_isr_redir
                0x20001220       0x60 build/obj/stm32_dma.o
                0x20001220                _stm32_dma_isr_redir
 .bss.dma_streams_mask
                0x20001280        0x4 build/obj/stm32_dma.o
 .bss.ADCD1     0x20001284       0x38 build/obj/adc_lld.o
                0x20001284                ADCD1
 .bss.ADCD2     0x200012bc       0x38 build/obj/adc_lld.o
                0x200012bc                ADCD2
 .bss.ADCD3     0x200012f4       0x38 build/obj/adc_lld.o
                0x200012f4                ADCD3
 .bss.ADCD4     0x2000132c       0x38 build/obj/adc_lld.o
                0x2000132c                ADCD4
 .bss.clkmask   0x20001364        0x4 build/obj/adc_lld.o
 .bss.SPID1     0x20001368       0x34 build/obj/spi_lld.o
                0x20001368                SPID1
 .bss.SPID2     0x2000139c       0x34 build/obj/spi_lld.o
                0x2000139c                SPID2
 .bss.dummyrx   0x200013d0        0x2 build/obj/spi_lld.o
 *fill*         0x200013d2        0x2 
 .bss.GPTD1     0x200013d4       0x10 build/obj/gpt_lld.o
                0x200013d4                GPTD1
 .bss.SD1       0x200013e4       0x7c build/obj/serial_lld.o
                0x200013e4                SD1
 .bss.shell_terminated
                0x20001460        0x4 build/obj/shell.o
                0x20001460                shell_terminated
 .bss.Fsid      0x20001464        0x2 build/obj/ff.o
 *fill*         0x20001466        0x2 
 .bss.FatFs     0x20001468        0x4 build/obj/ff.o
 .bss.arrays_spot
                0x2000146c        0x4 build/obj/main.o
                0x2000146c                arrays_spot
 .bss.samples_buf
                0x20001470        0x8 build/obj/main.o
 .bss.diff      0x20001478        0x2 build/obj/main.o
                0x20001478                diff
 .bss.potential_0
                0x2000147a        0x2 build/obj/main.o
                0x2000147a                potential_0
 .bss.potential_1
                0x2000147c        0x2 build/obj/main.o
                0x2000147c                potential_1
 *fill*         0x2000147e        0x2 
 .bss.amperage1
                0x20001480      0x3e8 build/obj/main.o
                0x20001480                amperage1
 .bss.amperage2
                0x20001868      0x3e8 build/obj/main.o
                0x20001868                amperage2
 .bss.MODE      0x20001c50        0x4 build/obj/main.o
                0x20001c50                MODE
 .bss.MMCD1     0x20001c54       0x34 build/obj/main.o
                0x20001c54                MMCD1
 .bss.SDC_FS    0x20001c88      0x230 build/obj/main.o
                0x20001c88                SDC_FS
 .bss.waCounterThread
                0x20001eb8      0x148 build/obj/main.o
 .bss.shelltp1  0x20002000        0x4 build/obj/main.o
 .bss.buf       0x20002004     0x2cec build/obj/main.o
                0x20002004                buf
 .bss.waPrinterThread
                0x20004cf0     0x10c8 build/obj/main.o
 .bss.RUN_MODE1
                0x20005db8      0x7d0 build/obj/main.o
                0x20005db8                RUN_MODE1
 .bss.RUN_MODE2
                0x20006588      0x7d0 build/obj/main.o
                0x20006588                RUN_MODE2
 .bss.rc        0x20006d58        0x1 build/obj/main.o
                0x20006d58                rc
 *fill*         0x20006d59        0x3 
 .bss.arrayuse  0x20006d5c        0x4 build/obj/main.o
                0x20006d5c                arrayuse
 .bss.adccfg    0x20006d60        0x4 build/obj/main.o
 .bss.sdMutex   0x20006d64       0x10 build/obj/main.o
 .bss.buff_sem  0x20006d74        0xc build/obj/main.o
                0x20006d74                buff_sem
 .bss.fil       0x20006d80      0x224 build/obj/main.o
                0x20006d80                fil
 .bss.__malloc_max_total_mem
                0x20006fa4        0x4 /nfs/nfs5/home/research/hardware/arm2/gcc-arm-embedded/gcc-arm-none-eabi-4_8-2014q2/bin/../lib/gcc/arm-none-eabi/4.8.4/../../../../arm-none-eabi/lib/armv7e-m/libg.a(lib_a-mallocr.o)
                0x20006fa4                __malloc_max_total_mem
 .bss.__malloc_max_sbrked_mem
                0x20006fa8        0x4 /nfs/nfs5/home/research/hardware/arm2/gcc-arm-embedded/gcc-arm-none-eabi-4_8-2014q2/bin/../lib/gcc/arm-none-eabi/4.8.4/../../../../arm-none-eabi/lib/armv7e-m/libg.a(lib_a-mallocr.o)
                0x20006fa8                __malloc_max_sbrked_mem
 .bss.__malloc_top_pad
                0x20006fac        0x4 /nfs/nfs5/home/research/hardware/arm2/gcc-arm-embedded/gcc-arm-none-eabi-4_8-2014q2/bin/../lib/gcc/arm-none-eabi/4.8.4/../../../../arm-none-eabi/lib/armv7e-m/libg.a(lib_a-mallocr.o)
                0x20006fac                __malloc_top_pad
 .bss.__malloc_current_mallinfo
                0x20006fb0       0x28 /nfs/nfs5/home/research/hardware/arm2/gcc-arm-embedded/gcc-arm-none-eabi-4_8-2014q2/bin/../lib/gcc/arm-none-eabi/4.8.4/../../../../arm-none-eabi/lib/armv7e-m/libg.a(lib_a-mallocr.o)
                0x20006fb0                __malloc_current_mallinfo
 *(COMMON)
                0x20006fd8                . = ALIGN (0x4)
                0x20006fd8                _bss_end = .
                0x20006fd8                PROVIDE (end, .)

.ram0_init      0x20006fd8        0x0 load address 0x0800b32c
                0x20006fd8                . = ALIGN (0x4)
                0x0800b32c                __ram0_init_text__ = LOADADDR (.ram0_init)
                0x20006fd8                __ram0_init__ = .
 *(.ram0_init)
 *(.ram0_init.*)
                0x20006fd8                . = ALIGN (0x4)

.ram0           0x20006fd8        0x0 load address 0x0800b32c
                0x20006fd8                . = ALIGN (0x4)
                0x20006fd8                __ram0_clear__ = .
 *(.ram0_clear)
 *(.ram0_clear.*)
                0x20006fd8                . = ALIGN (0x4)
                0x20006fd8                __ram0_noinit__ = .
 *(.ram0)
 *(.ram0.*)
                0x20006fd8                . = ALIGN (0x4)
                0x20006fd8                __ram0_free__ = .

.ram1_init      0x00000000        0x0 load address 0x0800b32c
                0x00000000                . = ALIGN (0x4)
                0x0800b32c                __ram1_init_text__ = LOADADDR (.ram1_init)
                0x00000000                __ram1_init__ = .
 *(.ram1_init)
 *(.ram1_init.*)
                0x00000000                . = ALIGN (0x4)

.ram1           0x00000000        0x0 load address 0x0800b32c
                0x00000000                . = ALIGN (0x4)
                0x00000000                __ram1_clear__ = .
 *(.ram1_clear)
 *(.ram1_clear.*)
                0x00000000                . = ALIGN (0x4)
                0x00000000                __ram1_noinit__ = .
 *(.ram1)
 *(.ram1.*)
                0x00000000                . = ALIGN (0x4)
                0x00000000                __ram1_free__ = .

.ram2_init      0x00000000        0x0 load address 0x0800b32c
                0x00000000                . = ALIGN (0x4)
                0x0800b32c                __ram2_init_text__ = LOADADDR (.ram2_init)
                0x00000000                __ram2_init__ = .
 *(.ram2_init)
 *(.ram2_init.*)
                0x00000000                . = ALIGN (0x4)

.ram2           0x00000000        0x0 load address 0x0800b32c
                0x00000000                . = ALIGN (0x4)
                0x00000000                __ram2_clear__ = .
 *(.ram2_clear)
 *(.ram2_clear.*)
                0x00000000                . = ALIGN (0x4)
                0x00000000                __ram2_noinit__ = .
 *(.ram2)
 *(.ram2.*)
                0x00000000                . = ALIGN (0x4)
                0x00000000                __ram2_free__ = .

.ram3_init      0x00000000        0x0 load address 0x0800b32c
                0x00000000                . = ALIGN (0x4)
                0x0800b32c                __ram3_init_text__ = LOADADDR (.ram3_init)
                0x00000000                __ram3_init__ = .
 *(.ram3_init)
 *(.ram3_init.*)
                0x00000000                . = ALIGN (0x4)

.ram3           0x00000000        0x0 load address 0x0800b32c
                0x00000000                . = ALIGN (0x4)
                0x00000000                __ram3_clear__ = .
 *(.ram3_clear)
 *(.ram3_clear.*)
                0x00000000                . = ALIGN (0x4)
                0x00000000                __ram3_noinit__ = .
 *(.ram3)
 *(.ram3.*)
                0x00000000                . = ALIGN (0x4)
                0x00000000                __ram3_free__ = .

.ram4_init      0x10000000        0x0 load address 0x0800b32c
                0x10000000                . = ALIGN (0x4)
                0x0800b32c                __ram4_init_text__ = LOADADDR (.ram4_init)
                0x10000000                __ram4_init__ = .
 *(.ram4_init)
 *(.ram4_init.*)
                0x10000000                . = ALIGN (0x4)

.ram4           0x10000000        0x0 load address 0x0800b32c
                0x10000000                . = ALIGN (0x4)
                0x10000000                __ram4_clear__ = .
 *(.ram4_clear)
 *(.ram4_clear.*)
                0x10000000                . = ALIGN (0x4)
                0x10000000                __ram4_noinit__ = .
 *(.ram4)
 *(.ram4.*)
                0x10000000                . = ALIGN (0x4)
                0x10000000                __ram4_free__ = .

.ram5_init      0x00000000        0x0 load address 0x0800b32c
                0x00000000                . = ALIGN (0x4)
                0x0800b32c                __ram5_init_text__ = LOADADDR (.ram5_init)
                0x00000000                __ram5_init__ = .
 *(.ram5_init)
 *(.ram5_init.*)
                0x00000000                . = ALIGN (0x4)

.ram5           0x00000000        0x0 load address 0x0800b32c
                0x00000000                . = ALIGN (0x4)
                0x00000000                __ram5_clear__ = .
 *(.ram5_clear)
 *(.ram5_clear.*)
                0x00000000                . = ALIGN (0x4)
                0x00000000                __ram5_noinit__ = .
 *(.ram5)
 *(.ram5.*)
                0x00000000                . = ALIGN (0x4)
                0x00000000                __ram5_free__ = .

.ram6_init      0x00000000        0x0 load address 0x0800b32c
                0x00000000                . = ALIGN (0x4)
                0x0800b32c                __ram6_init_text__ = LOADADDR (.ram6_init)
                0x00000000                __ram6_init__ = .
 *(.ram6_init)
 *(.ram6_init.*)
                0x00000000                . = ALIGN (0x4)

.ram6           0x00000000        0x0 load address 0x0800b32c
                0x00000000                . = ALIGN (0x4)
                0x00000000                __ram6_clear__ = .
 *(.ram6_clear)
 *(.ram6_clear.*)
                0x00000000                . = ALIGN (0x4)
                0x00000000                __ram6_noinit__ = .
 *(.ram6)
 *(.ram6.*)
                0x00000000                . = ALIGN (0x4)
                0x00000000                __ram6_free__ = .

.ram7_init      0x00000000        0x0 load address 0x0800b32c
                0x00000000                . = ALIGN (0x4)
                0x0800b32c                __ram7_init_text__ = LOADADDR (.ram7_init)
                0x00000000                __ram7_init__ = .
 *(.ram7_init)
 *(.ram7_init.*)
                0x00000000                . = ALIGN (0x4)

.ram7           0x00000000        0x0 load address 0x0800b32c
                0x00000000                . = ALIGN (0x4)
                0x00000000                __ram7_clear__ = .
 *(.ram7_clear)
 *(.ram7_clear.*)
                0x00000000                . = ALIGN (0x4)
                0x00000000                __ram7_noinit__ = .
 *(.ram7)
 *(.ram7.*)
                0x00000000                . = ALIGN (0x4)
                0x00000000                __ram7_free__ = .

.heap           0x20006fd8     0x3028
                0x20006fd8                . = ALIGN (0x8)
                0x20006fd8                __heap_base__ = .
                0x2000a000                . = (ORIGIN (HEAP_RAM) + 0xa000)
 *fill*         0x20006fd8     0x3028 
                0x2000a000                __heap_end__ = .
                0x00000400                __process_stack_size__ = 0x400
                0x00000400                __main_stack_size__ = 0x400
START GROUP
LOAD /nfs/nfs5/home/research/hardware/arm2/gcc-arm-embedded/gcc-arm-none-eabi-4_8-2014q2/bin/../lib/gcc/arm-none-eabi/4.8.4/armv7e-m/libgcc.a
LOAD /nfs/nfs5/home/research/hardware/arm2/gcc-arm-embedded/gcc-arm-none-eabi-4_8-2014q2/bin/../lib/gcc/arm-none-eabi/4.8.4/../../../../arm-none-eabi/lib/armv7e-m/libg.a
LOAD /nfs/nfs5/home/research/hardware/arm2/gcc-arm-embedded/gcc-arm-none-eabi-4_8-2014q2/bin/../lib/gcc/arm-none-eabi/4.8.4/../../../../arm-none-eabi/lib/armv7e-m/libc.a
END GROUP
OUTPUT(build/lab1.elf elf32-littlearm)

.ARM.attributes
                0x00000000       0x2f
 .ARM.attributes
                0x00000000       0x21 build/obj/crt0_v7m.o
 .ARM.attributes
                0x00000021       0x21 build/obj/chcoreasm_v7m.o
 .ARM.attributes
                0x00000042       0x33 build/obj/crt1.o
 .ARM.attributes
                0x00000075       0x33 build/obj/vectors.o
 .ARM.attributes
                0x000000a8       0x33 build/obj/chsys.o
 .ARM.attributes
                0x000000db       0x33 build/obj/chvt.o
 .ARM.attributes
                0x0000010e       0x33 build/obj/chschd.o
 .ARM.attributes
                0x00000141       0x33 build/obj/chthreads.o
 .ARM.attributes
                0x00000174       0x33 build/obj/chtm.o
 .ARM.attributes
                0x000001a7       0x33 build/obj/chdynamic.o
 .ARM.attributes
                0x000001da       0x33 build/obj/chregistry.o
 .ARM.attributes
                0x0000020d       0x33 build/obj/chsem.o
 .ARM.attributes
                0x00000240       0x33 build/obj/chmtx.o
 .ARM.attributes
                0x00000273       0x33 build/obj/chevents.o
 .ARM.attributes
                0x000002a6       0x33 build/obj/chqueues.o
 .ARM.attributes
                0x000002d9       0x33 build/obj/chmemcore.o
 .ARM.attributes
                0x0000030c       0x33 build/obj/chheap.o
 .ARM.attributes
                0x0000033f       0x33 build/obj/chmempools.o
 .ARM.attributes
                0x00000372       0x33 build/obj/chcore_v7m.o
 .ARM.attributes
                0x000003a5       0x33 build/obj/hal.o
 .ARM.attributes
                0x000003d8       0x33 build/obj/st.o
 .ARM.attributes
                0x0000040b       0x33 build/obj/hal_mmcsd.o
 .ARM.attributes
                0x0000043e       0x33 build/obj/adc.o
 .ARM.attributes
                0x00000471       0x33 build/obj/gpt.o
 .ARM.attributes
                0x000004a4       0x33 build/obj/mmc_spi.o
 .ARM.attributes
                0x000004d7       0x33 build/obj/serial.o
 .ARM.attributes
                0x0000050a       0x33 build/obj/spi.o
 .ARM.attributes
                0x0000053d       0x33 build/obj/nvic.o
 .ARM.attributes
                0x00000570       0x33 build/obj/hal_lld.o
 .ARM.attributes
                0x000005a3       0x33 build/obj/stm32_dma.o
 .ARM.attributes
                0x000005d6       0x33 build/obj/st_lld.o
 .ARM.attributes
                0x00000609       0x33 build/obj/adc_lld.o
 .ARM.attributes
                0x0000063c       0x33 build/obj/pal_lld.o
 .ARM.attributes
                0x0000066f       0x33 build/obj/spi_lld.o
 .ARM.attributes
                0x000006a2       0x33 build/obj/gpt_lld.o
 .ARM.attributes
                0x000006d5       0x33 build/obj/serial_lld.o
 .ARM.attributes
                0x00000708       0x33 build/obj/board.o
 .ARM.attributes
                0x0000073b       0x33 build/obj/shell.o
 .ARM.attributes
                0x0000076e       0x33 build/obj/syscalls.o
 .ARM.attributes
                0x000007a1       0x33 build/obj/chprintf.o
 .ARM.attributes
                0x000007d4       0x33 build/obj/ff.o
 .ARM.attributes
                0x00000807       0x33 build/obj/fatfs_diskio.o
 .ARM.attributes
                0x0000083a       0x33 build/obj/main.o
 .ARM.attributes
                0x0000086d       0x1c /nfs/nfs5/home/research/hardware/arm2/gcc-arm-embedded/gcc-arm-none-eabi-4_8-2014q2/bin/../lib/gcc/arm-none-eabi/4.8.4/../../../../arm-none-eabi/lib/armv7e-m/libg.a(lib_a-memcpy.o)
 .ARM.attributes
                0x00000889       0x2e /nfs/nfs5/home/research/hardware/arm2/gcc-arm-embedded/gcc-arm-none-eabi-4_8-2014q2/bin/../lib/gcc/arm-none-eabi/4.8.4/../../../../arm-none-eabi/lib/armv7e-m/libg.a(lib_a-memset.o)
 .ARM.attributes
                0x000008b7       0x2e /nfs/nfs5/home/research/hardware/arm2/gcc-arm-embedded/gcc-arm-none-eabi-4_8-2014q2/bin/../lib/gcc/arm-none-eabi/4.8.4/../../../../arm-none-eabi/lib/armv7e-m/libg.a(lib_a-sprintf.o)
 .ARM.attributes
                0x000008e5       0x1c /nfs/nfs5/home/research/hardware/arm2/gcc-arm-embedded/gcc-arm-none-eabi-4_8-2014q2/bin/../lib/gcc/arm-none-eabi/4.8.4/../../../../arm-none-eabi/lib/armv7e-m/libg.a(lib_a-strcmp.o)
 .ARM.attributes
                0x00000901       0x2e /nfs/nfs5/home/research/hardware/arm2/gcc-arm-embedded/gcc-arm-none-eabi-4_8-2014q2/bin/../lib/gcc/arm-none-eabi/4.8.4/../../../../arm-none-eabi/lib/armv7e-m/libg.a(lib_a-strpbrk.o)
 .ARM.attributes
                0x0000092f       0x2e /nfs/nfs5/home/research/hardware/arm2/gcc-arm-embedded/gcc-arm-none-eabi-4_8-2014q2/bin/../lib/gcc/arm-none-eabi/4.8.4/../../../../arm-none-eabi/lib/armv7e-m/libg.a(lib_a-strspn.o)
 .ARM.attributes
                0x0000095d       0x2e /nfs/nfs5/home/research/hardware/arm2/gcc-arm-embedded/gcc-arm-none-eabi-4_8-2014q2/bin/../lib/gcc/arm-none-eabi/4.8.4/../../../../arm-none-eabi/lib/armv7e-m/libg.a(lib_a-svfprintf.o)
 .ARM.attributes
                0x0000098b       0x2e /nfs/nfs5/home/research/hardware/arm2/gcc-arm-embedded/gcc-arm-none-eabi-4_8-2014q2/bin/../lib/gcc/arm-none-eabi/4.8.4/../../../../arm-none-eabi/lib/armv7e-m/libg.a(lib_a-dtoa.o)
 .ARM.attributes
                0x000009b9       0x2e /nfs/nfs5/home/research/hardware/arm2/gcc-arm-embedded/gcc-arm-none-eabi-4_8-2014q2/bin/../lib/gcc/arm-none-eabi/4.8.4/../../../../arm-none-eabi/lib/armv7e-m/libg.a(lib_a-impure.o)
 .ARM.attributes
                0x000009e7       0x2e /nfs/nfs5/home/research/hardware/arm2/gcc-arm-embedded/gcc-arm-none-eabi-4_8-2014q2/bin/../lib/gcc/arm-none-eabi/4.8.4/../../../../arm-none-eabi/lib/armv7e-m/libg.a(lib_a-locale.o)
 .ARM.attributes
                0x00000a15       0x2e /nfs/nfs5/home/research/hardware/arm2/gcc-arm-embedded/gcc-arm-none-eabi-4_8-2014q2/bin/../lib/gcc/arm-none-eabi/4.8.4/../../../../arm-none-eabi/lib/armv7e-m/libg.a(lib_a-mallocr.o)
 .ARM.attributes
                0x00000a43       0x2e /nfs/nfs5/home/research/hardware/arm2/gcc-arm-embedded/gcc-arm-none-eabi-4_8-2014q2/bin/../lib/gcc/arm-none-eabi/4.8.4/../../../../arm-none-eabi/lib/armv7e-m/libg.a(lib_a-memchr-stub.o)
 .ARM.attributes
                0x00000a71       0x2e /nfs/nfs5/home/research/hardware/arm2/gcc-arm-embedded/gcc-arm-none-eabi-4_8-2014q2/bin/../lib/gcc/arm-none-eabi/4.8.4/../../../../arm-none-eabi/lib/armv7e-m/libg.a(lib_a-mlock.o)
 .ARM.attributes
                0x00000a9f       0x2e /nfs/nfs5/home/research/hardware/arm2/gcc-arm-embedded/gcc-arm-none-eabi-4_8-2014q2/bin/../lib/gcc/arm-none-eabi/4.8.4/../../../../arm-none-eabi/lib/armv7e-m/libg.a(lib_a-mprec.o)
 .ARM.attributes
                0x00000acd       0x2e /nfs/nfs5/home/research/hardware/arm2/gcc-arm-embedded/gcc-arm-none-eabi-4_8-2014q2/bin/../lib/gcc/arm-none-eabi/4.8.4/../../../../arm-none-eabi/lib/armv7e-m/libg.a(lib_a-s_fpclassify.o)
 .ARM.attributes
                0x00000afb       0x2e /nfs/nfs5/home/research/hardware/arm2/gcc-arm-embedded/gcc-arm-none-eabi-4_8-2014q2/bin/../lib/gcc/arm-none-eabi/4.8.4/../../../../arm-none-eabi/lib/armv7e-m/libg.a(lib_a-strlen.o)
 .ARM.attributes
                0x00000b29       0x2e /nfs/nfs5/home/research/hardware/arm2/gcc-arm-embedded/gcc-arm-none-eabi-4_8-2014q2/bin/../lib/gcc/arm-none-eabi/4.8.4/../../../../arm-none-eabi/lib/armv7e-m/libg.a(lib_a-svfiprintf.o)
 .ARM.attributes
                0x00000b57       0x2e /nfs/nfs5/home/research/hardware/arm2/gcc-arm-embedded/gcc-arm-none-eabi-4_8-2014q2/bin/../lib/gcc/arm-none-eabi/4.8.4/../../../../arm-none-eabi/lib/armv7e-m/libg.a(lib_a-callocr.o)
 .ARM.attributes
                0x00000b85       0x2e /nfs/nfs5/home/research/hardware/arm2/gcc-arm-embedded/gcc-arm-none-eabi-4_8-2014q2/bin/../lib/gcc/arm-none-eabi/4.8.4/../../../../arm-none-eabi/lib/armv7e-m/libg.a(lib_a-freer.o)
 .ARM.attributes
                0x00000bb3       0x2e /nfs/nfs5/home/research/hardware/arm2/gcc-arm-embedded/gcc-arm-none-eabi-4_8-2014q2/bin/../lib/gcc/arm-none-eabi/4.8.4/../../../../arm-none-eabi/lib/armv7e-m/libg.a(lib_a-memmove.o)
 .ARM.attributes
                0x00000be1       0x2e /nfs/nfs5/home/research/hardware/arm2/gcc-arm-embedded/gcc-arm-none-eabi-4_8-2014q2/bin/../lib/gcc/arm-none-eabi/4.8.4/../../../../arm-none-eabi/lib/armv7e-m/libg.a(lib_a-reallocr.o)
 .ARM.attributes
                0x00000c0f       0x1e /nfs/nfs5/home/research/hardware/arm2/gcc-arm-embedded/gcc-arm-none-eabi-4_8-2014q2/bin/../lib/gcc/arm-none-eabi/4.8.4/armv7e-m/libgcc.a(_arm_addsubdf3.o)
 .ARM.attributes
                0x00000c2d       0x1e /nfs/nfs5/home/research/hardware/arm2/gcc-arm-embedded/gcc-arm-none-eabi-4_8-2014q2/bin/../lib/gcc/arm-none-eabi/4.8.4/armv7e-m/libgcc.a(_arm_muldivdf3.o)
 .ARM.attributes
                0x00000c4b       0x1e /nfs/nfs5/home/research/hardware/arm2/gcc-arm-embedded/gcc-arm-none-eabi-4_8-2014q2/bin/../lib/gcc/arm-none-eabi/4.8.4/armv7e-m/libgcc.a(_arm_cmpdf2.o)
 .ARM.attributes
                0x00000c69       0x1e /nfs/nfs5/home/research/hardware/arm2/gcc-arm-embedded/gcc-arm-none-eabi-4_8-2014q2/bin/../lib/gcc/arm-none-eabi/4.8.4/armv7e-m/libgcc.a(_arm_fixdfsi.o)
 .ARM.attributes
                0x00000c87       0x1e /nfs/nfs5/home/research/hardware/arm2/gcc-arm-embedded/gcc-arm-none-eabi-4_8-2014q2/bin/../lib/gcc/arm-none-eabi/4.8.4/armv7e-m/libgcc.a(_aeabi_uldivmod.o)
 .ARM.attributes
                0x00000ca5       0x2e /nfs/nfs5/home/research/hardware/arm2/gcc-arm-embedded/gcc-arm-none-eabi-4_8-2014q2/bin/../lib/gcc/arm-none-eabi/4.8.4/armv7e-m/libgcc.a(bpabi.o)
 .ARM.attributes
                0x00000cd3       0x1e /nfs/nfs5/home/research/hardware/arm2/gcc-arm-embedded/gcc-arm-none-eabi-4_8-2014q2/bin/../lib/gcc/arm-none-eabi/4.8.4/armv7e-m/libgcc.a(_dvmd_tls.o)
 .ARM.attributes
                0x00000cf1       0x2e /nfs/nfs5/home/research/hardware/arm2/gcc-arm-embedded/gcc-arm-none-eabi-4_8-2014q2/bin/../lib/gcc/arm-none-eabi/4.8.4/armv7e-m/libgcc.a(_divdi3.o)
 .ARM.attributes
                0x00000d1f       0x2e /nfs/nfs5/home/research/hardware/arm2/gcc-arm-embedded/gcc-arm-none-eabi-4_8-2014q2/bin/../lib/gcc/arm-none-eabi/4.8.4/armv7e-m/libgcc.a(_udivdi3.o)

.comment        0x00000000       0x70
 .comment       0x00000000       0x70 build/obj/crt1.o
                                 0x71 (size before relaxing)
 .comment       0x00000000       0x71 build/obj/vectors.o
 .comment       0x00000000       0x71 build/obj/chsys.o
 .comment       0x00000000       0x71 build/obj/chvt.o
 .comment       0x00000000       0x71 build/obj/chschd.o
 .comment       0x00000000       0x71 build/obj/chthreads.o
 .comment       0x00000000       0x71 build/obj/chtm.o
 .comment       0x00000000       0x71 build/obj/chdynamic.o
 .comment       0x00000000       0x71 build/obj/chregistry.o
 .comment       0x00000000       0x71 build/obj/chsem.o
 .comment       0x00000000       0x71 build/obj/chmtx.o
 .comment       0x00000000       0x71 build/obj/chevents.o
 .comment       0x00000000       0x71 build/obj/chqueues.o
 .comment       0x00000000       0x71 build/obj/chmemcore.o
 .comment       0x00000000       0x71 build/obj/chheap.o
 .comment       0x00000000       0x71 build/obj/chmempools.o
 .comment       0x00000000       0x71 build/obj/chcore_v7m.o
 .comment       0x00000000       0x71 build/obj/hal.o
 .comment       0x00000000       0x71 build/obj/st.o
 .comment       0x00000000       0x71 build/obj/hal_mmcsd.o
 .comment       0x00000000       0x71 build/obj/adc.o
 .comment       0x00000000       0x71 build/obj/gpt.o
 .comment       0x00000000       0x71 build/obj/mmc_spi.o
 .comment       0x00000000       0x71 build/obj/serial.o
 .comment       0x00000000       0x71 build/obj/spi.o
 .comment       0x00000000       0x71 build/obj/nvic.o
 .comment       0x00000000       0x71 build/obj/hal_lld.o
 .comment       0x00000000       0x71 build/obj/stm32_dma.o
 .comment       0x00000000       0x71 build/obj/st_lld.o
 .comment       0x00000000       0x71 build/obj/adc_lld.o
 .comment       0x00000000       0x71 build/obj/pal_lld.o
 .comment       0x00000000       0x71 build/obj/spi_lld.o
 .comment       0x00000000       0x71 build/obj/gpt_lld.o
 .comment       0x00000000       0x71 build/obj/serial_lld.o
 .comment       0x00000000       0x71 build/obj/board.o
 .comment       0x00000000       0x71 build/obj/shell.o
 .comment       0x00000000       0x71 build/obj/syscalls.o
 .comment       0x00000000       0x71 build/obj/chprintf.o
 .comment       0x00000000       0x71 build/obj/ff.o
 .comment       0x00000000       0x71 build/obj/fatfs_diskio.o
 .comment       0x00000000       0x71 build/obj/main.o

.debug_info     0x00000000    0x2c9f4
 .debug_info    0x00000000      0x319 build/obj/crt1.o
 .debug_info    0x00000319      0x1e7 build/obj/vectors.o
 .debug_info    0x00000500     0x18fd build/obj/chsys.o
 .debug_info    0x00001dfd      0x9fa build/obj/chvt.o
 .debug_info    0x000027f7      0xd48 build/obj/chschd.o
 .debug_info    0x0000353f     0x1c21 build/obj/chthreads.o
 .debug_info    0x00005160      0x9bd build/obj/chtm.o
 .debug_info    0x00005b1d      0xcdb build/obj/chdynamic.o
 .debug_info    0x000067f8      0x96d build/obj/chregistry.o
 .debug_info    0x00007165      0xfa9 build/obj/chsem.o
 .debug_info    0x0000810e      0xfb4 build/obj/chmtx.o
 .debug_info    0x000090c2     0x15b2 build/obj/chevents.o
 .debug_info    0x0000a674     0x1151 build/obj/chqueues.o
 .debug_info    0x0000b7c5      0x85a build/obj/chmemcore.o
 .debug_info    0x0000c01f      0x9bc build/obj/chheap.o
 .debug_info    0x0000c9db      0xbbb build/obj/chmempools.o
 .debug_info    0x0000d596      0xa55 build/obj/chcore_v7m.o
 .debug_info    0x0000dfeb      0x7dd build/obj/hal.o
 .debug_info    0x0000e7c8      0x8f6 build/obj/st.o
 .debug_info    0x0000f0be     0x1ed7 build/obj/hal_mmcsd.o
 .debug_info    0x00010f95     0x167e build/obj/adc.o
 .debug_info    0x00012613     0x11ea build/obj/gpt.o
 .debug_info    0x000137fd     0x20ee build/obj/mmc_spi.o
 .debug_info    0x000158eb     0x1769 build/obj/serial.o
 .debug_info    0x00017054     0x1b19 build/obj/spi.o
 .debug_info    0x00018b6d      0x9ce build/obj/nvic.o
 .debug_info    0x0001953b      0x87d build/obj/hal_lld.o
 .debug_info    0x00019db8      0xd1d build/obj/stm32_dma.o
 .debug_info    0x0001aad5      0xa3d build/obj/st_lld.o
 .debug_info    0x0001b512     0x1c14 build/obj/adc_lld.o
 .debug_info    0x0001d126      0xaf9 build/obj/pal_lld.o
 .debug_info    0x0001dc1f     0x1191 build/obj/spi_lld.o
 .debug_info    0x0001edb0      0xbb8 build/obj/gpt_lld.o
 .debug_info    0x0001f968     0x1543 build/obj/serial_lld.o
 .debug_info    0x00020eab      0xdd7 build/obj/board.o
 .debug_info    0x00021c82     0x1852 build/obj/shell.o
 .debug_info    0x000234d4     0x11cd build/obj/syscalls.o
 .debug_info    0x000246a1      0xc58 build/obj/chprintf.o
 .debug_info    0x000252f9     0x3944 build/obj/ff.o
 .debug_info    0x00028c3d      0xf93 build/obj/fatfs_diskio.o
 .debug_info    0x00029bd0     0x2e24 build/obj/main.o

.debug_abbrev   0x00000000     0x7a63
 .debug_abbrev  0x00000000       0xf7 build/obj/crt1.o
 .debug_abbrev  0x000000f7       0xc7 build/obj/vectors.o
 .debug_abbrev  0x000001be      0x557 build/obj/chsys.o
 .debug_abbrev  0x00000715      0x2a3 build/obj/chvt.o
 .debug_abbrev  0x000009b8      0x3fe build/obj/chschd.o
 .debug_abbrev  0x00000db6      0x4ad build/obj/chthreads.o
 .debug_abbrev  0x00001263      0x286 build/obj/chtm.o
 .debug_abbrev  0x000014e9      0x304 build/obj/chdynamic.o
 .debug_abbrev  0x000017ed      0x238 build/obj/chregistry.o
 .debug_abbrev  0x00001a25      0x3da build/obj/chsem.o
 .debug_abbrev  0x00001dff      0x3d2 build/obj/chmtx.o
 .debug_abbrev  0x000021d1      0x3b8 build/obj/chevents.o
 .debug_abbrev  0x00002589      0x3e0 build/obj/chqueues.o
 .debug_abbrev  0x00002969      0x28b build/obj/chmemcore.o
 .debug_abbrev  0x00002bf4      0x292 build/obj/chheap.o
 .debug_abbrev  0x00002e86      0x31e build/obj/chmempools.o
 .debug_abbrev  0x000031a4      0x22a build/obj/chcore_v7m.o
 .debug_abbrev  0x000033ce      0x1ba build/obj/hal.o
 .debug_abbrev  0x00003588      0x217 build/obj/st.o
 .debug_abbrev  0x0000379f      0x24c build/obj/hal_mmcsd.o
 .debug_abbrev  0x000039eb      0x393 build/obj/adc.o
 .debug_abbrev  0x00003d7e      0x2e1 build/obj/gpt.o
 .debug_abbrev  0x0000405f      0x48c build/obj/mmc_spi.o
 .debug_abbrev  0x000044eb      0x407 build/obj/serial.o
 .debug_abbrev  0x000048f2      0x36c build/obj/spi.o
 .debug_abbrev  0x00004c5e      0x1ba build/obj/nvic.o
 .debug_abbrev  0x00004e18      0x1c0 build/obj/hal_lld.o
 .debug_abbrev  0x00004fd8      0x294 build/obj/stm32_dma.o
 .debug_abbrev  0x0000526c      0x222 build/obj/st_lld.o
 .debug_abbrev  0x0000548e      0x3a8 build/obj/adc_lld.o
 .debug_abbrev  0x00005836      0x20c build/obj/pal_lld.o
 .debug_abbrev  0x00005a42      0x39f build/obj/spi_lld.o
 .debug_abbrev  0x00005de1      0x289 build/obj/gpt_lld.o
 .debug_abbrev  0x0000606a      0x3b6 build/obj/serial_lld.o
 .debug_abbrev  0x00006420      0x1fe build/obj/board.o
 .debug_abbrev  0x0000661e      0x44d build/obj/shell.o
 .debug_abbrev  0x00006a6b      0x24b build/obj/syscalls.o
 .debug_abbrev  0x00006cb6      0x316 build/obj/chprintf.o
 .debug_abbrev  0x00006fcc      0x3ab build/obj/ff.o
 .debug_abbrev  0x00007377      0x24e build/obj/fatfs_diskio.o
 .debug_abbrev  0x000075c5      0x49e build/obj/main.o

.debug_loc      0x00000000     0xc99d
 .debug_loc     0x00000000       0xda build/obj/crt1.o
 .debug_loc     0x000000da      0x2e9 build/obj/chsys.o
 .debug_loc     0x000003c3      0x28f build/obj/chvt.o
 .debug_loc     0x00000652      0x2ed build/obj/chschd.o
 .debug_loc     0x0000093f      0xa29 build/obj/chthreads.o
 .debug_loc     0x00001368       0x92 build/obj/chtm.o
 .debug_loc     0x000013fa      0x20d build/obj/chdynamic.o
 .debug_loc     0x00001607       0x3f build/obj/chregistry.o
 .debug_loc     0x00001646      0x4fc build/obj/chsem.o
 .debug_loc     0x00001b42      0x580 build/obj/chmtx.o
 .debug_loc     0x000020c2      0x59f build/obj/chevents.o
 .debug_loc     0x00002661      0x69b build/obj/chqueues.o
 .debug_loc     0x00002cfc       0xcc build/obj/chmemcore.o
 .debug_loc     0x00002dc8      0x37d build/obj/chheap.o
 .debug_loc     0x00003145      0x200 build/obj/chmempools.o
 .debug_loc     0x00003345       0xc1 build/obj/chcore_v7m.o
 .debug_loc     0x00003406      0x31a build/obj/hal_mmcsd.o
 .debug_loc     0x00003720      0x4da build/obj/adc.o
 .debug_loc     0x00003bfa      0x2ab build/obj/gpt.o
 .debug_loc     0x00003ea5      0xaf9 build/obj/mmc_spi.o
 .debug_loc     0x0000499e      0x6a2 build/obj/serial.o
 .debug_loc     0x00005040      0x4cd build/obj/spi.o
 .debug_loc     0x0000550d       0xe0 build/obj/nvic.o
 .debug_loc     0x000055ed      0x1e8 build/obj/stm32_dma.o
 .debug_loc     0x000057d5       0x29 build/obj/st_lld.o
 .debug_loc     0x000057fe      0x657 build/obj/adc_lld.o
 .debug_loc     0x00005e55      0x1b2 build/obj/pal_lld.o
 .debug_loc     0x00006007      0x376 build/obj/spi_lld.o
 .debug_loc     0x0000637d      0x163 build/obj/gpt_lld.o
 .debug_loc     0x000064e0      0x508 build/obj/serial_lld.o