Archive member included because of file (symbol)

/nfs/nfs5/home/research/hardware/arm2/gcc-arm-embedded/gcc-arm-none-eabi-4_8-2014q2/bin/../lib/gcc/arm-none-eabi/4.8.4/armv7e-m/libgcc.a(_arm_addsubdf3.o)
                              build/obj/main.o (__aeabi_dsub)
/nfs/nfs5/home/research/hardware/arm2/gcc-arm-embedded/gcc-arm-none-eabi-4_8-2014q2/bin/../lib/gcc/arm-none-eabi/4.8.4/armv7e-m/libgcc.a(_arm_muldivdf3.o)
                              build/obj/main.o (__aeabi_dmul)
/nfs/nfs5/home/research/hardware/arm2/gcc-arm-embedded/gcc-arm-none-eabi-4_8-2014q2/bin/../lib/gcc/arm-none-eabi/4.8.4/armv7e-m/libgcc.a(_arm_fixdfsi.o)
                              build/obj/main.o (__aeabi_d2iz)
/nfs/nfs5/home/research/hardware/arm2/gcc-arm-embedded/gcc-arm-none-eabi-4_8-2014q2/bin/../lib/gcc/arm-none-eabi/4.8.4/../../../../arm-none-eabi/lib/armv7e-m/libg.a(lib_a-asctime.o)
                              build/obj/main.o (asctime)
/nfs/nfs5/home/research/hardware/arm2/gcc-arm-embedded/gcc-arm-none-eabi-4_8-2014q2/bin/../lib/gcc/arm-none-eabi/4.8.4/../../../../arm-none-eabi/lib/armv7e-m/libg.a(lib_a-asctime_r.o)
                              /nfs/nfs5/home/research/hardware/arm2/gcc-arm-embedded/gcc-arm-none-eabi-4_8-2014q2/bin/../lib/gcc/arm-none-eabi/4.8.4/../../../../arm-none-eabi/lib/armv7e-m/libg.a(lib_a-asctime.o) (asctime_r)
/nfs/nfs5/home/research/hardware/arm2/gcc-arm-embedded/gcc-arm-none-eabi-4_8-2014q2/bin/../lib/gcc/arm-none-eabi/4.8.4/../../../../arm-none-eabi/lib/armv7e-m/libg.a(lib_a-atoi.o)
                              build/obj/main.o (atoi)
/nfs/nfs5/home/research/hardware/arm2/gcc-arm-embedded/gcc-arm-none-eabi-4_8-2014q2/bin/../lib/gcc/arm-none-eabi/4.8.4/../../../../arm-none-eabi/lib/armv7e-m/libg.a(lib_a-impure.o)
                              /nfs/nfs5/home/research/hardware/arm2/gcc-arm-embedded/gcc-arm-none-eabi-4_8-2014q2/bin/../lib/gcc/arm-none-eabi/4.8.4/../../../../arm-none-eabi/lib/armv7e-m/libg.a(lib_a-asctime.o) (_impure_ptr)
/nfs/nfs5/home/research/hardware/arm2/gcc-arm-embedded/gcc-arm-none-eabi-4_8-2014q2/bin/../lib/gcc/arm-none-eabi/4.8.4/../../../../arm-none-eabi/lib/armv7e-m/libg.a(lib_a-lcltime.o)
                              build/obj/main.o (localtime)
/nfs/nfs5/home/research/hardware/arm2/gcc-arm-embedded/gcc-arm-none-eabi-4_8-2014q2/bin/../lib/gcc/arm-none-eabi/4.8.4/../../../../arm-none-eabi/lib/armv7e-m/libg.a(lib_a-lcltime_r.o)
                              /nfs/nfs5/home/research/hardware/arm2/gcc-arm-embedded/gcc-arm-none-eabi-4_8-2014q2/bin/../lib/gcc/arm-none-eabi/4.8.4/../../../../arm-none-eabi/lib/armv7e-m/libg.a(lib_a-lcltime.o) (localtime_r)
/nfs/nfs5/home/research/hardware/arm2/gcc-arm-embedded/gcc-arm-none-eabi-4_8-2014q2/bin/../lib/gcc/arm-none-eabi/4.8.4/../../../../arm-none-eabi/lib/armv7e-m/libg.a(lib_a-memcpy.o)
                              build/obj/hal_buffers.o (memcpy)
/nfs/nfs5/home/research/hardware/arm2/gcc-arm-embedded/gcc-arm-none-eabi-4_8-2014q2/bin/../lib/gcc/arm-none-eabi/4.8.4/../../../../arm-none-eabi/lib/armv7e-m/libg.a(lib_a-memset.o)
                              build/obj/syscalls.o (memset)
/nfs/nfs5/home/research/hardware/arm2/gcc-arm-embedded/gcc-arm-none-eabi-4_8-2014q2/bin/../lib/gcc/arm-none-eabi/4.8.4/../../../../arm-none-eabi/lib/armv7e-m/libg.a(lib_a-mktm_r.o)
                              /nfs/nfs5/home/research/hardware/arm2/gcc-arm-embedded/gcc-arm-none-eabi-4_8-2014q2/bin/../lib/gcc/arm-none-eabi/4.8.4/../../../../arm-none-eabi/lib/armv7e-m/libg.a(lib_a-lcltime_r.o) (_mktm_r)
/nfs/nfs5/home/research/hardware/arm2/gcc-arm-embedded/gcc-arm-none-eabi-4_8-2014q2/bin/../lib/gcc/arm-none-eabi/4.8.4/../../../../arm-none-eabi/lib/armv7e-m/libg.a(lib_a-siprintf.o)
                              /nfs/nfs5/home/research/hardware/arm2/gcc-arm-embedded/gcc-arm-none-eabi-4_8-2014q2/bin/../lib/gcc/arm-none-eabi/4.8.4/../../../../arm-none-eabi/lib/armv7e-m/libg.a(lib_a-asctime_r.o) (siprintf)
/nfs/nfs5/home/research/hardware/arm2/gcc-arm-embedded/gcc-arm-none-eabi-4_8-2014q2/bin/../lib/gcc/arm-none-eabi/4.8.4/../../../../arm-none-eabi/lib/armv7e-m/libg.a(lib_a-sprintf.o)
                              build/obj/main.o (sprintf)
/nfs/nfs5/home/research/hardware/arm2/gcc-arm-embedded/gcc-arm-none-eabi-4_8-2014q2/bin/../lib/gcc/arm-none-eabi/4.8.4/../../../../arm-none-eabi/lib/armv7e-m/libg.a(lib_a-strcmp.o)
                              build/obj/shell.o (strcmp)
/nfs/nfs5/home/research/hardware/arm2/gcc-arm-embedded/gcc-arm-none-eabi-4_8-2014q2/bin/../lib/gcc/arm-none-eabi/4.8.4/../../../../arm-none-eabi/lib/armv7e-m/libg.a(lib_a-strlen.o)
                              build/obj/main.o (strlen)
/nfs/nfs5/home/research/hardware/arm2/gcc-arm-embedded/gcc-arm-none-eabi-4_8-2014q2/bin/../lib/gcc/arm-none-eabi/4.8.4/../../../../arm-none-eabi/lib/armv7e-m/libg.a(lib_a-strpbrk.o)
                              build/obj/shell.o (strpbrk)
[...]
Memory Configuration

Name             Origin             Length             Attributes
flash            0x08000000         0x00040000
ram0             0x20000000         0x0000a000
ram1             0x00000000         0x00000000
ram2             0x00000000         0x00000000
ram3             0x00000000         0x00000000
ram4             0x10000000         0x00002000
ram5             0x00000000         0x00000000
ram6             0x00000000         0x00000000
ram7             0x00000000         0x00000000
*default*        0x00000000         0xffffffff

Linker script and memory map

LOAD build/obj/crt0_v7m.o
LOAD build/obj/chcoreasm_v7m.o
LOAD build/obj/crt1.o
LOAD build/obj/vectors.o
LOAD build/obj/chsys.o
LOAD build/obj/chdebug.o
LOAD build/obj/chvt.o
LOAD build/obj/chschd.o
LOAD build/obj/chthreads.o
LOAD build/obj/chtm.o
LOAD build/obj/chdynamic.o
LOAD build/obj/chregistry.o
LOAD build/obj/chsem.o
LOAD build/obj/chmtx.o
LOAD build/obj/chcond.o
LOAD build/obj/chevents.o
LOAD build/obj/chmsg.o
LOAD build/obj/chmboxes.o
LOAD build/obj/chqueues.o
LOAD build/obj/chmemcore.o
LOAD build/obj/chheap.o
LOAD build/obj/chmempools.o
LOAD build/obj/chcore.o
LOAD build/obj/chcore_v7m.o
LOAD build/obj/osal.o
LOAD build/obj/hal.o
LOAD build/obj/st.o
LOAD build/obj/hal_buffers.o
LOAD build/obj/hal_queues.o
LOAD build/obj/hal_mmcsd.o
LOAD build/obj/adc.o
LOAD build/obj/ext.o
LOAD build/obj/gpt.o
LOAD build/obj/mmc_spi.o
LOAD build/obj/pal.o
LOAD build/obj/rtc.o
LOAD build/obj/serial.o
LOAD build/obj/spi.o
LOAD build/obj/nvic.o
LOAD build/obj/hal_lld.o
LOAD build/obj/stm32_dma.o
LOAD build/obj/st_lld.o
LOAD build/obj/adc_lld.o
LOAD build/obj/ext_lld.o
LOAD build/obj/ext_lld_isr.o
LOAD build/obj/pal_lld.o
LOAD build/obj/rtc_lld.o
LOAD build/obj/spi_lld.o
LOAD build/obj/gpt_lld.o
LOAD build/obj/serial_lld.o
LOAD build/obj/board.o
LOAD build/obj/test.o
LOAD build/obj/testthd.o
LOAD build/obj/testsem.o
LOAD build/obj/testmtx.o
LOAD build/obj/testmsg.o
LOAD build/obj/testmbox.o
LOAD build/obj/testevt.o
LOAD build/obj/testheap.o
LOAD build/obj/testpools.o
LOAD build/obj/testdyn.o
LOAD build/obj/testqueues.o
LOAD build/obj/testsys.o
LOAD build/obj/testbmk.o
LOAD build/obj/shell.o
LOAD build/obj/evtimer.o
LOAD build/obj/syscalls.o
LOAD build/obj/memstreams.o
LOAD build/obj/chprintf.o
LOAD build/obj/ff.o
LOAD build/obj/fatfs_diskio.o
LOAD build/obj/fatfs_syscall.o
LOAD build/obj/main.o
                0x20000000                __ram0_start__ = ORIGIN (ram0)
                0x0000a000                __ram0_size__ = 0xa000
                0x2000a000                __ram0_end__ = (__ram0_start__ + __ram0_size__)
                0x00000000                __ram1_start__ = ORIGIN (ram1)
                0x00000000                __ram1_size__ = 0x0
                0x00000000                __ram1_end__ = (__ram1_start__ + __ram1_size__)
                0x00000000                __ram2_start__ = ORIGIN (ram2)
                0x00000000                __ram2_size__ = 0x0
                0x00000000                __ram2_end__ = (__ram2_start__ + __ram2_size__)
                0x00000000                __ram3_start__ = ORIGIN (ram3)
                0x00000000                __ram3_size__ = 0x0
                0x00000000                __ram3_end__ = (__ram3_start__ + __ram3_size__)
                0x10000000                __ram4_start__ = ORIGIN (ram4)
                0x00002000                __ram4_size__ = 0x2000
                0x10002000                __ram4_end__ = (__ram4_start__ + __ram4_size__)
                0x00000000                __ram5_start__ = ORIGIN (ram5)
                0x00000000                __ram5_size__ = 0x0
                0x00000000                __ram5_end__ = (__ram5_start__ + __ram5_size__)
                0x00000000                __ram6_start__ = ORIGIN (ram6)
                0x00000000                __ram6_size__ = 0x0
                0x00000000                __ram6_end__ = (__ram6_start__ + __ram6_size__)
                0x00000000                __ram7_start__ = ORIGIN (ram7)
                0x00000000                __ram7_size__ = 0x0
                0x00000000                __ram7_end__ = (__ram7_start__ + __ram7_size__)
                0x00000000                . = 0x0
                0x00000000                _text = .

startup         0x08000000      0x200
 *(.vectors)
 .vectors       0x08000000      0x200 build/obj/vectors.o
                0x08000000                _vectors

constructors    0x08000200        0x0
                0x08000200                __init_array_start = .
 *(SORT(.init_array.*))
 *(.init_array)
                0x08000200                __init_array_end = .

destructors     0x08000200        0x0
                0x08000200                __fini_array_start = .
 *(.fini_array)
 *(SORT(.fini_array.*))
                0x08000200                __fini_array_end = .

.text           0x08000200     0xcf4c
 *(.text)
 .text          0x08000200       0xd4 build/obj/crt0_v7m.o
                0x08000200                Reset_Handler
 *fill*         0x080002d4        0xc 
 .text          0x080002e0       0x28 build/obj/chcoreasm_v7m.o
                0x080002e0                _port_switch
                0x080002f0                _port_thread_start
                0x08000300                _port_switch_from_isr
                0x08000304                _port_exit_from_isr
 *fill*         0x08000308        0x8 
 .text          0x08000310      0x370 /nfs/nfs5/home/research/hardware/arm2/gcc-arm-embedded/gcc-arm-none-eabi-4_8-2014q2/bin/../lib/gcc/arm-none-eabi/4.8.4/armv7e-m/libgcc.a(_arm_addsubdf3.o)
                0x08000310                __aeabi_drsub
                0x08000318                __aeabi_dsub
                0x08000318                __subdf3
                0x0800031c                __adddf3
                0x0800031c                __aeabi_dadd
                0x08000594                __aeabi_ui2d
                0x08000594                __floatunsidf
                0x080005b4                __floatsidf
                0x080005b4                __aeabi_i2d
                0x080005d8                __extendsfdf2
                0x080005d8                __aeabi_f2d
                0x08000614                __aeabi_ul2d
                0x08000614                __floatundidf
                0x08000624                __floatdidf
                0x08000624                __aeabi_l2d
 .text          0x08000680      0x424 /nfs/nfs5/home/research/hardware/arm2/gcc-arm-embedded/gcc-arm-none-eabi-4_8-2014q2/bin/../lib/gcc/arm-none-eabi/4.8.4/armv7e-m/libgcc.a(_arm_muldivdf3.o)
                0x08000680                __aeabi_dmul
                0x08000680                __muldf3
                0x080008d4                __aeabi_ddiv
                0x080008d4                __divdf3
 *fill*         0x08000aa4        0xc 
 .text          0x08000ab0       0x50 /nfs/nfs5/home/research/hardware/arm2/gcc-arm-embedded/gcc-arm-none-eabi-4_8-2014q2/bin/../lib/gcc/arm-none-eabi/4.8.4/armv7e-m/libgcc.a(_arm_fixdfsi.o)
                0x08000ab0                __fixdfsi
                0x08000ab0                __aeabi_d2iz
 .text          0x08000b00      0x134 /nfs/nfs5/home/research/hardware/arm2/gcc-arm-embedded/gcc-arm-none-eabi-4_8-2014q2/bin/../lib/gcc/arm-none-eabi/4.8.4/../../../../arm-none-eabi/lib/armv7e-m/libg.a(lib_a-memcpy.o)
                0x08000b00                memcpy
 *fill*         0x08000c34        0xc 
 .text          0x08000c40      0x21c /nfs/nfs5/home/research/hardware/arm2/gcc-arm-embedded/gcc-arm-none-eabi-4_8-2014q2/bin/../lib/gcc/arm-none-eabi/4.8.4/../../../../arm-none-eabi/lib/armv7e-m/libg.a(lib_a-strcmp.o)
                0x08000c40                strcmp
 *fill*         0x08000e5c        0x4 
 .text          0x08000e60      0x110 /nfs/nfs5/home/research/hardware/arm2/gcc-arm-embedded/gcc-arm-none-eabi-4_8-2014q2/bin/../lib/gcc/arm-none-eabi/4.8.4/armv7e-m/libgcc.a(_arm_cmpdf2.o)
                0x08000e60                __gtdf2
                0x08000e60                __gedf2
                0x08000e68                __ltdf2
                0x08000e68                __ledf2
                0x08000e70                __cmpdf2
                0x08000e70                __eqdf2
                0x08000e70                __nedf2
                0x08000eec                __aeabi_cdrcmple
                0x08000efc                __aeabi_cdcmple
                0x08000efc                __aeabi_cdcmpeq
                0x08000f0c                __aeabi_dcmpeq
                0x08000f20                __aeabi_dcmplt
                0x08000f34                __aeabi_dcmple
                0x08000f48                __aeabi_dcmpge
                0x08000f5c                __aeabi_dcmpgt
 .text          0x08000f70       0x2c /nfs/nfs5/home/research/hardware/arm2/gcc-arm-embedded/gcc-arm-none-eabi-4_8-2014q2/bin/../lib/gcc/arm-none-eabi/4.8.4/armv7e-m/libgcc.a(_aeabi_uldivmod.o)
                0x08000f70                __aeabi_uldivmod
 *fill*         0x08000f9c        0x4 
 .text          0x08000fa0       0x60 /nfs/nfs5/home/research/hardware/arm2/gcc-arm-embedded/gcc-arm-none-eabi-4_8-2014q2/bin/../lib/gcc/arm-none-eabi/4.8.4/armv7e-m/libgcc.a(bpabi.o)
                0x08000fa0                __gnu_ldivmod_helper
                0x08000fd0                __gnu_uldivmod_helper
 .text          0x08001000        0x4 /nfs/nfs5/home/research/hardware/arm2/gcc-arm-embedded/gcc-arm-none-eabi-4_8-2014q2/bin/../lib/gcc/arm-none-eabi/4.8.4/armv7e-m/libgcc.a(_dvmd_tls.o)
                0x08001000                __aeabi_ldiv0
                0x08001000                __aeabi_idiv0
 *fill*         0x08001004        0xc 
 .text          0x08001010      0x298 /nfs/nfs5/home/research/hardware/arm2/gcc-arm-embedded/gcc-arm-none-eabi-4_8-2014q2/bin/../lib/gcc/arm-none-eabi/4.8.4/armv7e-m/libgcc.a(_divdi3.o)
                0x08001010                __divdi3
 *fill*         0x080012a8        0x8 
 .text          0x080012b0      0x284 /nfs/nfs5/home/research/hardware/arm2/gcc-arm-embedded/gcc-arm-none-eabi-4_8-2014q2/bin/../lib/gcc/arm-none-eabi/4.8.4/armv7e-m/libgcc.a(_udivdi3.o)
                0x080012b0                __udivdi3
 *(.text.*)
 *fill*         0x08001534        0xc 
 .text.__core_init
                0x08001540       0x10 build/obj/crt1.o
                0x08001540                __core_init
 .text.__late_init
                0x08001550       0x10 build/obj/crt1.o
                0x08001550                __late_init
 .text.__default_exit
                0x08001560       0x10 build/obj/crt1.o
                0x08001560                __default_exit
 .text.__init_ram_areas
                0x08001570       0x60 build/obj/crt1.o
                0x08001570                __init_ram_areas
 .text._unhandled_exception
                0x080015d0       0x10 build/obj/vectors.o
                0x080015d0                VectorAC
                0x080015d0                DebugMon_Handler
                0x080015d0                Vector11C
                0x080015d0                HardFault_Handler
                0x080015d0                Vector19C
                0x080015d0                Vector8C
                0x080015d0                SysTick_Handler
                0x080015d0                VectorDC
                0x080015d0                PendSV_Handler
                0x080015d0                Vector168
                0x080015d0                NMI_Handler
                0x080015d0                Vector110
                0x080015d0                VectorC8
                0x080015d0                Vector94
                0x080015d0                VectorA8
                0x080015d0                VectorB4
                0x080015d0                Vector160
                0x080015d0                UsageFault_Handler
                0x080015d0                VectorEC
                0x080015d0                Vector40
                0x080015d0                VectorF8
                0x080015d0                Vector108
                0x080015d0                VectorBC
                0x080015d0                Vector190
                0x080015d0                Vector150
                0x080015d0                Vector188
                0x080015d0                Vector198
                0x080015d0                Vector118
                0x080015d0                VectorCC
                0x080015d0                Vector54
                0x080015d0                Vector98
                0x080015d0                Vector138
                0x080015d0                Vector24
                0x080015d0                Vector178
                0x080015d0                VectorD0
                0x080015d0                VectorC0
                0x080015d0                Vector158
                0x080015d0                Vector134
                0x080015d0                VectorF0
                0x080015d0                Vector13C
                0x080015d0                Vector100
                0x080015d0                VectorF4
                0x080015d0                MemManage_Handler
                0x080015d0                VectorA0
                0x080015d0                VectorC4
                0x080015d0                Vector180
                0x080015d0                Vector90
                0x080015d0                Vector114
                0x080015d0                Vector164
                0x080015d0                Vector1C
                0x080015d0                Vector17C
                0x080015d0                Vector16C
                0x080015d0                Vector15C
                0x080015d0                _unhandled_exception
                0x080015d0                Vector170
                0x080015d0                Vector104
                0x080015d0                Vector184
                0x080015d0                Vector10C
                0x080015d0                Vector14C
                0x080015d0                BusFault_Handler
                0x080015d0                Vector50
                0x080015d0                Vector194
                0x080015d0                Vector154
                0x080015d0                Vector28
                0x080015d0                VectorB8
                0x080015d0                VectorFC
                0x080015d0                Vector34
                0x080015d0                Vector20
                0x080015d0                Vector18C
                0x080015d0                Vector174
 .text._idle_thread
                0x080015e0       0x10 build/obj/chsys.o
 .text.chSysInit
                0x080015f0       0xa0 build/obj/chsys.o
                0x080015f0                chSysInit
 .text.chSysHalt
                0x08001690       0x10 build/obj/chsys.o
                0x08001690                chSysHalt
 .text.chSysTimerHandlerI
                0x080016a0       0x80 build/obj/chsys.o
                0x080016a0                chSysTimerHandlerI
 .text.chSysGetStatusAndLockX
                0x08001720       0x20 build/obj/chsys.o
                0x08001720                chSysGetStatusAndLockX
 .text.chSysRestoreStatusX
                0x08001740       0x20 build/obj/chsys.o
                0x08001740                chSysRestoreStatusX
 .text.chSysPolledDelayX
                0x08001760       0x20 build/obj/chsys.o
                0x08001760                chSysPolledDelayX
 .text._vt_init
                0x08001780       0x20 build/obj/chvt.o
                0x08001780                _vt_init
 .text.chVTDoSetI
                0x080017a0       0x80 build/obj/chvt.o
                0x080017a0                chVTDoSetI
 .text.chVTDoResetI
                0x08001820       0x80 build/obj/chvt.o
                0x08001820                chVTDoResetI
 .text.wakeup   0x080018a0       0x70 build/obj/chschd.o
 .text._scheduler_init
                0x08001910       0x20 build/obj/chschd.o
                0x08001910                _scheduler_init
 .text.chSchReadyI
                0x08001930       0x30 build/obj/chschd.o
                0x08001930                chSchReadyI
 .text.chSchGoSleepS
                0x08001960       0x30 build/obj/chschd.o
                0x08001960                chSchGoSleepS
 .text.chSchGoSleepTimeoutS
                0x08001990       0x50 build/obj/chschd.o
                0x08001990                chSchGoSleepTimeoutS
 .text.chSchWakeupS
                0x080019e0       0x60 build/obj/chschd.o
                0x080019e0                chSchWakeupS
 .text.chSchIsPreemptionRequired
                0x08001a40       0x20 build/obj/chschd.o
                0x08001a40                chSchIsPreemptionRequired
 .text.chSchDoRescheduleAhead
                0x08001a60       0x40 build/obj/chschd.o
                0x08001a60                chSchDoRescheduleAhead
 .text.chSchRescheduleS
                0x08001aa0       0x20 build/obj/chschd.o
                0x08001aa0                chSchRescheduleS
 .text.chSchDoReschedule
                0x08001ac0       0x10 build/obj/chschd.o
                0x08001ac0                chSchDoReschedule
 .text._thread_init
                0x08001ad0       0x50 build/obj/chthreads.o
                0x08001ad0                _thread_init
 .text.chThdCreateI
                0x08001b20       0x70 build/obj/chthreads.o
                0x08001b20                chThdCreateI
 .text.chThdCreateStatic
                0x08001b90       0x80 build/obj/chthreads.o
                0x08001b90                chThdCreateStatic
 .text.chThdSleep
                0x08001c10       0x20 build/obj/chthreads.o
                0x08001c10                chThdSleep
 .text.chThdExitS
                0x08001c30       0x40 build/obj/chthreads.o
                0x08001c30                chThdExitS
 .text.chThdExit
                0x08001c70       0x10 build/obj/chthreads.o
                0x08001c70                chThdExit
 .text.chThdWait
                0x08001c80       0x40 build/obj/chthreads.o
                0x08001c80                chThdWait
 .text.chThdSuspendS
                0x08001cc0       0x20 build/obj/chthreads.o
                0x08001cc0                chThdSuspendS
 .text.chThdResumeI
                0x08001ce0       0x20 build/obj/chthreads.o
                0x08001ce0                chThdResumeI
 .text.chThdEnqueueTimeoutS
                0x08001d00       0x30 build/obj/chthreads.o
                0x08001d00                chThdEnqueueTimeoutS
 .text.chThdDequeueNextI
                0x08001d30       0x30 build/obj/chthreads.o
                0x08001d30                chThdDequeueNextI
 .text.chTMStartMeasurementX
                0x08001d60       0x10 build/obj/chtm.o
                0x08001d60                chTMStartMeasurementX
 .text.chTMStopMeasurementX
                0x08001d70       0x50 build/obj/chtm.o
                0x08001d70                chTMStopMeasurementX
 .text._tm_init
                0x08001dc0       0x40 build/obj/chtm.o
                0x08001dc0                _tm_init
 .text.chThdRelease
                0x08001e00       0x50 build/obj/chdynamic.o
                0x08001e00                chThdRelease
 .text.chThdCreateFromHeap
                0x08001e50       0x40 build/obj/chdynamic.o
                0x08001e50                chThdCreateFromHeap
 .text.chSemObjectInit
                0x08001e90       0x10 build/obj/chsem.o
                0x08001e90                chSemObjectInit
 .text.chSemWaitS
                0x08001ea0       0x40 build/obj/chsem.o
                0x08001ea0                chSemWaitS
 .text.chSemWait
                0x08001ee0       0x20 build/obj/chsem.o
                0x08001ee0                chSemWait
 .text.chSemSignalI
                0x08001f00       0x20 build/obj/chsem.o
                0x08001f00                chSemSignalI
 .text.chMtxObjectInit
                0x08001f20       0x10 build/obj/chmtx.o
                0x08001f20                chMtxObjectInit
 .text.chMtxLockS
                0x08001f30       0xd0 build/obj/chmtx.o
                0x08001f30                chMtxLockS
 .text.chMtxLock
                0x08002000       0x20 build/obj/chmtx.o
                0x08002000                chMtxLock
 .text.chMtxUnlock
                0x08002020       0x70 build/obj/chmtx.o
                0x08002020                chMtxUnlock
 .text.chEvtRegisterMaskWithFlags
                0x08002090       0x30 build/obj/chevents.o
                0x08002090                chEvtRegisterMaskWithFlags
 .text.chEvtSignalI
                0x080020c0       0x30 build/obj/chevents.o
                0x080020c0                chEvtSignalI
 .text.chEvtBroadcastFlagsI
                0x080020f0       0x30 build/obj/chevents.o
                0x080020f0                chEvtBroadcastFlagsI
 .text.chEvtDispatch
                0x08002120       0x40 build/obj/chevents.o
                0x08002120                chEvtDispatch
 .text.chEvtWaitOne
                0x08002160       0x40 build/obj/chevents.o
                0x08002160                chEvtWaitOne
 .text.chIQObjectInit
                0x080021a0       0x20 build/obj/chqueues.o
                0x080021a0                chIQObjectInit
 .text.chIQPutI
                0x080021c0       0x40 build/obj/chqueues.o
                0x080021c0                chIQPutI
 .text.chIQGetTimeout
                0x08002200       0x50 build/obj/chqueues.o
                0x08002200                chIQGetTimeout
 .text.chIQReadTimeout
                0x08002250       0x80 build/obj/chqueues.o
                0x08002250                chIQReadTimeout
 .text.chOQObjectInit
                0x080022d0       0x20 build/obj/chqueues.o
                0x080022d0                chOQObjectInit
 .text.chOQPutTimeout
                0x080022f0       0x60 build/obj/chqueues.o
                0x080022f0                chOQPutTimeout
 .text.chOQGetI
                0x08002350       0x40 build/obj/chqueues.o
                0x08002350                chOQGetI
 .text.chOQWriteTimeout
                0x08002390       0x90 build/obj/chqueues.o
                0x08002390                chOQWriteTimeout
 .text._core_init
                0x08002420       0x30 build/obj/chmemcore.o
                0x08002420                _core_init
 .text.chCoreAlloc
                0x08002450       0x40 build/obj/chmemcore.o
                0x08002450                chCoreAlloc
 .text._heap_init
                0x08002490       0x20 build/obj/chheap.o
                0x08002490                _heap_init
 .text.chHeapAlloc
                0x080024b0       0x90 build/obj/chheap.o
                0x080024b0                chHeapAlloc
 .text.chHeapFree
                0x08002540       0xa0 build/obj/chheap.o
                0x08002540                chHeapFree
 .text.chPoolFree
                0x080025e0       0x20 build/obj/chmempools.o
                0x080025e0                chPoolFree
 .text.SVC_Handler
                0x08002600       0x20 build/obj/chcore_v7m.o
                0x08002600                SVC_Handler
 .text._port_irq_epilogue
                0x08002620       0x50 build/obj/chcore_v7m.o
                0x08002620                _port_irq_epilogue
 .text.halInit  0x08002670       0x40 build/obj/hal.o
                0x08002670                halInit
 .text.stInit   0x080026b0       0x10 build/obj/st.o
                0x080026b0                stInit
 .text.stStartAlarm
                0x080026c0       0x10 build/obj/st.o
                0x080026c0                stStartAlarm
 .text.stStopAlarm
                0x080026d0       0x10 build/obj/st.o
                0x080026d0                stStopAlarm
 .text.stSetAlarm
                0x080026e0       0x10 build/obj/st.o
                0x080026e0                stSetAlarm
 .text._mmcsd_get_slice
                0x080026f0       0x50 build/obj/hal_mmcsd.o
                0x080026f0                _mmcsd_get_slice
 .text._mmcsd_get_capacity
                0x08002740       0x60 build/obj/hal_mmcsd.o
                0x08002740                _mmcsd_get_capacity
 .text.adcInit  0x080027a0       0x10 build/obj/adc.o
                0x080027a0                adcInit
 .text.adcObjectInit
                0x080027b0       0x20 build/obj/adc.o
                0x080027b0                adcObjectInit
 .text.adcStart
                0x080027d0       0x20 build/obj/adc.o
                0x080027d0                adcStart
 .text.adcStartConversion
                0x080027f0       0x20 build/obj/adc.o
                0x080027f0                adcStartConversion
 .text.extInit  0x08002810       0x10 build/obj/ext.o
                0x08002810                extInit
 .text.extObjectInit
                0x08002820       0x10 build/obj/ext.o
                0x08002820                extObjectInit
 .text.extStart
                0x08002830       0x20 build/obj/ext.o
                0x08002830                extStart
 .text.gptInit  0x08002850       0x10 build/obj/gpt.o
                0x08002850                gptInit
 .text.gptObjectInit
                0x08002860       0x10 build/obj/gpt.o
                0x08002860                gptObjectInit
 .text.mmcGetInfo
                0x08002870       0x20 build/obj/mmc_spi.o
                0x08002870                mmcGetInfo
 .text.recvr1.isra.0
                0x08002890       0x30 build/obj/mmc_spi.o
 .text.wait.isra.1
                0x080028c0       0x40 build/obj/mmc_spi.o
 .text.send_hdr
                0x08002900       0x70 build/obj/mmc_spi.o
 .text.send_command_R3
                0x08002970       0x40 build/obj/mmc_spi.o
 .text.send_command_R1
                0x080029b0       0x30 build/obj/mmc_spi.o
 .text.read_CxD
                0x080029e0       0xb0 build/obj/mmc_spi.o
 .text.mmcConnect
                0x08002a90      0x120 build/obj/mmc_spi.o
                0x08002a90                mmcConnect
 .text.sync.isra.2
                0x08002bb0       0x40 build/obj/mmc_spi.o
 .text.mmcDisconnect
                0x08002bf0       0x50 build/obj/mmc_spi.o
                0x08002bf0                mmcDisconnect
 .text.mmcSync  0x08002c40       0x30 build/obj/mmc_spi.o
                0x08002c40                mmcSync
 .text.mmcInit  0x08002c70       0x10 build/obj/mmc_spi.o
                0x08002c70                mmcInit
 .text.mmcObjectInit
                0x08002c80       0x20 build/obj/mmc_spi.o
                0x08002c80                mmcObjectInit
 .text.mmcStart
                0x08002ca0       0x10 build/obj/mmc_spi.o
                0x08002ca0                mmcStart
 .text.mmcStartSequentialRead
                0x08002cb0       0x60 build/obj/mmc_spi.o
                0x08002cb0                mmcStartSequentialRead
 .text.mmcSequentialRead
                0x08002d10       0x60 build/obj/mmc_spi.o
                0x08002d10                mmcSequentialRead
 .text.mmcStopSequentialRead
                0x08002d70       0x40 build/obj/mmc_spi.o
                0x08002d70                mmcStopSequentialRead
 .text.mmc_read
                0x08002db0       0x40 build/obj/mmc_spi.o
 .text.mmcStartSequentialWrite
                0x08002df0       0x60 build/obj/mmc_spi.o
                0x08002df0                mmcStartSequentialWrite
 .text.mmcSequentialWrite
                0x08002e50       0x80 build/obj/mmc_spi.o
                0x08002e50                mmcSequentialWrite
 .text.mmcStopSequentialWrite
                0x08002ed0       0x30 build/obj/mmc_spi.o
                0x08002ed0                mmcStopSequentialWrite
 .text.mmc_write
                0x08002f00       0x40 build/obj/mmc_spi.o
 .text.rtcInit  0x08002f40       0x10 build/obj/rtc.o
                0x08002f40                rtcInit
 .text.rtcObjectInit
                0x08002f50       0x10 build/obj/rtc.o
                0x08002f50                rtcObjectInit
 .text.rtcSetTime
                0x08002f60       0x10 build/obj/rtc.o
                0x08002f60                rtcSetTime
 .text.rtcGetTime
                0x08002f70       0x10 build/obj/rtc.o
                0x08002f70                rtcGetTime
 .text.rtcConvertDateTimeToStructTm
                0x08002f80       0xb0 build/obj/rtc.o
                0x08002f80                rtcConvertDateTimeToStructTm
 .text.rtcConvertStructTmToDateTime
                0x08003030       0x70 build/obj/rtc.o
                0x08003030                rtcConvertStructTmToDateTime
 .text.rtcConvertDateTimeToFAT
                0x080030a0       0x90 build/obj/rtc.o
                0x080030a0                rtcConvertDateTimeToFAT
 .text.readt    0x08003130       0x10 build/obj/serial.o
 .text.read     0x08003140       0x10 build/obj/serial.o
 .text.writet   0x08003150       0x10 build/obj/serial.o
 .text.write    0x08003160       0x10 build/obj/serial.o
 .text.gett     0x08003170       0x10 build/obj/serial.o
 .text.get      0x08003180       0x10 build/obj/serial.o
 .text.putt     0x08003190       0x10 build/obj/serial.o
 .text.put      0x080031a0       0x10 build/obj/serial.o
 .text.sdInit   0x080031b0       0x10 build/obj/serial.o
                0x080031b0                sdInit
 .text.sdObjectInit
                0x080031c0       0x50 build/obj/serial.o
                0x080031c0                sdObjectInit
 .text.sdStart  0x08003210       0x20 build/obj/serial.o
                0x08003210                sdStart
 .text.sdIncomingDataI
                0x08003230       0x40 build/obj/serial.o
                0x08003230                sdIncomingDataI
 .text.spiInit  0x08003270       0x10 build/obj/spi.o
                0x08003270                spiInit
 .text.spiObjectInit
                0x08003280       0x10 build/obj/spi.o
                0x08003280                spiObjectInit
 .text.spiStart
                0x08003290       0x20 build/obj/spi.o
                0x08003290                spiStart
 .text.spiStop  0x080032b0       0x20 build/obj/spi.o
                0x080032b0                spiStop
 .text.spiSelect
                0x080032d0       0x20 build/obj/spi.o
                0x080032d0                spiSelect
 .text.spiUnselect
                0x080032f0       0x20 build/obj/spi.o
                0x080032f0                spiUnselect
 .text.spiIgnore
                0x08003310       0x30 build/obj/spi.o
                0x08003310                spiIgnore
 .text.spiSend  0x08003340       0x30 build/obj/spi.o
                0x08003340                spiSend
 .text.spiReceive
                0x08003370       0x30 build/obj/spi.o
                0x08003370                spiReceive
 .text.nvicEnableVector
                0x080033a0       0x40 build/obj/nvic.o
                0x080033a0                nvicEnableVector
 .text.nvicDisableVector
                0x080033e0       0x30 build/obj/nvic.o
                0x080033e0                nvicDisableVector
 .text.hal_lld_init
                0x08003410       0x80 build/obj/hal_lld.o
                0x08003410                hal_lld_init
 .text.stm32_clock_init
                0x08003490       0xa0 build/obj/hal_lld.o
                0x08003490                stm32_clock_init
 .text.Vector6C
                0x08003530       0x30 build/obj/stm32_dma.o
                0x08003530                Vector6C
 .text.Vector70
                0x08003560       0x30 build/obj/stm32_dma.o
                0x08003560                Vector70
 .text.Vector74
                0x08003590       0x30 build/obj/stm32_dma.o
                0x08003590                Vector74
 .text.Vector78
                0x080035c0       0x30 build/obj/stm32_dma.o
                0x080035c0                Vector78
 .text.Vector7C
                0x080035f0       0x30 build/obj/stm32_dma.o
                0x080035f0                Vector7C
 .text.Vector80
                0x08003620       0x30 build/obj/stm32_dma.o
                0x08003620                Vector80
 .text.Vector84
                0x08003650       0x30 build/obj/stm32_dma.o
                0x08003650                Vector84
 .text.Vector120
                0x08003680       0x30 build/obj/stm32_dma.o
                0x08003680                Vector120
 .text.Vector124
                0x080036b0       0x30 build/obj/stm32_dma.o
                0x080036b0                Vector124
 .text.Vector128
                0x080036e0       0x30 build/obj/stm32_dma.o
                0x080036e0                Vector128
 .text.Vector12C
                0x08003710       0x30 build/obj/stm32_dma.o
                0x08003710                Vector12C
 .text.Vector130
                0x08003740       0x30 build/obj/stm32_dma.o
                0x08003740                Vector130
 .text.dmaInit  0x08003770       0x50 build/obj/stm32_dma.o
                0x08003770                dmaInit
 .text.dmaStreamAllocate
                0x080037c0       0xa0 build/obj/stm32_dma.o
                0x080037c0                dmaStreamAllocate
 .text.dmaStreamRelease
                0x08003860       0x60 build/obj/stm32_dma.o
                0x08003860                dmaStreamRelease
 .text.VectorB0
                0x080038c0       0x30 build/obj/st_lld.o
                0x080038c0                VectorB0
 .text.st_lld_init
                0x080038f0       0x50 build/obj/st_lld.o
                0x080038f0                st_lld_init
 .text.adc_lld_init
                0x08003940       0x70 build/obj/adc_lld.o
                0x08003940                adc_lld_init
 .text.adc_lld_start
                0x080039b0       0xa0 build/obj/adc_lld.o
                0x080039b0                adc_lld_start
 .text.adc_lld_start_conversion
                0x08003a50       0x90 build/obj/adc_lld.o
                0x08003a50                adc_lld_start_conversion
 .text.adc_lld_stop_conversion
                0x08003ae0       0x40 build/obj/adc_lld.o
                0x08003ae0                adc_lld_stop_conversion
 .text.adc_lld_serve_dma_interrupt
                0x08003b20       0xd0 build/obj/adc_lld.o
 .text.Vector88
                0x08003bf0      0x140 build/obj/adc_lld.o
                0x08003bf0                Vector88
 .text.ext_lld_init
                0x08003d30       0x10 build/obj/ext_lld.o
                0x08003d30                ext_lld_init
 .text.ext_lld_channel_enable
                0x08003d40      0x110 build/obj/ext_lld.o
                0x08003d40                ext_lld_channel_enable
 .text.ext_lld_channel_disable
                0x08003e50       0x50 build/obj/ext_lld.o
                0x08003e50                ext_lld_channel_disable
 .text.ext_lld_start
                0x08003ea0       0x40 build/obj/ext_lld.o
                0x08003ea0                ext_lld_start
 .text.Vector58
                0x08003ee0       0x30 build/obj/ext_lld_isr.o
                0x08003ee0                Vector58
 .text.Vector5C
                0x08003f10       0x30 build/obj/ext_lld_isr.o
                0x08003f10                Vector5C
 .text.Vector60
                0x08003f40       0x30 build/obj/ext_lld_isr.o
                0x08003f40                Vector60
 .text.Vector64
                0x08003f70       0x30 build/obj/ext_lld_isr.o
                0x08003f70                Vector64
 .text.Vector68
                0x08003fa0       0x30 build/obj/ext_lld_isr.o
                0x08003fa0                Vector68
 .text.Vector9C
                0x08003fd0       0x70 build/obj/ext_lld_isr.o
                0x08003fd0                Vector9C
 .text.VectorE0
                0x08004040       0x80 build/obj/ext_lld_isr.o
                0x08004040                VectorE0
 .text.Vector44
                0x080040c0       0x30 build/obj/ext_lld_isr.o
                0x080040c0                Vector44
 .text.VectorE4
                0x080040f0       0x30 build/obj/ext_lld_isr.o
                0x080040f0                VectorE4
 .text.VectorE8
                0x08004120       0x30 build/obj/ext_lld_isr.o
                0x08004120                VectorE8
 .text.Vector48
                0x08004150       0x30 build/obj/ext_lld_isr.o
                0x08004150                Vector48
 .text.Vector4C
                0x08004180       0x30 build/obj/ext_lld_isr.o
                0x08004180                Vector4C
 .text.Vector140
                0x080041b0       0x60 build/obj/ext_lld_isr.o
                0x080041b0                Vector140
 .text.Vector144
                0x08004210       0x70 build/obj/ext_lld_isr.o
                0x08004210                Vector144
 .text.Vector148
                0x08004280       0x30 build/obj/ext_lld_isr.o
                0x08004280                Vector148
 .text.ext_lld_exti_irq_enable
                0x080042b0       0x80 build/obj/ext_lld_isr.o
                0x080042b0                ext_lld_exti_irq_enable
 .text._pal_lld_init
                0x08004330      0x100 build/obj/pal_lld.o
                0x08004330                _pal_lld_init
 .text._pal_lld_setgroupmode
                0x08004430       0xd0 build/obj/pal_lld.o
                0x08004430                _pal_lld_setgroupmode
 .text.rtc_lld_init
                0x08004500       0x60 build/obj/rtc_lld.o
                0x08004500                rtc_lld_init
 .text.rtc_lld_set_time
                0x08004560      0x130 build/obj/rtc_lld.o
                0x08004560                rtc_lld_set_time
 .text.rtc_lld_get_time
                0x08004690       0xf0 build/obj/rtc_lld.o
                0x08004690                rtc_lld_get_time
 .text.spi_lld_serve_tx_interrupt
                0x08004780       0x10 build/obj/spi_lld.o
 .text.spi_lld_serve_rx_interrupt
                0x08004790       0x80 build/obj/spi_lld.o
 .text.spi_lld_init
                0x08004810       0x40 build/obj/spi_lld.o
                0x08004810                spi_lld_init
 .text.spi_lld_start
                0x08004850       0xb0 build/obj/spi_lld.o
                0x08004850                spi_lld_start
 .text.spi_lld_stop
                0x08004900       0x40 build/obj/spi_lld.o
                0x08004900                spi_lld_stop
 .text.spi_lld_select
                0x08004940       0x20 build/obj/spi_lld.o
                0x08004940                spi_lld_select
 .text.spi_lld_unselect
                0x08004960       0x20 build/obj/spi_lld.o
                0x08004960                spi_lld_unselect
 .text.spi_lld_ignore
                0x08004980       0x40 build/obj/spi_lld.o
                0x08004980                spi_lld_ignore
 .text.spi_lld_send
                0x080049c0       0x40 build/obj/spi_lld.o
                0x080049c0                spi_lld_send
 .text.spi_lld_receive
                0x08004a00       0x40 build/obj/spi_lld.o
                0x08004a00                spi_lld_receive
 .text.gpt_lld_init
                0x08004a40       0x20 build/obj/gpt_lld.o
                0x08004a40                gpt_lld_init
 .text.gpt_lld_serve_interrupt
                0x08004a60       0x30 build/obj/gpt_lld.o
                0x08004a60                gpt_lld_serve_interrupt
 .text.VectorA4
                0x08004a90       0x20 build/obj/gpt_lld.o
                0x08004a90                VectorA4
 .text.notify1  0x08004ab0       0x10 build/obj/serial_lld.o
 .text.notify2  0x08004ac0       0x10 build/obj/serial_lld.o
 .text.serve_interrupt
                0x08004ad0       0xf0 build/obj/serial_lld.o
 .text.VectorD4
                0x08004bc0       0x20 build/obj/serial_lld.o
                0x08004bc0                VectorD4
 .text.VectorD8
                0x08004be0       0x20 build/obj/serial_lld.o
                0x08004be0                VectorD8
 .text.sd_lld_init
                0x08004c00       0x60 build/obj/serial_lld.o
                0x08004c00                sd_lld_init
 .text.sd_lld_start
                0x08004c60       0x80 build/obj/serial_lld.o
                0x08004c60                sd_lld_start
 .text.__early_init
                0x08004ce0       0x10 build/obj/board.o
                0x08004ce0                __early_init
 .text.mmc_lld_is_card_inserted
                0x08004cf0       0x10 build/obj/board.o
                0x08004cf0                mmc_lld_is_card_inserted
 .text.mmc_lld_is_write_protected
                0x08004d00       0x10 build/obj/board.o
                0x08004d00                mmc_lld_is_write_protected
 .text.boardInit
                0x08004d10       0x10 build/obj/board.o
                0x08004d10                boardInit
 .text.cmd_systime
                0x08004d20       0x30 build/obj/shell.o
 .text.cmd_info
                0x08004d50       0xc0 build/obj/shell.o
 .text._strtok.constprop.2
                0x08004e10       0x40 build/obj/shell.o
 .text.shellInit
                0x08004e50       0x10 build/obj/shell.o
                0x08004e50                shellInit
 .text.shellExit
                0x08004e60       0x20 build/obj/shell.o
                0x08004e60                shellExit
 .text.shellCreate
                0x08004e80       0x20 build/obj/shell.o
                0x08004e80                shellCreate
 .text.shellGetLine
                0x08004ea0       0xa0 build/obj/shell.o
                0x08004ea0                shellGetLine
 .text.shell_thread
                0x08004f40      0x1a0 build/obj/shell.o
 .text._sbrk_r  0x080050e0       0x20 build/obj/syscalls.o
                0x080050e0                _sbrk_r
 .text.long_to_string_with_divisor.constprop.0
                0x08005100       0x50 build/obj/chprintf.o
 .text.chvprintf
                0x08005150      0x280 build/obj/chprintf.o
                0x08005150                chvprintf
 .text.chprintf
                0x080053d0       0x20 build/obj/chprintf.o
                0x080053d0                chprintf
 .text.get_ldnumber
                0x080053f0       0x50 build/obj/ff.o
 .text.validate
                0x08005440       0x30 build/obj/ff.o
 .text.sync_window.part.3
                0x08005470       0x50 build/obj/ff.o
 .text.sync_fs  0x080054c0       0xe0 build/obj/ff.o
 .text.move_window
                0x080055a0       0x40 build/obj/ff.o
 .text.check_fs
                0x080055e0       0x90 build/obj/ff.o
 .text.find_volume
                0x08005670      0x330 build/obj/ff.o
 .text.get_fat.part.6
                0x080059a0       0xd0 build/obj/ff.o
 .text.dir_sdi  0x08005a70       0xa0 build/obj/ff.o
 .text.put_fat.part.8
                0x08005b10      0x100 build/obj/ff.o
 .text.create_chain
                0x08005c10       0xd0 build/obj/ff.o
 .text.dir_next
                0x08005ce0      0x140 build/obj/ff.o
 .text.follow_path
                0x08005e20      0x200 build/obj/ff.o
 .text.remove_chain.part.10
                0x08006020       0x60 build/obj/ff.o
 .text.dir_register
                0x08006080       0x70 build/obj/ff.o
 .text.f_mount  0x080060f0       0x60 build/obj/ff.o
                0x080060f0                f_mount
 .text.f_open   0x08006150      0x180 build/obj/ff.o
                0x08006150                f_open
 .text.f_write  0x080062d0      0x1d0 build/obj/ff.o
                0x080062d0                f_write
 .text.f_sync   0x080064a0       0xb0 build/obj/ff.o
                0x080064a0                f_sync
 .text.f_close  0x08006550       0x20 build/obj/ff.o
                0x08006550                f_close
 .text.f_lseek  0x08006570      0x170 build/obj/ff.o
                0x08006570                f_lseek
 .text.disk_initialize
                0x080066e0       0x30 build/obj/fatfs_diskio.o
                0x080066e0                disk_initialize
 .text.disk_status
                0x08006710       0x30 build/obj/fatfs_diskio.o
                0x08006710                disk_status
 .text.disk_read
                0x08006740       0x60 build/obj/fatfs_diskio.o
                0x08006740                disk_read
 .text.disk_write
                0x080067a0       0x70 build/obj/fatfs_diskio.o
                0x080067a0                disk_write
 .text.disk_ioctl
                0x08006810       0x20 build/obj/fatfs_diskio.o
                0x08006810                disk_ioctl
 .text.get_fattime
                0x08006830       0x20 build/obj/fatfs_diskio.o
                0x08006830                get_fattime
 .text.cmd_data
                0x08006850       0x50 build/obj/main.o
                0x08006850                cmd_data
 .text.cmd_rtcSet
                0x080068a0       0x30 build/obj/main.o
                0x080068a0                cmd_rtcSet
 .text.extcb    0x080068d0       0x30 build/obj/main.o
 .text.termination_handler
                0x08006900       0x50 build/obj/main.o
 .text.counterThread
                0x08006950       0x40 build/obj/main.o
 .text.dataThread
                0x08006990       0xf0 build/obj/main.o
 .text.cmd_time
                0x08006a80      0x140 build/obj/main.o
 .text.init_mmc
                0x08006bc0       0x80 build/obj/main.o
                0x08006bc0                init_mmc
 .text.appendToCard
                0x08006c40       0xa0 build/obj/main.o
                0x08006c40                appendToCard
 .text.buttonThread
                0x08006ce0      0x190 build/obj/main.o
 .text.cmd_writeSD
                0x08006e70       0x30 build/obj/main.o
 .text.initSDcard
                0x08006ea0       0x50 build/obj/main.o
                0x08006ea0                initSDcard
 .text.startup.main
                0x08006ef0      0x1c0 build/obj/main.o
                0x08006ef0                main
 .text.asctime  0x080070b0       0x10 /nfs/nfs5/home/research/hardware/arm2/gcc-arm-embedded/gcc-arm-none-eabi-4_8-2014q2/bin/../lib/gcc/arm-none-eabi/4.8.4/../../../../arm-none-eabi/lib/armv7e-m/libg.a(lib_a-asctime.o)
                0x080070b0                asctime
 .text.asctime_r
                0x080070c0       0x50 /nfs/nfs5/home/research/hardware/arm2/gcc-arm-embedded/gcc-arm-none-eabi-4_8-2014q2/bin/../lib/gcc/arm-none-eabi/4.8.4/../../../../arm-none-eabi/lib/armv7e-m/libg.a(lib_a-asctime_r.o)
                0x080070c0                asctime_r
 .text.atoi     0x08007110        0x8 /nfs/nfs5/home/research/hardware/arm2/gcc-arm-embedded/gcc-arm-none-eabi-4_8-2014q2/bin/../lib/gcc/arm-none-eabi/4.8.4/../../../../arm-none-eabi/lib/armv7e-m/libg.a(lib_a-atoi.o)
                0x08007110                atoi
 *fill*         0x08007118        0x8 
 .text.localtime
                0x08007120       0x10 /nfs/nfs5/home/research/hardware/arm2/gcc-arm-embedded/gcc-arm-none-eabi-4_8-2014q2/bin/../lib/gcc/arm-none-eabi/4.8.4/../../../../arm-none-eabi/lib/armv7e-m/libg.a(lib_a-lcltime.o)
                0x08007120                localtime
 .text.localtime_r
                0x08007130        0x8 /nfs/nfs5/home/research/hardware/arm2/gcc-arm-embedded/gcc-arm-none-eabi-4_8-2014q2/bin/../lib/gcc/arm-none-eabi/4.8.4/../../../../arm-none-eabi/lib/armv7e-m/libg.a(lib_a-lcltime_r.o)
                0x08007130                localtime_r
 *fill*         0x08007138        0x8 
 .text.memset   0x08007140       0x94 /nfs/nfs5/home/research/hardware/arm2/gcc-arm-embedded/gcc-arm-none-eabi-4_8-2014q2/bin/../lib/gcc/arm-none-eabi/4.8.4/../../../../arm-none-eabi/lib/armv7e-m/libg.a(lib_a-memset.o)
                0x08007140                memset
 *fill*         0x080071d4        0xc 
 .text.__tzcalc_limits
                0x080071e0      0x190 /nfs/nfs5/home/research/hardware/arm2/gcc-arm-embedded/gcc-arm-none-eabi-4_8-2014q2/bin/../lib/gcc/arm-none-eabi/4.8.4/../../../../arm-none-eabi/lib/armv7e-m/libg.a(lib_a-mktm_r.o)
                0x080071e0                __tzcalc_limits
 .text._mktm_r  0x08007370      0x35c /nfs/nfs5/home/research/hardware/arm2/gcc-arm-embedded/gcc-arm-none-eabi-4_8-2014q2/bin/../lib/gcc/arm-none-eabi/4.8.4/../../../../arm-none-eabi/lib/armv7e-m/libg.a(lib_a-mktm_r.o)
                0x08007370                _mktm_r
 *fill*         0x080076cc        0x4 
 .text.siprintf
                0x080076d0       0x4c /nfs/nfs5/home/research/hardware/arm2/gcc-arm-embedded/gcc-arm-none-eabi-4_8-2014q2/bin/../lib/gcc/arm-none-eabi/4.8.4/../../../../arm-none-eabi/lib/armv7e-m/libg.a(lib_a-siprintf.o)
                0x080076d0                siprintf
 *fill*         0x0800771c        0x4 
 .text.sprintf  0x08007720       0x4c /nfs/nfs5/home/research/hardware/arm2/gcc-arm-embedded/gcc-arm-none-eabi-4_8-2014q2/bin/../lib/gcc/arm-none-eabi/4.8.4/../../../../arm-none-eabi/lib/armv7e-m/libg.a(lib_a-sprintf.o)
                0x08007720                sprintf
 *fill*         0x0800776c        0x4 
 .text.strlen   0x08007770       0x60 /nfs/nfs5/home/research/hardware/arm2/gcc-arm-embedded/gcc-arm-none-eabi-4_8-2014q2/bin/../lib/gcc/arm-none-eabi/4.8.4/../../../../arm-none-eabi/lib/armv7e-m/libg.a(lib_a-strlen.o)
                0x08007770                strlen
 .text.strpbrk  0x080077d0       0x50 /nfs/nfs5/home/research/hardware/arm2/gcc-arm-embedded/gcc-arm-none-eabi-4_8-2014q2/bin/../lib/gcc/arm-none-eabi/4.8.4/../../../../arm-none-eabi/lib/armv7e-m/libg.a(lib_a-strpbrk.o)
                0x080077d0                strpbrk
 .text.strspn   0x08007820       0x40 /nfs/nfs5/home/research/hardware/arm2/gcc-arm-embedded/gcc-arm-none-eabi-4_8-2014q2/bin/../lib/gcc/arm-none-eabi/4.8.4/../../../../arm-none-eabi/lib/armv7e-m/libg.a(lib_a-strspn.o)
                0x08007820                strspn
 .text.critical_factorization
                0x08007860       0xbc /nfs/nfs5/home/research/hardware/arm2/gcc-arm-embedded/gcc-arm-none-eabi-4_8-2014q2/bin/../lib/gcc/arm-none-eabi/4.8.4/../../../../arm-none-eabi/lib/armv7e-m/libg.a(lib_a-strstr.o)
 *fill*         0x0800791c        0x4 
 .text.two_way_long_needle
                0x08007920      0x1ec /nfs/nfs5/home/research/hardware/arm2/gcc-arm-embedded/gcc-arm-none-eabi-4_8-2014q2/bin/../lib/gcc/arm-none-eabi/4.8.4/../../../../arm-none-eabi/lib/armv7e-m/libg.a(lib_a-strstr.o)
 *fill*         0x08007b0c        0x4 
 .text.strstr   0x08007b10      0x200 /nfs/nfs5/home/research/hardware/arm2/gcc-arm-embedded/gcc-arm-none-eabi-4_8-2014q2/bin/../lib/gcc/arm-none-eabi/4.8.4/../../../../arm-none-eabi/lib/armv7e-m/libg.a(lib_a-strstr.o)
                0x08007b10                strstr
 .text._strtol_r
                0x08007d10      0x114 /nfs/nfs5/home/research/hardware/arm2/gcc-arm-embedded/gcc-arm-none-eabi-4_8-2014q2/bin/../lib/gcc/arm-none-eabi/4.8.4/../../../../arm-none-eabi/lib/armv7e-m/libg.a(lib_a-strtol.o)
                0x08007d10                _strtol_r
 *fill*         0x08007e24        0xc 
 .text.strtol   0x08007e30       0x18 /nfs/nfs5/home/research/hardware/arm2/gcc-arm-embedded/gcc-arm-none-eabi-4_8-2014q2/bin/../lib/gcc/arm-none-eabi/4.8.4/../../../../arm-none-eabi/lib/armv7e-m/libg.a(lib_a-strtol.o)
                0x08007e30                strtol
 *fill*         0x08007e48        0x8 
 .text.__ssprint_r
                0x08007e50      0x100 /nfs/nfs5/home/research/hardware/arm2/gcc-arm-embedded/gcc-arm-none-eabi-4_8-2014q2/bin/../lib/gcc/arm-none-eabi/4.8.4/../../../../arm-none-eabi/lib/armv7e-m/libg.a(lib_a-svfiprintf.o)
                0x08007e50                __ssprint_r
 .text._svfiprintf_r
                0x08007f50      0xb3c /nfs/nfs5/home/research/hardware/arm2/gcc-arm-embedded/gcc-arm-none-eabi-4_8-2014q2/bin/../lib/gcc/arm-none-eabi/4.8.4/../../../../arm-none-eabi/lib/armv7e-m/libg.a(lib_a-svfiprintf.o)
                0x08007f50                _svfiprintf_r
 *fill*         0x08008a8c        0x4 
 .text._svfprintf_r
                0x08008a90     0x14f8 /nfs/nfs5/home/research/hardware/arm2/gcc-arm-embedded/gcc-arm-none-eabi-4_8-2014q2/bin/../lib/gcc/arm-none-eabi/4.8.4/../../../../arm-none-eabi/lib/armv7e-m/libg.a(lib_a-svfprintf.o)
                0x08008a90                _svfprintf_r
 *fill*         0x08009f88        0x8 
 .text.__tz_lock
                0x08009f90        0x4 /nfs/nfs5/home/research/hardware/arm2/gcc-arm-embedded/gcc-arm-none-eabi-4_8-2014q2/bin/../lib/gcc/arm-none-eabi/4.8.4/../../../../arm-none-eabi/lib/armv7e-m/libg.a(lib_a-tzlock.o)
                0x08009f90                __tz_lock
 *fill*         0x08009f94        0xc 
 .text.__tz_unlock
                0x08009fa0        0x4 /nfs/nfs5/home/research/hardware/arm2/gcc-arm-embedded/gcc-arm-none-eabi-4_8-2014q2/bin/../lib/gcc/arm-none-eabi/4.8.4/../../../../arm-none-eabi/lib/armv7e-m/libg.a(lib_a-tzlock.o)
                0x08009fa0                __tz_unlock
 *fill*         0x08009fa4        0xc 
 .text.quorem   0x08009fb0      0x130 /nfs/nfs5/home/research/hardware/arm2/gcc-arm-embedded/gcc-arm-none-eabi-4_8-2014q2/bin/../lib/gcc/arm-none-eabi/4.8.4/../../../../arm-none-eabi/lib/armv7e-m/libg.a(lib_a-dtoa.o)
 .text._dtoa_r  0x0800a0e0      0xe38 /nfs/nfs5/home/research/hardware/arm2/gcc-arm-embedded/gcc-arm-none-eabi-4_8-2014q2/bin/../lib/gcc/arm-none-eabi/4.8.4/../../../../arm-none-eabi/lib/armv7e-m/libg.a(lib_a-dtoa.o)
                0x0800a0e0                _dtoa_r
 *fill*         0x0800af18        0x8 
 .text._malloc_trim_r
                0x0800af20       0x9c /nfs/nfs5/home/research/hardware/arm2/gcc-arm-embedded/gcc-arm-none-eabi-4_8-2014q2/bin/../lib/gcc/arm-none-eabi/4.8.4/../../../../arm-none-eabi/lib/armv7e-m/libg.a(lib_a-freer.o)
                0x0800af20                _malloc_trim_r
 *fill*         0x0800afbc        0x4 
 .text._free_r  0x0800afc0      0x19c /nfs/nfs5/home/research/hardware/arm2/gcc-arm-embedded/gcc-arm-none-eabi-4_8-2014q2/bin/../lib/gcc/arm-none-eabi/4.8.4/../../../../arm-none-eabi/lib/armv7e-m/libg.a(lib_a-freer.o)
                0x0800afc0                _free_r
 *fill*         0x0800b15c        0x4 
 .text.__gettzinfo
                0x0800b160        0x8 /nfs/nfs5/home/research/hardware/arm2/gcc-arm-embedded/gcc-arm-none-eabi-4_8-2014q2/bin/../lib/gcc/arm-none-eabi/4.8.4/../../../../arm-none-eabi/lib/armv7e-m/libg.a(lib_a-gettzinfo.o)
                0x0800b160                __gettzinfo
 *fill*         0x0800b168        0x8 
 .text._localeconv_r
                0x0800b170        0x8 /nfs/nfs5/home/research/hardware/arm2/gcc-arm-embedded/gcc-arm-none-eabi-4_8-2014q2/bin/../lib/gcc/arm-none-eabi/4.8.4/../../../../arm-none-eabi/lib/armv7e-m/libg.a(lib_a-locale.o)
                0x0800b170                _localeconv_r
 *fill*         0x0800b178        0x8 
 .text._malloc_r
                0x0800b180      0x538 /nfs/nfs5/home/research/hardware/arm2/gcc-arm-embedded/gcc-arm-none-eabi-4_8-2014q2/bin/../lib/gcc/arm-none-eabi/4.8.4/../../../../arm-none-eabi/lib/armv7e-m/libg.a(lib_a-mallocr.o)
                0x0800b180                _malloc_r
 *fill*         0x0800b6b8        0x8 
 .text.memchr   0x0800b6c0       0x90 /nfs/nfs5/home/research/hardware/arm2/gcc-arm-embedded/gcc-arm-none-eabi-4_8-2014q2/bin/../lib/gcc/arm-none-eabi/4.8.4/../../../../arm-none-eabi/lib/armv7e-m/libg.a(lib_a-memchr-stub.o)
                0x0800b6c0                memchr
 .text.memcmp   0x0800b750       0x68 /nfs/nfs5/home/research/hardware/arm2/gcc-arm-embedded/gcc-arm-none-eabi-4_8-2014q2/bin/../lib/gcc/arm-none-eabi/4.8.4/../../../../arm-none-eabi/lib/armv7e-m/libg.a(lib_a-memcmp.o)
                0x0800b750                memcmp
 *fill*         0x0800b7b8        0x8 
 .text.memmove  0x0800b7c0       0xc0 /nfs/nfs5/home/research/hardware/arm2/gcc-arm-embedded/gcc-arm-none-eabi-4_8-2014q2/bin/../lib/gcc/arm-none-eabi/4.8.4/../../../../arm-none-eabi/lib/armv7e-m/libg.a(lib_a-memmove.o)
                0x0800b7c0                memmove
 .text.__malloc_lock
                0x0800b880        0x4 /nfs/nfs5/home/research/hardware/arm2/gcc-arm-embedded/gcc-arm-none-eabi-4_8-2014q2/bin/../lib/gcc/arm-none-eabi/4.8.4/../../../../arm-none-eabi/lib/armv7e-m/libg.a(lib_a-mlock.o)
                0x0800b880                __malloc_lock
 *fill*         0x0800b884        0xc 
 .text.__malloc_unlock
                0x0800b890        0x4 /nfs/nfs5/home/research/hardware/arm2/gcc-arm-embedded/gcc-arm-none-eabi-4_8-2014q2/bin/../lib/gcc/arm-none-eabi/4.8.4/../../../../arm-none-eabi/lib/armv7e-m/libg.a(lib_a-mlock.o)
                0x0800b890                __malloc_unlock
 *fill*         0x0800b894        0xc 
 .text._Balloc  0x0800b8a0       0x4c /nfs/nfs5/home/research/hardware/arm2/gcc-arm-embedded/gcc-arm-none-eabi-4_8-2014q2/bin/../lib/gcc/arm-none-eabi/4.8.4/../../../../arm-none-eabi/lib/armv7e-m/libg.a(lib_a-mprec.o)
                0x0800b8a0                _Balloc
 *fill*         0x0800b8ec        0x4 
 .text._Bfree   0x0800b8f0       0x14 /nfs/nfs5/home/research/hardware/arm2/gcc-arm-embedded/gcc-arm-none-eabi-4_8-2014q2/bin/../lib/gcc/arm-none-eabi/4.8.4/../../../../arm-none-eabi/lib/armv7e-m/libg.a(lib_a-mprec.o)
                0x0800b8f0                _Bfree
 *fill*         0x0800b904        0xc 
 .text.__multadd
                0x0800b910       0x98 /nfs/nfs5/home/research/hardware/arm2/gcc-arm-embedded/gcc-arm-none-eabi-4_8-2014q2/bin/../lib/gcc/arm-none-eabi/4.8.4/../../../../arm-none-eabi/lib/armv7e-m/libg.a(lib_a-mprec.o)
                0x0800b910                __multadd
 *fill*         0x0800b9a8        0x8 
 .text.__hi0bits
                0x0800b9b0       0x40 /nfs/nfs5/home/research/hardware/arm2/gcc-arm-embedded/gcc-arm-none-eabi-4_8-2014q2/bin/../lib/gcc/arm-none-eabi/4.8.4/../../../../arm-none-eabi/lib/armv7e-m/libg.a(lib_a-mprec.o)
                0x0800b9b0                __hi0bits
 .text.__lo0bits
                0x0800b9f0       0x5c /nfs/nfs5/home/research/hardware/arm2/gcc-arm-embedded/gcc-arm-none-eabi-4_8-2014q2/bin/../lib/gcc/arm-none-eabi/4.8.4/../../../../arm-none-eabi/lib/armv7e-m/libg.a(lib_a-mprec.o)
                0x0800b9f0                __lo0bits
 *fill*         0x0800ba4c        0x4 
 .text.__i2b    0x0800ba50       0x14 /nfs/nfs5/home/research/hardware/arm2/gcc-arm-embedded/gcc-arm-none-eabi-4_8-2014q2/bin/../lib/gcc/arm-none-eabi/4.8.4/../../../../arm-none-eabi/lib/armv7e-m/libg.a(lib_a-mprec.o)
                0x0800ba50                __i2b
 *fill*         0x0800ba64        0xc 
 .text.__multiply
                0x0800ba70      0x13c /nfs/nfs5/home/research/hardware/arm2/gcc-arm-embedded/gcc-arm-none-eabi-4_8-2014q2/bin/../lib/gcc/arm-none-eabi/4.8.4/../../../../arm-none-eabi/lib/armv7e-m/libg.a(lib_a-mprec.o)
                0x0800ba70                __multiply
 *fill*         0x0800bbac        0x4 
 .text.__pow5mult
                0x0800bbb0       0x9c /nfs/nfs5/home/research/hardware/arm2/gcc-arm-embedded/gcc-arm-none-eabi-4_8-2014q2/bin/../lib/gcc/arm-none-eabi/4.8.4/../../../../arm-none-eabi/lib/armv7e-m/libg.a(lib_a-mprec.o)
                0x0800bbb0                __pow5mult
 *fill*         0x0800bc4c        0x4 
 .text.__lshift
                0x0800bc50       0xbc /nfs/nfs5/home/research/hardware/arm2/gcc-arm-embedded/gcc-arm-none-eabi-4_8-2014q2/bin/../lib/gcc/arm-none-eabi/4.8.4/../../../../arm-none-eabi/lib/armv7e-m/libg.a(lib_a-mprec.o)
                0x0800bc50                __lshift
 *fill*         0x0800bd0c        0x4 
 .text.__mcmp   0x0800bd10       0x48 /nfs/nfs5/home/research/hardware/arm2/gcc-arm-embedded/gcc-arm-none-eabi-4_8-2014q2/bin/../lib/gcc/arm-none-eabi/4.8.4/../../../../arm-none-eabi/lib/armv7e-m/libg.a(lib_a-mprec.o)
                0x0800bd10                __mcmp
 *fill*         0x0800bd58        0x8 
 .text.__mdiff  0x0800bd60       0xd4 /nfs/nfs5/home/research/hardware/arm2/gcc-arm-embedded/gcc-arm-none-eabi-4_8-2014q2/bin/../lib/gcc/arm-none-eabi/4.8.4/../../../../arm-none-eabi/lib/armv7e-m/libg.a(lib_a-mprec.o)
                0x0800bd60                __mdiff
 *fill*         0x0800be34        0xc 
 .text.__d2b    0x0800be40       0xbc /nfs/nfs5/home/research/hardware/arm2/gcc-arm-embedded/gcc-arm-none-eabi-4_8-2014q2/bin/../lib/gcc/arm-none-eabi/4.8.4/../../../../arm-none-eabi/lib/armv7e-m/libg.a(lib_a-mprec.o)
                0x0800be40                __d2b
 *fill*         0x0800befc        0x4 
 .text._realloc_r
                0x0800bf00      0x3cc /nfs/nfs5/home/research/hardware/arm2/gcc-arm-embedded/gcc-arm-none-eabi-4_8-2014q2/bin/../lib/gcc/arm-none-eabi/4.8.4/../../../../arm-none-eabi/lib/armv7e-m/libg.a(lib_a-reallocr.o)
                0x0800bf00                _realloc_r
 *fill*         0x0800c2cc        0x4 
 .text.__fpclassifyd
                0x0800c2d0       0x50 /nfs/nfs5/home/research/hardware/arm2/gcc-arm-embedded/gcc-arm-none-eabi-4_8-2014q2/bin/../lib/gcc/arm-none-eabi/4.8.4/../../../../arm-none-eabi/lib/armv7e-m/libg.a(lib_a-s_fpclassify.o)
                0x0800c2d0                __fpclassifyd
 .text.strchr   0x0800c320       0xf4 /nfs/nfs5/home/research/hardware/arm2/gcc-arm-embedded/gcc-arm-none-eabi-4_8-2014q2/bin/../lib/gcc/arm-none-eabi/4.8.4/../../../../arm-none-eabi/lib/armv7e-m/libg.a(lib_a-strchr.o)
                0x0800c320                strchr
 *fill*         0x0800c414        0xc 
 .text._calloc_r
                0x0800c420       0x60 /nfs/nfs5/home/research/hardware/arm2/gcc-arm-embedded/gcc-arm-none-eabi-4_8-2014q2/bin/../lib/gcc/arm-none-eabi/4.8.4/../../../../arm-none-eabi/lib/armv7e-m/libg.a(lib_a-callocr.o)
                0x0800c420                _calloc_r
 *(.rodata)
 *(.rodata.*)
 .rodata.ram_areas
                0x0800c480       0x80 build/obj/crt1.o
 .rodata.str1.4
                0x0800c500        0x5 build/obj/chsys.o
                                  0x8 (size before relaxing)
 *fill*         0x0800c505        0xb 
 .rodata.ch_debug
                0x0800c510       0x18 build/obj/chregistry.o
                0x0800c510                ch_debug
 *fill*         0x0800c528        0x8 
 .rodata.crc7_lookup_table
                0x0800c530      0x100 build/obj/mmc_spi.o
 .rodata.start.8177
                0x0800c630        0x4 build/obj/mmc_spi.o
 *fill*         0x0800c634        0xc 
 .rodata.stopcmd.8166
                0x0800c640        0x8 build/obj/mmc_spi.o
 *fill*         0x0800c648        0x8 
 .rodata.mmc_vmt
                0x0800c650       0x20 build/obj/mmc_spi.o
 .rodata.stop.8183
                0x0800c670        0x4 build/obj/mmc_spi.o
 *fill*         0x0800c674        0xc 
 .rodata.month_len
                0x0800c680        0xc build/obj/rtc.o
 *fill*         0x0800c68c        0x4 
 .rodata.vmt    0x0800c690       0x20 build/obj/serial.o
 .rodata._stm32_dma_streams
                0x0800c6b0       0xf0 build/obj/stm32_dma.o
                0x0800c6b0                _stm32_dma_streams
 .rodata.default_config
                0x0800c7a0        0x4 build/obj/adc_lld.o
 *fill*         0x0800c7a4        0xc 
 .rodata.dummytx
                0x0800c7b0        0x2 build/obj/spi_lld.o
 *fill*         0x0800c7b2        0xe 
 .rodata.str1.4
                0x0800c7c0        0xc build/obj/spi_lld.o
 *fill*         0x0800c7cc        0x4 
 .rodata.default_config
                0x0800c7d0       0x10 build/obj/serial_lld.o
 .rodata.pal_default_config
                0x0800c7e0       0xa8 build/obj/board.o
                0x0800c7e0                pal_default_config
 *fill*         0x0800c888        0x8 
 .rodata.str1.4
                0x0800c890      0x231 build/obj/shell.o
                                0x238 (size before relaxing)
 *fill*         0x0800cac1        0xf 
 .rodata.str1.4
                0x0800cad0        0x7 build/obj/chprintf.o
                                  0x8 (size before relaxing)
 *fill*         0x0800cad7        0x9 
 .rodata.str1.4
                0x0800cae0        0xf build/obj/ff.o
                                 0x10 (size before relaxing)
 *fill*         0x0800caef        0x1 
 .rodata.ExCvt  0x0800caf0       0x80 build/obj/ff.o
 .rodata.adcgrpcfg
                0x0800cb70       0x2c build/obj/main.o
 *fill*         0x0800cb9c        0x4 
 .rodata.lowSdcSpiConfig
                0x0800cba0       0x10 build/obj/main.o
 .rodata.str1.4
                0x0800cbb0      0x185 build/obj/main.o
                                0x190 (size before relaxing)
 *fill*         0x0800cd35        0xb 
 .rodata.mmcConfig
                0x0800cd40        0xc build/obj/main.o
 *fill*         0x0800cd4c        0x4 
 .rodata.commands
                0x0800cd50       0x28 build/obj/main.o
 *fill*         0x0800cd78        0x8 
 .rodata.highSdcSpiConfig
                0x0800cd80       0x10 build/obj/main.o
 .rodata.shell_cfg1
                0x0800cd90        0x8 build/obj/main.o
 *fill*         0x0800cd98        0x8 
 .rodata.day_name.4587
                0x0800cda0       0x18 /nfs/nfs5/home/research/hardware/arm2/gcc-arm-embedded/gcc-arm-none-eabi-4_8-2014q2/bin/../lib/gcc/arm-none-eabi/4.8.4/../../../../arm-none-eabi/lib/armv7e-m/libg.a(lib_a-asctime_r.o)
 *fill*         0x0800cdb8        0x8 
 .rodata.str1.4
                0x0800cdc0       0x20 /nfs/nfs5/home/research/hardware/arm2/gcc-arm-embedded/gcc-arm-none-eabi-4_8-2014q2/bin/../lib/gcc/arm-none-eabi/4.8.4/../../../../arm-none-eabi/lib/armv7e-m/libg.a(lib_a-asctime_r.o)
 .rodata.mon_name.4588
                0x0800cde0       0x24 /nfs/nfs5/home/research/hardware/arm2/gcc-arm-embedded/gcc-arm-none-eabi-4_8-2014q2/bin/../lib/gcc/arm-none-eabi/4.8.4/../../../../arm-none-eabi/lib/armv7e-m/libg.a(lib_a-asctime_r.o)
 *fill*         0x0800ce04        0xc 
 .rodata.str1.4
                0x0800ce10        0x2 /nfs/nfs5/home/research/hardware/arm2/gcc-arm-embedded/gcc-arm-none-eabi-4_8-2014q2/bin/../lib/gcc/arm-none-eabi/4.8.4/../../../../arm-none-eabi/lib/armv7e-m/libg.a(lib_a-impure.o)
                                  0x4 (size before relaxing)
 *fill*         0x0800ce12        0xe 
 .rodata.mon_lengths
                0x0800ce20       0x60 /nfs/nfs5/home/research/hardware/arm2/gcc-arm-embedded/gcc-arm-none-eabi-4_8-2014q2/bin/../lib/gcc/arm-none-eabi/4.8.4/../../../../arm-none-eabi/lib/armv7e-m/libg.a(lib_a-mktm_r.o)
 .rodata.year_lengths
                0x0800ce80        0x8 /nfs/nfs5/home/research/hardware/arm2/gcc-arm-embedded/gcc-arm-none-eabi-4_8-2014q2/bin/../lib/gcc/arm-none-eabi/4.8.4/../../../../arm-none-eabi/lib/armv7e-m/libg.a(lib_a-mktm_r.o)
 *fill*         0x0800ce88        0x8 
 .rodata.zeroes.6707
                0x0800ce90       0x10 /nfs/nfs5/home/research/hardware/arm2/gcc-arm-embedded/gcc-arm-none-eabi-4_8-2014q2/bin/../lib/gcc/arm-none-eabi/4.8.4/../../../../arm-none-eabi/lib/armv7e-m/libg.a(lib_a-svfiprintf.o)
 .rodata.str1.4
                0x0800cea0       0x25 /nfs/nfs5/home/research/hardware/arm2/gcc-arm-embedded/gcc-arm-none-eabi-4_8-2014q2/bin/../lib/gcc/arm-none-eabi/4.8.4/../../../../arm-none-eabi/lib/armv7e-m/libg.a(lib_a-svfiprintf.o)
                                 0x30 (size before relaxing)
 *fill*         0x0800cec5        0xb 
 .rodata.blanks.6706
                0x0800ced0       0x10 /nfs/nfs5/home/research/hardware/arm2/gcc-arm-embedded/gcc-arm-none-eabi-4_8-2014q2/bin/../lib/gcc/arm-none-eabi/4.8.4/../../../../arm-none-eabi/lib/armv7e-m/libg.a(lib_a-svfiprintf.o)
 .rodata.zeroes.6763
                0x0800cee0       0x10 /nfs/nfs5/home/research/hardware/arm2/gcc-arm-embedded/gcc-arm-none-eabi-4_8-2014q2/bin/../lib/gcc/arm-none-eabi/4.8.4/../../../../arm-none-eabi/lib/armv7e-m/libg.a(lib_a-svfprintf.o)
 .rodata.str1.4
                0x0800cef0       0x10 /nfs/nfs5/home/research/hardware/arm2/gcc-arm-embedded/gcc-arm-none-eabi-4_8-2014q2/bin/../lib/gcc/arm-none-eabi/4.8.4/../../../../arm-none-eabi/lib/armv7e-m/libg.a(lib_a-svfprintf.o)
                                 0x44 (size before relaxing)
 .rodata.blanks.6762
                0x0800cf00       0x10 /nfs/nfs5/home/research/hardware/arm2/gcc-arm-embedded/gcc-arm-none-eabi-4_8-2014q2/bin/../lib/gcc/arm-none-eabi/4.8.4/../../../../arm-none-eabi/lib/armv7e-m/libg.a(lib_a-svfprintf.o)
 .rodata._ctype_
                0x0800cf10      0x104 /nfs/nfs5/home/research/hardware/arm2/gcc-arm-embedded/gcc-arm-none-eabi-4_8-2014q2/bin/../lib/gcc/arm-none-eabi/4.8.4/../../../../arm-none-eabi/lib/armv7e-m/libg.a(lib_a-ctype_.o)
                0x0800cf10                _ctype_
 *fill*         0x0800d014        0xc 
 .rodata.str1.4
                0x0800d020       0x10 /nfs/nfs5/home/research/hardware/arm2/gcc-arm-embedded/gcc-arm-none-eabi-4_8-2014q2/bin/../lib/gcc/arm-none-eabi/4.8.4/../../../../arm-none-eabi/lib/armv7e-m/libg.a(lib_a-dtoa.o)
                                 0x14 (size before relaxing)
 .rodata.str1.4
                0x0800d030        0xc /nfs/nfs5/home/research/hardware/arm2/gcc-arm-embedded/gcc-arm-none-eabi-4_8-2014q2/bin/../lib/gcc/arm-none-eabi/4.8.4/../../../../arm-none-eabi/lib/armv7e-m/libg.a(lib_a-locale.o)
                                 0x14 (size before relaxing)
 *fill*         0x0800d03c        0x4 
 .rodata.__mprec_tens
                0x0800d040       0xc8 /nfs/nfs5/home/research/hardware/arm2/gcc-arm-embedded/gcc-arm-none-eabi-4_8-2014q2/bin/../lib/gcc/arm-none-eabi/4.8.4/../../../../arm-none-eabi/lib/armv7e-m/libg.a(lib_a-mprec.o)
                0x0800d040                __mprec_tens
 *fill*         0x0800d108        0x8 
 .rodata.__mprec_bigtens
                0x0800d110       0x28 /nfs/nfs5/home/research/hardware/arm2/gcc-arm-embedded/gcc-arm-none-eabi-4_8-2014q2/bin/../lib/gcc/arm-none-eabi/4.8.4/../../../../arm-none-eabi/lib/armv7e-m/libg.a(lib_a-mprec.o)
                0x0800d110                __mprec_bigtens
 *fill*         0x0800d138        0x8 
 .rodata.p05.5269
                0x0800d140        0xc /nfs/nfs5/home/research/hardware/arm2/gcc-arm-embedded/gcc-arm-none-eabi-4_8-2014q2/bin/../lib/gcc/arm-none-eabi/4.8.4/../../../../arm-none-eabi/lib/armv7e-m/libg.a(lib_a-mprec.o)
 *(.glue_7t)
 .glue_7t       0x00000000        0x0 linker stubs
 *(.glue_7)
 .glue_7        0x00000000        0x0 linker stubs
 *(.gcc*)

.vfp11_veneer   0x0800d14c        0x0
 .vfp11_veneer  0x00000000        0x0 linker stubs

.v4_bx          0x0800d14c        0x0
 .v4_bx         0x00000000        0x0 linker stubs

.iplt           0x0800d14c        0x0
 .iplt          0x00000000        0x0 build/obj/crt0_v7m.o

.ARM.extab
 *(.ARM.extab* .gnu.linkonce.armextab.*)

.ARM.exidx      0x0800d14c        0x8
                0x0800d14c                __exidx_start = .
 *(.ARM.exidx* .gnu.linkonce.armexidx.*)
 .ARM.exidx     0x0800d14c        0x8 /nfs/nfs5/home/research/hardware/arm2/gcc-arm-embedded/gcc-arm-none-eabi-4_8-2014q2/bin/../lib/gcc/arm-none-eabi/4.8.4/armv7e-m/libgcc.a(_divdi3.o)
 .ARM.exidx     0x0800d154        0x0 /nfs/nfs5/home/research/hardware/arm2/gcc-arm-embedded/gcc-arm-none-eabi-4_8-2014q2/bin/../lib/gcc/arm-none-eabi/4.8.4/armv7e-m/libgcc.a(_udivdi3.o)
                                  0x8 (size before relaxing)
                0x0800d154                __exidx_end = .

.rel.dyn        0x0800d154        0x0
 .rel.iplt      0x00000000        0x0 build/obj/crt0_v7m.o

.eh_frame_hdr
 *(.eh_frame_hdr)

.eh_frame
 *(.eh_frame)

.textalign      0x0800d154        0x4
                0x0800d158                . = ALIGN (0x8)
 *fill*         0x0800d154        0x4 
                0x0800d158                . = ALIGN (0x4)
                0x0800d158                PROVIDE (_etext, .)

.mstack         0x20000000      0x400
                0x20000000                . = ALIGN (0x8)
                0x20000000                __main_stack_base__ = .
                0x20000400                . = (. + __main_stack_size__)
 *fill*         0x20000000      0x400 
                0x20000400                . = ALIGN (0x8)
                0x20000400                __main_stack_end__ = .

.pstack         0x20000400      0x400
                0x20000400                __process_stack_base__ = .
                0x20000400                __main_thread_stack_base__ = .
                0x20000800                . = (. + __process_stack_size__)
 *fill*         0x20000400      0x400 
                0x20000800                . = ALIGN (0x8)
                0x20000800                __process_stack_end__ = .
                0x20000800                __main_thread_stack_end__ = .

.data           0x20000800      0xa18 load address 0x0800d158
                0x20000800                . = ALIGN (0x4)
                0x0800d158                PROVIDE (_textdata, LOADADDR (.data))
                0x20000800                PROVIDE (_data, .)
                0x0800d158                _textdata_start = LOADADDR (.data)
                0x20000800                _data_start = .
 *(.data)
 *(.data.*)
 .data.local_commands
                0x20000800       0x18 build/obj/shell.o
 .data.fhandlers
                0x20000818        0x4 build/obj/main.o
 .data.leds     0x2000081c       0x20 build/obj/main.o
                0x2000081c                leds
 .data.gpsCfg   0x2000083c       0x10 build/obj/main.o
 .data.trailExtcfg
                0x2000084c      0x110 build/obj/main.o
                0x2000084c                trailExtcfg
 *fill*         0x2000095c        0x4 
 .data.impure_data
                0x20000960      0x428 /nfs/nfs5/home/research/hardware/arm2/gcc-arm-embedded/gcc-arm-none-eabi-4_8-2014q2/bin/../lib/gcc/arm-none-eabi/4.8.4/../../../../arm-none-eabi/lib/armv7e-m/libg.a(lib_a-impure.o)
 .data._impure_ptr
                0x20000d88        0x4 /nfs/nfs5/home/research/hardware/arm2/gcc-arm-embedded/gcc-arm-none-eabi-4_8-2014q2/bin/../lib/gcc/arm-none-eabi/4.8.4/../../../../arm-none-eabi/lib/armv7e-m/libg.a(lib_a-impure.o)
                0x20000d88                _impure_ptr
 .data.__ctype_ptr__
                0x20000d8c        0x4 /nfs/nfs5/home/research/hardware/arm2/gcc-arm-embedded/gcc-arm-none-eabi-4_8-2014q2/bin/../lib/gcc/arm-none-eabi/4.8.4/../../../../arm-none-eabi/lib/armv7e-m/libg.a(lib_a-ctype_.o)
                0x20000d8c                __ctype_ptr__
 .data.tzinfo   0x20000d90       0x40 /nfs/nfs5/home/research/hardware/arm2/gcc-arm-embedded/gcc-arm-none-eabi-4_8-2014q2/bin/../lib/gcc/arm-none-eabi/4.8.4/../../../../arm-none-eabi/lib/armv7e-m/libg.a(lib_a-gettzinfo.o)
 .data.lconv    0x20000dd0       0x38 /nfs/nfs5/home/research/hardware/arm2/gcc-arm-embedded/gcc-arm-none-eabi-4_8-2014q2/bin/../lib/gcc/arm-none-eabi/4.8.4/../../../../arm-none-eabi/lib/armv7e-m/libg.a(lib_a-locale.o)
 .data.__malloc_av_
                0x20000e08      0x408 /nfs/nfs5/home/research/hardware/arm2/gcc-arm-embedded/gcc-arm-none-eabi-4_8-2014q2/bin/../lib/gcc/arm-none-eabi/4.8.4/../../../../arm-none-eabi/lib/armv7e-m/libg.a(lib_a-mallocr.o)
                0x20000e08                __malloc_av_
 .data.__malloc_trim_threshold
                0x20001210        0x4 /nfs/nfs5/home/research/hardware/arm2/gcc-arm-embedded/gcc-arm-none-eabi-4_8-2014q2/bin/../lib/gcc/arm-none-eabi/4.8.4/../../../../arm-none-eabi/lib/armv7e-m/libg.a(lib_a-mallocr.o)
                0x20001210                __malloc_trim_threshold
 .data.__malloc_sbrk_base
                0x20001214        0x4 /nfs/nfs5/home/research/hardware/arm2/gcc-arm-embedded/gcc-arm-none-eabi-4_8-2014q2/bin/../lib/gcc/arm-none-eabi/4.8.4/../../../../arm-none-eabi/lib/armv7e-m/libg.a(lib_a-mallocr.o)
                0x20001214                __malloc_sbrk_base
 *(.ramtext)
                0x20001218                . = ALIGN (0x4)
                0x20001218                PROVIDE (_edata, .)
                0x20001218                _data_end = .

.igot.plt       0x20001218        0x0 load address 0x0800db70
 .igot.plt      0x00000000        0x0 build/obj/crt0_v7m.o

.bss            0x20001218     0x1a18 load address 0x0800db70
                0x20001218                . = ALIGN (0x4)
                0x20001218                _bss_start = .
 *(.bss)
 *(.bss.*)
 .bss.ch        0x20001218      0x150 build/obj/chschd.o
                0x20001218                ch
 .bss.endmem    0x20001368        0x4 build/obj/chmemcore.o
 .bss.nextmem   0x2000136c        0x4 build/obj/chmemcore.o
 .bss.default_heap
                0x20001370       0x20 build/obj/chheap.o
 .bss._stm32_dma_isr_redir
                0x20001390       0x60 build/obj/stm32_dma.o
                0x20001390                _stm32_dma_isr_redir
 .bss.dma_streams_mask
                0x200013f0        0x4 build/obj/stm32_dma.o
 .bss.ADCD1     0x200013f4       0x38 build/obj/adc_lld.o
                0x200013f4                ADCD1
 .bss.clkmask   0x2000142c        0x4 build/obj/adc_lld.o
 .bss.EXTD1     0x20001430        0x8 build/obj/ext_lld.o
                0x20001430                EXTD1
 .bss.RTCD1     0x20001438        0x4 build/obj/rtc_lld.o
                0x20001438                RTCD1
 .bss.SPID2     0x2000143c       0x34 build/obj/spi_lld.o
                0x2000143c                SPID2
 .bss.dummyrx   0x20001470        0x2 build/obj/spi_lld.o
 *fill*         0x20001472        0x2 
 .bss.GPTD1     0x20001474       0x10 build/obj/gpt_lld.o
                0x20001474                GPTD1
 .bss.SD1       0x20001484      0x25c build/obj/serial_lld.o
                0x20001484                SD1
 .bss.SD2       0x200016e0      0x25c build/obj/serial_lld.o
                0x200016e0                SD2
 .bss.shell_terminated
                0x2000193c        0x4 build/obj/shell.o
                0x2000193c                shell_terminated
 .bss.Fsid      0x20001940        0x2 build/obj/ff.o
 *fill*         0x20001942        0x2 
 .bss.FatFs     0x20001944        0x4 build/obj/ff.o
 .bss.samples_buf
                0x20001948        0x4 build/obj/main.o
 .bss.rc        0x2000194c        0x1 build/obj/main.o
                0x2000194c                rc
 *fill*         0x2000194d        0x3 
 .bss.dayRTC    0x20001950        0x4 build/obj/main.o
                0x20001950                dayRTC
 .bss.tempList  0x20001954      0x280 build/obj/main.o
                0x20001954                tempList
 .bss.curGPS    0x20001bd4        0x4 build/obj/main.o
                0x20001bd4                curGPS
 .bss.total_count
                0x20001bd8        0x4 build/obj/main.o
                0x20001bd8                total_count
 .bss.adccfg    0x20001bdc        0x4 build/obj/main.o
 .bss.lastGPS   0x20001be0        0x4 build/obj/main.o
                0x20001be0                lastGPS
 .bss.dayGPS    0x20001be4        0x4 build/obj/main.o
                0x20001be4                dayGPS
 .bss.MMCD1     0x20001be8       0x34 build/obj/main.o
                0x20001be8                MMCD1
 *fill*         0x20001c1c        0x4 
 .bss.waCounterThread
                0x20001c20      0x148 build/obj/main.o
 .bss.shelltp1  0x20001d68        0x4 build/obj/main.o
 *fill*         0x20001d6c        0x4 
 .bss.waDataThread
                0x20001d70      0x148 build/obj/main.o
 .bss.waButtonThread
                0x20001eb8      0x8c8 build/obj/main.o
 .bss.SDC_FS    0x20002780      0x230 build/obj/main.o
                0x20002780                SDC_FS
 .bss.bsem      0x200029b0        0xc build/obj/main.o
                0x200029b0                bsem
 .bss.sdMutex   0x200029bc       0x10 build/obj/main.o
 .bss.temperature
                0x200029cc        0x4 build/obj/main.o
                0x200029cc                temperature
 .bss.fil       0x200029d0      0x224 build/obj/main.o
                0x200029d0                fil
 .bss.lastRTC   0x20002bf4        0x4 build/obj/main.o
                0x20002bf4                lastRTC
 .bss._daylight
                0x20002bf8        0x4 /nfs/nfs5/home/research/hardware/arm2/gcc-arm-embedded/gcc-arm-none-eabi-4_8-2014q2/bin/../lib/gcc/arm-none-eabi/4.8.4/../../../../arm-none-eabi/lib/armv7e-m/libg.a(lib_a-tzvars.o)
                0x20002bf8                _daylight
 .bss.__malloc_max_total_mem
                0x20002bfc        0x4 /nfs/nfs5/home/research/hardware/arm2/gcc-arm-embedded/gcc-arm-none-eabi-4_8-2014q2/bin/../lib/gcc/arm-none-eabi/4.8.4/../../../../arm-none-eabi/lib/armv7e-m/libg.a(lib_a-mallocr.o)
                0x20002bfc                __malloc_max_total_mem
 .bss.__malloc_max_sbrked_mem
                0x20002c00        0x4 /nfs/nfs5/home/research/hardware/arm2/gcc-arm-embedded/gcc-arm-none-eabi-4_8-2014q2/bin/../lib/gcc/arm-none-eabi/4.8.4/../../../../arm-none-eabi/lib/armv7e-m/libg.a(lib_a-mallocr.o)
                0x20002c00                __malloc_max_sbrked_mem
 .bss.__malloc_top_pad
                0x20002c04        0x4 /nfs/nfs5/home/research/hardware/arm2/gcc-arm-embedded/gcc-arm-none-eabi-4_8-2014q2/bin/../lib/gcc/arm-none-eabi/4.8.4/../../../../arm-none-eabi/lib/armv7e-m/libg.a(lib_a-mallocr.o)
                0x20002c04                __malloc_top_pad
 .bss.__malloc_current_mallinfo
                0x20002c08       0x28 /nfs/nfs5/home/research/hardware/arm2/gcc-arm-embedded/gcc-arm-none-eabi-4_8-2014q2/bin/../lib/gcc/arm-none-eabi/4.8.4/../../../../arm-none-eabi/lib/armv7e-m/libg.a(lib_a-mallocr.o)
                0x20002c08                __malloc_current_mallinfo
 *(COMMON)
                0x20002c30                . = ALIGN (0x4)
                0x20002c30                _bss_end = .
                0x20002c30                PROVIDE (end, .)

.ram0_init      0x20002c30        0x0 load address 0x0800db70
                0x20002c30                . = ALIGN (0x4)
                0x0800db70                __ram0_init_text__ = LOADADDR (.ram0_init)
                0x20002c30                __ram0_init__ = .
 *(.ram0_init)
 *(.ram0_init.*)
                0x20002c30                . = ALIGN (0x4)

.ram0           0x20002c30        0x0 load address 0x0800db70
                0x20002c30                . = ALIGN (0x4)
                0x20002c30                __ram0_clear__ = .
 *(.ram0_clear)
 *(.ram0_clear.*)
                0x20002c30                . = ALIGN (0x4)
                0x20002c30                __ram0_noinit__ = .
 *(.ram0)
 *(.ram0.*)
                0x20002c30                . = ALIGN (0x4)
                0x20002c30                __ram0_free__ = .

.ram1_init      0x00000000        0x0 load address 0x0800db70
                0x00000000                . = ALIGN (0x4)
                0x0800db70                __ram1_init_text__ = LOADADDR (.ram1_init)
                0x00000000                __ram1_init__ = .
 *(.ram1_init)
 *(.ram1_init.*)
                0x00000000                . = ALIGN (0x4)

.ram1           0x00000000        0x0 load address 0x0800db70
                0x00000000                . = ALIGN (0x4)
                0x00000000                __ram1_clear__ = .
 *(.ram1_clear)
 *(.ram1_clear.*)
                0x00000000                . = ALIGN (0x4)
                0x00000000                __ram1_noinit__ = .
 *(.ram1)
 *(.ram1.*)
                0x00000000                . = ALIGN (0x4)
                0x00000000                __ram1_free__ = .

.ram2_init      0x00000000        0x0 load address 0x0800db70
                0x00000000                . = ALIGN (0x4)
                0x0800db70                __ram2_init_text__ = LOADADDR (.ram2_init)
                0x00000000                __ram2_init__ = .
 *(.ram2_init)
 *(.ram2_init.*)
                0x00000000                . = ALIGN (0x4)

.ram2           0x00000000        0x0 load address 0x0800db70
                0x00000000                . = ALIGN (0x4)
                0x00000000                __ram2_clear__ = .
 *(.ram2_clear)
 *(.ram2_clear.*)
                0x00000000                . = ALIGN (0x4)
                0x00000000                __ram2_noinit__ = .
 *(.ram2)
 *(.ram2.*)
                0x00000000                . = ALIGN (0x4)
                0x00000000                __ram2_free__ = .

.ram3_init      0x00000000        0x0 load address 0x0800db70
                0x00000000                . = ALIGN (0x4)
                0x0800db70                __ram3_init_text__ = LOADADDR (.ram3_init)
                0x00000000                __ram3_init__ = .
 *(.ram3_init)
 *(.ram3_init.*)
                0x00000000                . = ALIGN (0x4)

.ram3           0x00000000        0x0 load address 0x0800db70
                0x00000000                . = ALIGN (0x4)
                0x00000000                __ram3_clear__ = .
 *(.ram3_clear)
 *(.ram3_clear.*)
                0x00000000                . = ALIGN (0x4)
                0x00000000                __ram3_noinit__ = .
 *(.ram3)
 *(.ram3.*)
                0x00000000                . = ALIGN (0x4)
                0x00000000                __ram3_free__ = .

.ram4_init      0x10000000        0x0 load address 0x0800db70
                0x10000000                . = ALIGN (0x4)
                0x0800db70                __ram4_init_text__ = LOADADDR (.ram4_init)
                0x10000000                __ram4_init__ = .
 *(.ram4_init)
 *(.ram4_init.*)
                0x10000000                . = ALIGN (0x4)

.ram4           0x10000000        0x0 load address 0x0800db70
                0x10000000                . = ALIGN (0x4)
                0x10000000                __ram4_clear__ = .
 *(.ram4_clear)
 *(.ram4_clear.*)
                0x10000000                . = ALIGN (0x4)
                0x10000000                __ram4_noinit__ = .
 *(.ram4)
 *(.ram4.*)
                0x10000000                . = ALIGN (0x4)
                0x10000000                __ram4_free__ = .

.ram5_init      0x00000000        0x0 load address 0x0800db70
                0x00000000                . = ALIGN (0x4)
                0x0800db70                __ram5_init_text__ = LOADADDR (.ram5_init)
                0x00000000                __ram5_init__ = .
 *(.ram5_init)
 *(.ram5_init.*)
                0x00000000                . = ALIGN (0x4)

.ram5           0x00000000        0x0 load address 0x0800db70
                0x00000000                . = ALIGN (0x4)
                0x00000000                __ram5_clear__ = .
 *(.ram5_clear)
 *(.ram5_clear.*)
                0x00000000                . = ALIGN (0x4)
                0x00000000                __ram5_noinit__ = .
 *(.ram5)
 *(.ram5.*)
                0x00000000                . = ALIGN (0x4)
                0x00000000                __ram5_free__ = .

.ram6_init      0x00000000        0x0 load address 0x0800db70
                0x00000000                . = ALIGN (0x4)
                0x0800db70                __ram6_init_text__ = LOADADDR (.ram6_init)
                0x00000000                __ram6_init__ = .
 *(.ram6_init)
 *(.ram6_init.*)
                0x00000000                . = ALIGN (0x4)

.ram6           0x00000000        0x0 load address 0x0800db70
                0x00000000                . = ALIGN (0x4)
                0x00000000                __ram6_clear__ = .
 *(.ram6_clear)
 *(.ram6_clear.*)
                0x00000000                . = ALIGN (0x4)
                0x00000000                __ram6_noinit__ = .
 *(.ram6)
 *(.ram6.*)
                0x00000000                . = ALIGN (0x4)
                0x00000000                __ram6_free__ = .

.ram7_init      0x00000000        0x0 load address 0x0800db70
                0x00000000                . = ALIGN (0x4)
                0x0800db70                __ram7_init_text__ = LOADADDR (.ram7_init)
                0x00000000                __ram7_init__ = .
 *(.ram7_init)
 *(.ram7_init.*)
                0x00000000                . = ALIGN (0x4)

.ram7           0x00000000        0x0 load address 0x0800db70
                0x00000000                . = ALIGN (0x4)
                0x00000000                __ram7_clear__ = .
 *(.ram7_clear)
 *(.ram7_clear.*)
                0x00000000                . = ALIGN (0x4)
                0x00000000                __ram7_noinit__ = .
 *(.ram7)
 *(.ram7.*)
                0x00000000                . = ALIGN (0x4)
                0x00000000                __ram7_free__ = .

.heap           0x20002c30     0x73d0
                0x20002c30                . = ALIGN (0x8)
                0x20002c30                __heap_base__ = .
                0x2000a000                . = (ORIGIN (HEAP_RAM) + 0xa000)
 *fill*         0x20002c30     0x73d0 
                0x2000a000                __heap_end__ = .
                0x00000400                __process_stack_size__ = 0x400
                0x00000400                __main_stack_size__ = 0x400
LOAD /nfs/nfs5/home/research/hardware/arm2/gcc-arm-embedded/gcc-arm-none-eabi-4_8-2014q2/bin/../lib/gcc/arm-none-eabi/4.8.4/../../../../arm-none-eabi/lib/armv7e-m/libm.a
START GROUP
LOAD /nfs/nfs5/home/research/hardware/arm2/gcc-arm-embedded/gcc-arm-none-eabi-4_8-2014q2/bin/../lib/gcc/arm-none-eabi/4.8.4/armv7e-m/libgcc.a
LOAD /nfs/nfs5/home/research/hardware/arm2/gcc-arm-embedded/gcc-arm-none-eabi-4_8-2014q2/bin/../lib/gcc/arm-none-eabi/4.8.4/../../../../arm-none-eabi/lib/armv7e-m/libg.a
LOAD /nfs/nfs5/home/research/hardware/arm2/gcc-arm-embedded/gcc-arm-none-eabi-4_8-2014q2/bin/../lib/gcc/arm-none-eabi/4.8.4/../../../../arm-none-eabi/lib/armv7e-m/libc.a
END GROUP
OUTPUT(build/lab1.elf elf32-littlearm)

.ARM.attributes
                0x00000000       0x2f
 .ARM.attributes
                0x00000000       0x21 build/obj/crt0_v7m.o
 .ARM.attributes
                0x00000021       0x21 build/obj/chcoreasm_v7m.o
 .ARM.attributes
                0x00000042       0x33 build/obj/crt1.o
 .ARM.attributes
                0x00000075       0x33 build/obj/vectors.o
 .ARM.attributes
                0x000000a8       0x33 build/obj/chsys.o
 .ARM.attributes
                0x000000db       0x33 build/obj/chvt.o
 .ARM.attributes
                0x0000010e       0x33 build/obj/chschd.o
 .ARM.attributes
                0x00000141       0x33 build/obj/chthreads.o
 .ARM.attributes
                0x00000174       0x33 build/obj/chtm.o
 .ARM.attributes
                0x000001a7       0x33 build/obj/chdynamic.o
 .ARM.attributes
                0x000001da       0x33 build/obj/chregistry.o
 .ARM.attributes
                0x0000020d       0x33 build/obj/chsem.o
 .ARM.attributes
                0x00000240       0x33 build/obj/chmtx.o
 .ARM.attributes
                0x00000273       0x33 build/obj/chevents.o
 .ARM.attributes
                0x000002a6       0x33 build/obj/chqueues.o
 .ARM.attributes
                0x000002d9       0x33 build/obj/chmemcore.o
 .ARM.attributes
                0x0000030c       0x33 build/obj/chheap.o
 .ARM.attributes
                0x0000033f       0x33 build/obj/chmempools.o
 .ARM.attributes
                0x00000372       0x33 build/obj/chcore_v7m.o
 .ARM.attributes
                0x000003a5       0x33 build/obj/hal.o
 .ARM.attributes
                0x000003d8       0x33 build/obj/st.o
 .ARM.attributes
                0x0000040b       0x33 build/obj/hal_mmcsd.o
 .ARM.attributes
                0x0000043e       0x33 build/obj/adc.o
 .ARM.attributes
                0x00000471       0x33 build/obj/ext.o
 .ARM.attributes
                0x000004a4       0x33 build/obj/gpt.o
 .ARM.attributes
                0x000004d7       0x33 build/obj/mmc_spi.o
 .ARM.attributes
                0x0000050a       0x33 build/obj/rtc.o
 .ARM.attributes
                0x0000053d       0x33 build/obj/serial.o
 .ARM.attributes
                0x00000570       0x33 build/obj/spi.o
 .ARM.attributes
                0x000005a3       0x33 build/obj/nvic.o
 .ARM.attributes
                0x000005d6       0x33 build/obj/hal_lld.o
 .ARM.attributes
                0x00000609       0x33 build/obj/stm32_dma.o
 .ARM.attributes
                0x0000063c       0x33 build/obj/st_lld.o
 .ARM.attributes
                0x0000066f       0x33 build/obj/adc_lld.o
 .ARM.attributes
                0x000006a2       0x33 build/obj/ext_lld.o
 .ARM.attributes
                0x000006d5       0x33 build/obj/ext_lld_isr.o
 .ARM.attributes
                0x00000708       0x33 build/obj/pal_lld.o
 .ARM.attributes
                0x0000073b       0x33 build/obj/rtc_lld.o
 .ARM.attributes
                0x0000076e       0x33 build/obj/spi_lld.o
 .ARM.attributes
                0x000007a1       0x33 build/obj/gpt_lld.o
 .ARM.attributes
                0x000007d4       0x33 build/obj/serial_lld.o
 .ARM.attributes
                0x00000807       0x33 build/obj/board.o
 .ARM.attributes
                0x0000083a       0x33 build/obj/shell.o
 .ARM.attributes
                0x0000086d       0x33 build/obj/syscalls.o
 .ARM.attributes
                0x000008a0       0x33 build/obj/chprintf.o
 .ARM.attributes
                0x000008d3       0x33 build/obj/ff.o
 .ARM.attributes
                0x00000906       0x33 build/obj/fatfs_diskio.o
 .ARM.attributes
                0x00000939       0x33 build/obj/main.o
 .ARM.attributes
                0x0000096c       0x1e /nfs/nfs5/home/research/hardware/arm2/gcc-arm-embedded/gcc-arm-none-eabi-4_8-2014q2/bin/../lib/gcc/arm-none-eabi/4.8.4/armv7e-m/libgcc.a(_arm_addsubdf3.o)
 .ARM.attributes
                0x0000098a       0x1e /nfs/nfs5/home/research/hardware/arm2/gcc-arm-embedded/gcc-arm-none-eabi-4_8-2014q2/bin/../lib/gcc/arm-none-eabi/4.8.4/armv7e-m/libgcc.a(_arm_muldivdf3.o)
 .ARM.attributes
                0x000009a8       0x1e /nfs/nfs5/home/research/hardware/arm2/gcc-arm-embedded/gcc-arm-none-eabi-4_8-2014q2/bin/../lib/gcc/arm-none-eabi/4.8.4/armv7e-m/libgcc.a(_arm_fixdfsi.o)
 .ARM.attributes
                0x000009c6       0x2e /nfs/nfs5/home/research/hardware/arm2/gcc-arm-embedded/gcc-arm-none-eabi-4_8-2014q2/bin/../lib/gcc/arm-none-eabi/4.8.4/../../../../arm-none-eabi/lib/armv7e-m/libg.a(lib_a-asctime.o)
 .ARM.attributes
                0x000009f4       0x2e /nfs/nfs5/home/research/hardware/arm2/gcc-arm-embedded/gcc-arm-none-eabi-4_8-2014q2/bin/../lib/gcc/arm-none-eabi/4.8.4/../../../../arm-none-eabi/lib/armv7e-m/libg.a(lib_a-asctime_r.o)
 .ARM.attributes
                0x00000a22       0x2e /nfs/nfs5/home/research/hardware/arm2/gcc-arm-embedded/gcc-arm-none-eabi-4_8-2014q2/bin/../lib/gcc/arm-none-eabi/4.8.4/../../../../arm-none-eabi/lib/armv7e-m/libg.a(lib_a-atoi.o)
 .ARM.attributes
                0x00000a50       0x2e /nfs/nfs5/home/research/hardware/arm2/gcc-arm-embedded/gcc-arm-none-eabi-4_8-2014q2/bin/../lib/gcc/arm-none-eabi/4.8.4/../../../../arm-none-eabi/lib/armv7e-m/libg.a(lib_a-impure.o)
 .ARM.attributes
                0x00000a7e       0x2e /nfs/nfs5/home/research/hardware/arm2/gcc-arm-embedded/gcc-arm-none-eabi-4_8-2014q2/bin/../lib/gcc/arm-none-eabi/4.8.4/../../../../arm-none-eabi/lib/armv7e-m/libg.a(lib_a-lcltime.o)
 .ARM.attributes
                0x00000aac       0x2e /nfs/nfs5/home/research/hardware/arm2/gcc-arm-embedded/gcc-arm-none-eabi-4_8-2014q2/bin/../lib/gcc/arm-none-eabi/4.8.4/../../../../arm-none-eabi/lib/armv7e-m/libg.a(lib_a-lcltime_r.o)
 .ARM.attributes
                0x00000ada       0x1c /nfs/nfs5/home/research/hardware/arm2/gcc-arm-embedded/gcc-arm-none-eabi-4_8-2014q2/bin/../lib/gcc/arm-none-eabi/4.8.4/../../../../arm-none-eabi/lib/armv7e-m/libg.a(lib_a-memcpy.o)
 .ARM.attributes