Archive member included because of file (symbol)

/nfs/nfs5/home/research/hardware/arm2/gcc-arm-embedded/gcc-arm-none-eabi-4_8-2014q2/bin/../lib/gcc/arm-none-eabi/4.8.4/../../../../arm-none-eabi/lib/armv7e-m/libg.a(lib_a-memcpy.o)
                              build/obj/hal_buffers.o (memcpy)
/nfs/nfs5/home/research/hardware/arm2/gcc-arm-embedded/gcc-arm-none-eabi-4_8-2014q2/bin/../lib/gcc/arm-none-eabi/4.8.4/../../../../arm-none-eabi/lib/armv7e-m/libg.a(lib_a-memset.o)
                              build/obj/syscalls.o (memset)
/nfs/nfs5/home/research/hardware/arm2/gcc-arm-embedded/gcc-arm-none-eabi-4_8-2014q2/bin/../lib/gcc/arm-none-eabi/4.8.4/../../../../arm-none-eabi/lib/armv7e-m/libg.a(lib_a-sprintf.o)
                              build/obj/main.o (sprintf)
/nfs/nfs5/home/research/hardware/arm2/gcc-arm-embedded/gcc-arm-none-eabi-4_8-2014q2/bin/../lib/gcc/arm-none-eabi/4.8.4/../../../../arm-none-eabi/lib/armv7e-m/libg.a(lib_a-strcmp.o)
                              build/obj/shell.o (strcmp)
/nfs/nfs5/home/research/hardware/arm2/gcc-arm-embedded/gcc-arm-none-eabi-4_8-2014q2/bin/../lib/gcc/arm-none-eabi/4.8.4/../../../../arm-none-eabi/lib/armv7e-m/libg.a(lib_a-strlen.o)
                              build/obj/main.o (strlen)
/nfs/nfs5/home/research/hardware/arm2/gcc-arm-embedded/gcc-arm-none-eabi-4_8-2014q2/bin/../lib/gcc/arm-none-eabi/4.8.4/../../../../arm-none-eabi/lib/armv7e-m/libg.a(lib_a-strpbrk.o)
                              build/obj/shell.o (strpbrk)
/nfs/nfs5/home/research/hardware/arm2/gcc-arm-embedded/gcc-arm-none-eabi-4_8-2014q2/bin/../lib/gcc/arm-none-eabi/4.8.4/../../../../arm-none-eabi/lib/armv7e-m/libg.a(lib_a-strspn.o)
                              build/obj/shell.o (strspn)
/nfs/nfs5/home/research/hardware/arm2/gcc-arm-embedded/gcc-arm-none-eabi-4_8-2014q2/bin/../lib/gcc/arm-none-eabi/4.8.4/../../../../arm-none-eabi/lib/armv7e-m/libg.a(lib_a-svfprintf.o)
                              /nfs/nfs5/home/research/hardware/arm2/gcc-arm-embedded/gcc-arm-none-eabi-4_8-2014q2/bin/../lib/gcc/arm-none-eabi/4.8.4/../../../../arm-none-eabi/lib/armv7e-m/libg.a(lib_a-sprintf.o) (_svfprintf_r)
/nfs/nfs5/home/research/hardware/arm2/gcc-arm-embedded/gcc-arm-none-eabi-4_8-2014q2/bin/../lib/gcc/arm-none-eabi/4.8.4/../../../../arm-none-eabi/lib/armv7e-m/libg.a(lib_a-dtoa.o)
                              /nfs/nfs5/home/research/hardware/arm2/gcc-arm-embedded/gcc-arm-none-eabi-4_8-2014q2/bin/../lib/gcc/arm-none-eabi/4.8.4/../../../../arm-none-eabi/lib/armv7e-m/libg.a(lib_a-svfprintf.o) (_dtoa_r)
/nfs/nfs5/home/research/hardware/arm2/gcc-arm-embedded/gcc-arm-none-eabi-4_8-2014q2/bin/../lib/gcc/arm-none-eabi/4.8.4/../../../../arm-none-eabi/lib/armv7e-m/libg.a(lib_a-impure.o)
                              /nfs/nfs5/home/research/hardware/arm2/gcc-arm-embedded/gcc-arm-none-eabi-4_8-2014q2/bin/../lib/gcc/arm-none-eabi/4.8.4/../../../../arm-none-eabi/lib/armv7e-m/libg.a(lib_a-sprintf.o) (_impure_ptr)
/nfs/nfs5/home/research/hardware/arm2/gcc-arm-embedded/gcc-arm-none-eabi-4_8-2014q2/bin/../lib/gcc/arm-none-eabi/4.8.4/../../../../arm-none-eabi/lib/armv7e-m/libg.a(lib_a-locale.o)
                              /nfs/nfs5/home/research/hardware/arm2/gcc-arm-embedded/gcc-arm-none-eabi-4_8-2014q2/bin/../lib/gcc/arm-none-eabi/4.8.4/../../../../arm-none-eabi/lib/armv7e-m/libg.a(lib_a-svfprintf.o) (_localeconv_r)
/nfs/nfs5/home/research/hardware/arm2/gcc-arm-embedded/gcc-arm-none-eabi-4_8-2014q2/bin/../lib/gcc/arm-none-eabi/4.8.4/../../../../arm-none-eabi/lib/armv7e-m/libg.a(lib_a-mallocr.o)
                              /nfs/nfs5/home/research/hardware/arm2/gcc-arm-embedded/gcc-arm-none-eabi-4_8-2014q2/bin/../lib/gcc/arm-none-eabi/4.8.4/../../../../arm-none-eabi/lib/armv7e-m/libg.a(lib_a-svfprintf.o) (_malloc_r)
/nfs/nfs5/home/research/hardware/arm2/gcc-arm-embedded/gcc-arm-none-eabi-4_8-2014q2/bin/../lib/gcc/arm-none-eabi/4.8.4/../../../../arm-none-eabi/lib/armv7e-m/libg.a(lib_a-memchr-stub.o)
                              /nfs/nfs5/home/research/hardware/arm2/gcc-arm-embedded/gcc-arm-none-eabi-4_8-2014q2/bin/../lib/gcc/arm-none-eabi/4.8.4/../../../../arm-none-eabi/lib/armv7e-m/libg.a(lib_a-svfprintf.o) (memchr)
/nfs/nfs5/home/research/hardware/arm2/gcc-arm-embedded/gcc-arm-none-eabi-4_8-2014q2/bin/../lib/gcc/arm-none-eabi/4.8.4/../../../../arm-none-eabi/lib/armv7e-m/libg.a(lib_a-mlock.o)
                              /nfs/nfs5/home/research/hardware/arm2/gcc-arm-embedded/gcc-arm-none-eabi-4_8-2014q2/bin/../lib/gcc/arm-none-eabi/4.8.4/../../../../arm-none-eabi/lib/armv7e-m/libg.a(lib_a-mallocr.o) (__malloc_lock)
/nfs/nfs5/home/research/hardware/arm2/gcc-arm-embedded/gcc-arm-none-eabi-4_8-2014q2/bin/../lib/gcc/arm-none-eabi/4.8.4/../../../../arm-none-eabi/lib/armv7e-m/libg.a(lib_a-mprec.o)
                              /nfs/nfs5/home/research/hardware/arm2/gcc-arm-embedded/gcc-arm-none-eabi-4_8-2014q2/bin/../lib/gcc/arm-none-eabi/4.8.4/../../../../arm-none-eabi/lib/armv7e-m/libg.a(lib_a-dtoa.o) (_Balloc)
[...]
Memory Configuration

Name             Origin             Length             Attributes
flash            0x08000000         0x00040000
ram0             0x20000000         0x0000a000
ram1             0x00000000         0x00000000
ram2             0x00000000         0x00000000
ram3             0x00000000         0x00000000
ram4             0x10000000         0x00002000
ram5             0x00000000         0x00000000
ram6             0x00000000         0x00000000
ram7             0x00000000         0x00000000
*default*        0x00000000         0xffffffff

Linker script and memory map

LOAD build/obj/crt0_v7m.o
LOAD build/obj/chcoreasm_v7m.o
LOAD build/obj/crt1.o
LOAD build/obj/vectors.o
LOAD build/obj/chsys.o
LOAD build/obj/chdebug.o
LOAD build/obj/chvt.o
LOAD build/obj/chschd.o
LOAD build/obj/chthreads.o
LOAD build/obj/chtm.o
LOAD build/obj/chdynamic.o
LOAD build/obj/chregistry.o
LOAD build/obj/chsem.o
LOAD build/obj/chmtx.o
LOAD build/obj/chcond.o
LOAD build/obj/chevents.o
LOAD build/obj/chmsg.o
LOAD build/obj/chmboxes.o
LOAD build/obj/chqueues.o
LOAD build/obj/chmemcore.o
LOAD build/obj/chheap.o
LOAD build/obj/chmempools.o
LOAD build/obj/chcore.o
LOAD build/obj/chcore_v7m.o
LOAD build/obj/osal.o
LOAD build/obj/hal.o
LOAD build/obj/st.o
LOAD build/obj/hal_buffers.o
LOAD build/obj/hal_queues.o
LOAD build/obj/hal_mmcsd.o
LOAD build/obj/mmc_spi.o
LOAD build/obj/pal.o
LOAD build/obj/serial.o
LOAD build/obj/spi.o
LOAD build/obj/nvic.o
LOAD build/obj/hal_lld.o
LOAD build/obj/stm32_dma.o
LOAD build/obj/st_lld.o
LOAD build/obj/pal_lld.o
LOAD build/obj/spi_lld.o
LOAD build/obj/serial_lld.o
LOAD build/obj/board.o
LOAD build/obj/test.o
LOAD build/obj/testthd.o
LOAD build/obj/testsem.o
LOAD build/obj/testmtx.o
LOAD build/obj/testmsg.o
LOAD build/obj/testmbox.o
LOAD build/obj/testevt.o
LOAD build/obj/testheap.o
LOAD build/obj/testpools.o
LOAD build/obj/testdyn.o
LOAD build/obj/testqueues.o
LOAD build/obj/testsys.o
LOAD build/obj/testbmk.o
LOAD build/obj/shell.o
LOAD build/obj/evtimer.o
LOAD build/obj/syscalls.o
LOAD build/obj/memstreams.o
LOAD build/obj/chprintf.o
LOAD build/obj/ff.o
LOAD build/obj/fatfs_diskio.o
LOAD build/obj/fatfs_syscall.o
LOAD build/obj/main.o
                0x20000000                __ram0_start__ = ORIGIN (ram0)
                0x0000a000                __ram0_size__ = 0xa000
                0x2000a000                __ram0_end__ = (__ram0_start__ + __ram0_size__)
                0x00000000                __ram1_start__ = ORIGIN (ram1)
                0x00000000                __ram1_size__ = 0x0
                0x00000000                __ram1_end__ = (__ram1_start__ + __ram1_size__)
                0x00000000                __ram2_start__ = ORIGIN (ram2)
                0x00000000                __ram2_size__ = 0x0
                0x00000000                __ram2_end__ = (__ram2_start__ + __ram2_size__)
                0x00000000                __ram3_start__ = ORIGIN (ram3)
                0x00000000                __ram3_size__ = 0x0
                0x00000000                __ram3_end__ = (__ram3_start__ + __ram3_size__)
                0x10000000                __ram4_start__ = ORIGIN (ram4)
                0x00002000                __ram4_size__ = 0x2000
                0x10002000                __ram4_end__ = (__ram4_start__ + __ram4_size__)
                0x00000000                __ram5_start__ = ORIGIN (ram5)
                0x00000000                __ram5_size__ = 0x0
                0x00000000                __ram5_end__ = (__ram5_start__ + __ram5_size__)
                0x00000000                __ram6_start__ = ORIGIN (ram6)
                0x00000000                __ram6_size__ = 0x0
                0x00000000                __ram6_end__ = (__ram6_start__ + __ram6_size__)
                0x00000000                __ram7_start__ = ORIGIN (ram7)
                0x00000000                __ram7_size__ = 0x0
                0x00000000                __ram7_end__ = (__ram7_start__ + __ram7_size__)
                0x00000000                . = 0x0
                0x00000000                _text = .

startup         0x08000000      0x200
 *(.vectors)
 .vectors       0x08000000      0x200 build/obj/vectors.o
                0x08000000                _vectors

constructors    0x08000200        0x0
                0x08000200                __init_array_start = .
 *(SORT(.init_array.*))
 *(.init_array)
                0x08000200                __init_array_end = .

destructors     0x08000200        0x0
                0x08000200                __fini_array_start = .
 *(.fini_array)
 *(SORT(.fini_array.*))
                0x08000200                __fini_array_end = .

.text           0x08000200     0xa56c
 *(.text)
 .text          0x08000200       0xd4 build/obj/crt0_v7m.o
                0x08000200                Reset_Handler
 *fill*         0x080002d4        0xc 
 .text          0x080002e0       0x28 build/obj/chcoreasm_v7m.o
                0x080002e0                _port_switch
                0x080002f0                _port_thread_start
                0x08000300                _port_switch_from_isr
                0x08000304                _port_exit_from_isr
 *fill*         0x08000308        0x8 
 .text          0x08000310      0x134 /nfs/nfs5/home/research/hardware/arm2/gcc-arm-embedded/gcc-arm-none-eabi-4_8-2014q2/bin/../lib/gcc/arm-none-eabi/4.8.4/../../../../arm-none-eabi/lib/armv7e-m/libg.a(lib_a-memcpy.o)
                0x08000310                memcpy
 *fill*         0x08000444        0xc 
 .text          0x08000450      0x21c /nfs/nfs5/home/research/hardware/arm2/gcc-arm-embedded/gcc-arm-none-eabi-4_8-2014q2/bin/../lib/gcc/arm-none-eabi/4.8.4/../../../../arm-none-eabi/lib/armv7e-m/libg.a(lib_a-strcmp.o)
                0x08000450                strcmp
 *fill*         0x0800066c        0x4 
 .text          0x08000670      0x370 /nfs/nfs5/home/research/hardware/arm2/gcc-arm-embedded/gcc-arm-none-eabi-4_8-2014q2/bin/../lib/gcc/arm-none-eabi/4.8.4/armv7e-m/libgcc.a(_arm_addsubdf3.o)
                0x08000670                __aeabi_drsub
                0x08000678                __aeabi_dsub
                0x08000678                __subdf3
                0x0800067c                __adddf3
                0x0800067c                __aeabi_dadd
                0x080008f4                __aeabi_ui2d
                0x080008f4                __floatunsidf
                0x08000914                __floatsidf
                0x08000914                __aeabi_i2d
                0x08000938                __extendsfdf2
                0x08000938                __aeabi_f2d
                0x08000974                __aeabi_ul2d
                0x08000974                __floatundidf
                0x08000984                __floatdidf
                0x08000984                __aeabi_l2d
 .text          0x080009e0      0x424 /nfs/nfs5/home/research/hardware/arm2/gcc-arm-embedded/gcc-arm-none-eabi-4_8-2014q2/bin/../lib/gcc/arm-none-eabi/4.8.4/armv7e-m/libgcc.a(_arm_muldivdf3.o)
                0x080009e0                __aeabi_dmul
                0x080009e0                __muldf3
                0x08000c34                __aeabi_ddiv
                0x08000c34                __divdf3
 *fill*         0x08000e04        0xc 
 .text          0x08000e10      0x110 /nfs/nfs5/home/research/hardware/arm2/gcc-arm-embedded/gcc-arm-none-eabi-4_8-2014q2/bin/../lib/gcc/arm-none-eabi/4.8.4/armv7e-m/libgcc.a(_arm_cmpdf2.o)
                0x08000e10                __gtdf2
                0x08000e10                __gedf2
                0x08000e18                __ltdf2
                0x08000e18                __ledf2
                0x08000e20                __cmpdf2
                0x08000e20                __eqdf2
                0x08000e20                __nedf2
                0x08000e9c                __aeabi_cdrcmple
                0x08000eac                __aeabi_cdcmple
                0x08000eac                __aeabi_cdcmpeq
                0x08000ebc                __aeabi_dcmpeq
                0x08000ed0                __aeabi_dcmplt
                0x08000ee4                __aeabi_dcmple
                0x08000ef8                __aeabi_dcmpge
                0x08000f0c                __aeabi_dcmpgt
 .text          0x08000f20       0x50 /nfs/nfs5/home/research/hardware/arm2/gcc-arm-embedded/gcc-arm-none-eabi-4_8-2014q2/bin/../lib/gcc/arm-none-eabi/4.8.4/armv7e-m/libgcc.a(_arm_fixdfsi.o)
                0x08000f20                __fixdfsi
                0x08000f20                __aeabi_d2iz
 .text          0x08000f70       0x2c /nfs/nfs5/home/research/hardware/arm2/gcc-arm-embedded/gcc-arm-none-eabi-4_8-2014q2/bin/../lib/gcc/arm-none-eabi/4.8.4/armv7e-m/libgcc.a(_aeabi_uldivmod.o)
                0x08000f70                __aeabi_uldivmod
 *fill*         0x08000f9c        0x4 
 .text          0x08000fa0       0x60 /nfs/nfs5/home/research/hardware/arm2/gcc-arm-embedded/gcc-arm-none-eabi-4_8-2014q2/bin/../lib/gcc/arm-none-eabi/4.8.4/armv7e-m/libgcc.a(bpabi.o)
                0x08000fa0                __gnu_ldivmod_helper
                0x08000fd0                __gnu_uldivmod_helper
 .text          0x08001000        0x4 /nfs/nfs5/home/research/hardware/arm2/gcc-arm-embedded/gcc-arm-none-eabi-4_8-2014q2/bin/../lib/gcc/arm-none-eabi/4.8.4/armv7e-m/libgcc.a(_dvmd_tls.o)
                0x08001000                __aeabi_ldiv0
                0x08001000                __aeabi_idiv0
 *fill*         0x08001004        0xc 
 .text          0x08001010      0x298 /nfs/nfs5/home/research/hardware/arm2/gcc-arm-embedded/gcc-arm-none-eabi-4_8-2014q2/bin/../lib/gcc/arm-none-eabi/4.8.4/armv7e-m/libgcc.a(_divdi3.o)
                0x08001010                __divdi3
 *fill*         0x080012a8        0x8 
 .text          0x080012b0      0x284 /nfs/nfs5/home/research/hardware/arm2/gcc-arm-embedded/gcc-arm-none-eabi-4_8-2014q2/bin/../lib/gcc/arm-none-eabi/4.8.4/armv7e-m/libgcc.a(_udivdi3.o)
                0x080012b0                __udivdi3
 *(.text.*)
 *fill*         0x08001534        0xc 
 .text.__core_init
                0x08001540       0x10 build/obj/crt1.o
                0x08001540                __core_init
 .text.__late_init
                0x08001550       0x10 build/obj/crt1.o
                0x08001550                __late_init
 .text.__default_exit
                0x08001560       0x10 build/obj/crt1.o
                0x08001560                __default_exit
 .text.__init_ram_areas
                0x08001570       0x60 build/obj/crt1.o
                0x08001570                __init_ram_areas
 .text._unhandled_exception
                0x080015d0       0x10 build/obj/vectors.o
                0x080015d0                Vector58
                0x080015d0                VectorE8
                0x080015d0                Vector9C
                0x080015d0                VectorAC
                0x080015d0                DebugMon_Handler
                0x080015d0                Vector5C
                0x080015d0                Vector11C
                0x080015d0                HardFault_Handler
                0x080015d0                Vector19C
                0x080015d0                Vector8C
                0x080015d0                SysTick_Handler
                0x080015d0                VectorDC
                0x080015d0                PendSV_Handler
                0x080015d0                Vector168
                0x080015d0                NMI_Handler
                0x080015d0                Vector110
                0x080015d0                VectorC8
                0x080015d0                Vector94
                0x080015d0                VectorA8
                0x080015d0                VectorB4
                0x080015d0                Vector160
                0x080015d0                UsageFault_Handler
                0x080015d0                VectorEC
                0x080015d0                Vector40
                0x080015d0                VectorF8
                0x080015d0                Vector108
                0x080015d0                VectorBC
                0x080015d0                Vector190
                0x080015d0                Vector150
                0x080015d0                Vector148
                0x080015d0                Vector188
                0x080015d0                Vector198
                0x080015d0                Vector118
                0x080015d0                Vector64
                0x080015d0                VectorCC
                0x080015d0                Vector54
                0x080015d0                Vector98
                0x080015d0                VectorD8
                0x080015d0                Vector138
                0x080015d0                Vector24
                0x080015d0                Vector178
                0x080015d0                VectorD0
                0x080015d0                Vector140
                0x080015d0                VectorE4
                0x080015d0                VectorC0
                0x080015d0                Vector158
                0x080015d0                Vector134
                0x080015d0                VectorF0
                0x080015d0                Vector13C
                0x080015d0                Vector100
                0x080015d0                VectorE0
                0x080015d0                VectorF4
                0x080015d0                MemManage_Handler
                0x080015d0                VectorA0
                0x080015d0                VectorC4
                0x080015d0                Vector180
                0x080015d0                Vector90
                0x080015d0                Vector114
                0x080015d0                Vector164
                0x080015d0                Vector60
                0x080015d0                Vector1C
                0x080015d0                Vector17C
                0x080015d0                Vector48
                0x080015d0                Vector16C
                0x080015d0                Vector4C
                0x080015d0                Vector144
                0x080015d0                Vector15C
                0x080015d0                Vector68
                0x080015d0                _unhandled_exception
                0x080015d0                Vector170
                0x080015d0                Vector88
                0x080015d0                Vector104
                0x080015d0                Vector184
                0x080015d0                Vector10C
                0x080015d0                Vector14C
                0x080015d0                BusFault_Handler
                0x080015d0                Vector50
                0x080015d0                Vector194
                0x080015d0                Vector154
                0x080015d0                Vector44
                0x080015d0                Vector28
                0x080015d0                VectorB8
                0x080015d0                VectorFC
                0x080015d0                Vector34
                0x080015d0                VectorA4
                0x080015d0                Vector20
                0x080015d0                Vector18C
                0x080015d0                Vector174
 .text._idle_thread
                0x080015e0       0x10 build/obj/chsys.o
 .text.chSysInit
                0x080015f0       0xa0 build/obj/chsys.o
                0x080015f0                chSysInit
 .text.chSysHalt
                0x08001690       0x10 build/obj/chsys.o
                0x08001690                chSysHalt
 .text.chSysTimerHandlerI
                0x080016a0       0x80 build/obj/chsys.o
                0x080016a0                chSysTimerHandlerI
 .text._vt_init
                0x08001720       0x20 build/obj/chvt.o
                0x08001720                _vt_init
 .text.chVTDoSetI
                0x08001740       0x80 build/obj/chvt.o
                0x08001740                chVTDoSetI
 .text.chVTDoResetI
                0x080017c0       0x80 build/obj/chvt.o
                0x080017c0                chVTDoResetI
 .text.wakeup   0x08001840       0x70 build/obj/chschd.o
 .text._scheduler_init
                0x080018b0       0x20 build/obj/chschd.o
                0x080018b0                _scheduler_init
 .text.chSchReadyI
                0x080018d0       0x30 build/obj/chschd.o
                0x080018d0                chSchReadyI
 .text.chSchGoSleepS
                0x08001900       0x30 build/obj/chschd.o
                0x08001900                chSchGoSleepS
 .text.chSchGoSleepTimeoutS
                0x08001930       0x50 build/obj/chschd.o
                0x08001930                chSchGoSleepTimeoutS
 .text.chSchWakeupS
                0x08001980       0x60 build/obj/chschd.o
                0x08001980                chSchWakeupS
 .text.chSchIsPreemptionRequired
                0x080019e0       0x20 build/obj/chschd.o
                0x080019e0                chSchIsPreemptionRequired
 .text.chSchDoRescheduleAhead
                0x08001a00       0x40 build/obj/chschd.o
                0x08001a00                chSchDoRescheduleAhead
 .text.chSchRescheduleS
                0x08001a40       0x20 build/obj/chschd.o
                0x08001a40                chSchRescheduleS
 .text.chSchDoReschedule
                0x08001a60       0x10 build/obj/chschd.o
                0x08001a60                chSchDoReschedule
 .text._thread_init
                0x08001a70       0x50 build/obj/chthreads.o
                0x08001a70                _thread_init
 .text.chThdCreateI
                0x08001ac0       0x70 build/obj/chthreads.o
                0x08001ac0                chThdCreateI
 .text.chThdCreateStatic
                0x08001b30       0x80 build/obj/chthreads.o
                0x08001b30                chThdCreateStatic
 .text.chThdSleep
                0x08001bb0       0x20 build/obj/chthreads.o
                0x08001bb0                chThdSleep
 .text.chThdExitS
                0x08001bd0       0x40 build/obj/chthreads.o
                0x08001bd0                chThdExitS
 .text.chThdExit
                0x08001c10       0x10 build/obj/chthreads.o
                0x08001c10                chThdExit
 .text.chThdWait
                0x08001c20       0x40 build/obj/chthreads.o
                0x08001c20                chThdWait
 .text.chThdSuspendS
                0x08001c60       0x20 build/obj/chthreads.o
                0x08001c60                chThdSuspendS
 .text.chThdResumeI
                0x08001c80       0x20 build/obj/chthreads.o
                0x08001c80                chThdResumeI
 .text.chThdEnqueueTimeoutS
                0x08001ca0       0x30 build/obj/chthreads.o
                0x08001ca0                chThdEnqueueTimeoutS
 .text.chThdDequeueNextI
                0x08001cd0       0x30 build/obj/chthreads.o
                0x08001cd0                chThdDequeueNextI
 .text.chTMStartMeasurementX
                0x08001d00       0x10 build/obj/chtm.o
                0x08001d00                chTMStartMeasurementX
 .text.chTMStopMeasurementX
                0x08001d10       0x50 build/obj/chtm.o
                0x08001d10                chTMStopMeasurementX
 .text._tm_init
                0x08001d60       0x40 build/obj/chtm.o
                0x08001d60                _tm_init
 .text.chThdRelease
                0x08001da0       0x50 build/obj/chdynamic.o
                0x08001da0                chThdRelease
 .text.chThdCreateFromHeap
                0x08001df0       0x40 build/obj/chdynamic.o
                0x08001df0                chThdCreateFromHeap
 .text.chMtxObjectInit
                0x08001e30       0x10 build/obj/chmtx.o
                0x08001e30                chMtxObjectInit
 .text.chMtxLockS
                0x08001e40       0xd0 build/obj/chmtx.o
                0x08001e40                chMtxLockS
 .text.chMtxLock
                0x08001f10       0x20 build/obj/chmtx.o
                0x08001f10                chMtxLock
 .text.chMtxUnlock
                0x08001f30       0x70 build/obj/chmtx.o
                0x08001f30                chMtxUnlock
 .text.chEvtRegisterMaskWithFlags
                0x08001fa0       0x30 build/obj/chevents.o
                0x08001fa0                chEvtRegisterMaskWithFlags
 .text.chEvtSignalI
                0x08001fd0       0x30 build/obj/chevents.o
                0x08001fd0                chEvtSignalI
 .text.chEvtBroadcastFlagsI
                0x08002000       0x30 build/obj/chevents.o
                0x08002000                chEvtBroadcastFlagsI
 .text.chEvtDispatch
                0x08002030       0x40 build/obj/chevents.o
                0x08002030                chEvtDispatch
 .text.chEvtWaitOne
                0x08002070       0x40 build/obj/chevents.o
                0x08002070                chEvtWaitOne
 .text.chIQObjectInit
                0x080020b0       0x20 build/obj/chqueues.o
                0x080020b0                chIQObjectInit
 .text.chIQPutI
                0x080020d0       0x40 build/obj/chqueues.o
                0x080020d0                chIQPutI
 .text.chIQGetTimeout
                0x08002110       0x50 build/obj/chqueues.o
                0x08002110                chIQGetTimeout
 .text.chIQReadTimeout
                0x08002160       0x80 build/obj/chqueues.o
                0x08002160                chIQReadTimeout
 .text.chOQObjectInit
                0x080021e0       0x20 build/obj/chqueues.o
                0x080021e0                chOQObjectInit
 .text.chOQPutTimeout
                0x08002200       0x60 build/obj/chqueues.o
                0x08002200                chOQPutTimeout
 .text.chOQGetI
                0x08002260       0x40 build/obj/chqueues.o
                0x08002260                chOQGetI
 .text.chOQWriteTimeout
                0x080022a0       0x90 build/obj/chqueues.o
                0x080022a0                chOQWriteTimeout
 .text._core_init
                0x08002330       0x30 build/obj/chmemcore.o
                0x08002330                _core_init
 .text.chCoreAlloc
                0x08002360       0x40 build/obj/chmemcore.o
                0x08002360                chCoreAlloc
 .text._heap_init
                0x080023a0       0x20 build/obj/chheap.o
                0x080023a0                _heap_init
 .text.chHeapAlloc
                0x080023c0       0x90 build/obj/chheap.o
                0x080023c0                chHeapAlloc
 .text.chHeapFree
                0x08002450       0xa0 build/obj/chheap.o
                0x08002450                chHeapFree
 .text.chPoolFree
                0x080024f0       0x20 build/obj/chmempools.o
                0x080024f0                chPoolFree
 .text.SVC_Handler
                0x08002510       0x20 build/obj/chcore_v7m.o
                0x08002510                SVC_Handler
 .text._port_irq_epilogue
                0x08002530       0x50 build/obj/chcore_v7m.o
                0x08002530                _port_irq_epilogue
 .text.halInit  0x08002580       0x30 build/obj/hal.o
                0x08002580                halInit
 .text.stInit   0x080025b0       0x10 build/obj/st.o
                0x080025b0                stInit
 .text.stStartAlarm
                0x080025c0       0x10 build/obj/st.o
                0x080025c0                stStartAlarm
 .text.stStopAlarm
                0x080025d0       0x10 build/obj/st.o
                0x080025d0                stStopAlarm
 .text.stSetAlarm
                0x080025e0       0x10 build/obj/st.o
                0x080025e0                stSetAlarm
 .text._mmcsd_get_slice
                0x080025f0       0x50 build/obj/hal_mmcsd.o
                0x080025f0                _mmcsd_get_slice
 .text._mmcsd_get_capacity
                0x08002640       0x60 build/obj/hal_mmcsd.o
                0x08002640                _mmcsd_get_capacity
 .text.mmcGetInfo
                0x080026a0       0x20 build/obj/mmc_spi.o
                0x080026a0                mmcGetInfo
 .text.recvr1.isra.0
                0x080026c0       0x30 build/obj/mmc_spi.o
 .text.wait.isra.1
                0x080026f0       0x40 build/obj/mmc_spi.o
 .text.send_hdr
                0x08002730       0x70 build/obj/mmc_spi.o
 .text.send_command_R3
                0x080027a0       0x40 build/obj/mmc_spi.o
 .text.send_command_R1
                0x080027e0       0x30 build/obj/mmc_spi.o
 .text.read_CxD
                0x08002810       0xb0 build/obj/mmc_spi.o
 .text.mmcConnect
                0x080028c0      0x120 build/obj/mmc_spi.o
                0x080028c0                mmcConnect
 .text.sync.isra.2
                0x080029e0       0x40 build/obj/mmc_spi.o
 .text.mmcDisconnect
                0x08002a20       0x50 build/obj/mmc_spi.o
                0x08002a20                mmcDisconnect
 .text.mmcSync  0x08002a70       0x30 build/obj/mmc_spi.o
                0x08002a70                mmcSync
 .text.mmcInit  0x08002aa0       0x10 build/obj/mmc_spi.o
                0x08002aa0                mmcInit
 .text.mmcObjectInit
                0x08002ab0       0x20 build/obj/mmc_spi.o
                0x08002ab0                mmcObjectInit
 .text.mmcStart
                0x08002ad0       0x10 build/obj/mmc_spi.o
                0x08002ad0                mmcStart
 .text.mmcStartSequentialRead
                0x08002ae0       0x60 build/obj/mmc_spi.o
                0x08002ae0                mmcStartSequentialRead
 .text.mmcSequentialRead
                0x08002b40       0x60 build/obj/mmc_spi.o
                0x08002b40                mmcSequentialRead
 .text.mmcStopSequentialRead
                0x08002ba0       0x40 build/obj/mmc_spi.o
                0x08002ba0                mmcStopSequentialRead
 .text.mmc_read
                0x08002be0       0x40 build/obj/mmc_spi.o
 .text.mmcStartSequentialWrite
                0x08002c20       0x60 build/obj/mmc_spi.o
                0x08002c20                mmcStartSequentialWrite
 .text.mmcSequentialWrite
                0x08002c80       0x80 build/obj/mmc_spi.o
                0x08002c80                mmcSequentialWrite
 .text.mmcStopSequentialWrite
                0x08002d00       0x30 build/obj/mmc_spi.o
                0x08002d00                mmcStopSequentialWrite
 .text.mmc_write
                0x08002d30       0x40 build/obj/mmc_spi.o
 .text.readt    0x08002d70       0x10 build/obj/serial.o
 .text.read     0x08002d80       0x10 build/obj/serial.o
 .text.writet   0x08002d90       0x10 build/obj/serial.o
 .text.write    0x08002da0       0x10 build/obj/serial.o
 .text.gett     0x08002db0       0x10 build/obj/serial.o
 .text.get      0x08002dc0       0x10 build/obj/serial.o
 .text.putt     0x08002dd0       0x10 build/obj/serial.o
 .text.put      0x08002de0       0x10 build/obj/serial.o
 .text.sdInit   0x08002df0       0x10 build/obj/serial.o
                0x08002df0                sdInit
 .text.sdObjectInit
                0x08002e00       0x40 build/obj/serial.o
                0x08002e00                sdObjectInit
 .text.sdStart  0x08002e40       0x20 build/obj/serial.o
                0x08002e40                sdStart
 .text.sdIncomingDataI
                0x08002e60       0x40 build/obj/serial.o
                0x08002e60                sdIncomingDataI
 .text.spiInit  0x08002ea0       0x10 build/obj/spi.o
                0x08002ea0                spiInit
 .text.spiObjectInit
                0x08002eb0       0x10 build/obj/spi.o
                0x08002eb0                spiObjectInit
 .text.spiStart
                0x08002ec0       0x20 build/obj/spi.o
                0x08002ec0                spiStart
 .text.spiStop  0x08002ee0       0x20 build/obj/spi.o
                0x08002ee0                spiStop
 .text.spiSelect
                0x08002f00       0x20 build/obj/spi.o
                0x08002f00                spiSelect
 .text.spiUnselect
                0x08002f20       0x20 build/obj/spi.o
                0x08002f20                spiUnselect
 .text.spiIgnore
                0x08002f40       0x30 build/obj/spi.o
                0x08002f40                spiIgnore
 .text.spiSend  0x08002f70       0x30 build/obj/spi.o
                0x08002f70                spiSend
 .text.spiReceive
                0x08002fa0       0x30 build/obj/spi.o
                0x08002fa0                spiReceive
 .text.nvicEnableVector
                0x08002fd0       0x40 build/obj/nvic.o
                0x08002fd0                nvicEnableVector
 .text.nvicDisableVector
                0x08003010       0x30 build/obj/nvic.o
                0x08003010                nvicDisableVector
 .text.hal_lld_init
                0x08003040       0x80 build/obj/hal_lld.o
                0x08003040                hal_lld_init
 .text.stm32_clock_init
                0x080030c0       0xa0 build/obj/hal_lld.o
                0x080030c0                stm32_clock_init
 .text.Vector6C
                0x08003160       0x30 build/obj/stm32_dma.o
                0x08003160                Vector6C
 .text.Vector70
                0x08003190       0x30 build/obj/stm32_dma.o
                0x08003190                Vector70
 .text.Vector74
                0x080031c0       0x30 build/obj/stm32_dma.o
                0x080031c0                Vector74
 .text.Vector78
                0x080031f0       0x30 build/obj/stm32_dma.o
                0x080031f0                Vector78
 .text.Vector7C
                0x08003220       0x30 build/obj/stm32_dma.o
                0x08003220                Vector7C
 .text.Vector80
                0x08003250       0x30 build/obj/stm32_dma.o
                0x08003250                Vector80
 .text.Vector84
                0x08003280       0x30 build/obj/stm32_dma.o
                0x08003280                Vector84
 .text.Vector120
                0x080032b0       0x30 build/obj/stm32_dma.o
                0x080032b0                Vector120
 .text.Vector124
                0x080032e0       0x30 build/obj/stm32_dma.o
                0x080032e0                Vector124
 .text.Vector128
                0x08003310       0x30 build/obj/stm32_dma.o
                0x08003310                Vector128
 .text.Vector12C
                0x08003340       0x30 build/obj/stm32_dma.o
                0x08003340                Vector12C
 .text.Vector130
                0x08003370       0x30 build/obj/stm32_dma.o
                0x08003370                Vector130
 .text.dmaInit  0x080033a0       0x50 build/obj/stm32_dma.o
                0x080033a0                dmaInit
 .text.dmaStreamAllocate
                0x080033f0       0xa0 build/obj/stm32_dma.o
                0x080033f0                dmaStreamAllocate
 .text.dmaStreamRelease
                0x08003490       0x60 build/obj/stm32_dma.o
                0x08003490                dmaStreamRelease
 .text.VectorB0
                0x080034f0       0x30 build/obj/st_lld.o
                0x080034f0                VectorB0
 .text.st_lld_init
                0x08003520       0x50 build/obj/st_lld.o
                0x08003520                st_lld_init
 .text._pal_lld_init
                0x08003570      0x100 build/obj/pal_lld.o
                0x08003570                _pal_lld_init
 .text._pal_lld_setgroupmode
                0x08003670       0xd0 build/obj/pal_lld.o
                0x08003670                _pal_lld_setgroupmode
 .text.spi_lld_serve_tx_interrupt
                0x08003740       0x10 build/obj/spi_lld.o
 .text.spi_lld_serve_rx_interrupt
                0x08003750       0x80 build/obj/spi_lld.o
 .text.spi_lld_init
                0x080037d0       0x60 build/obj/spi_lld.o
                0x080037d0                spi_lld_init
 .text.spi_lld_start
                0x08003830       0xe0 build/obj/spi_lld.o
                0x08003830                spi_lld_start
 .text.spi_lld_stop
                0x08003910       0x50 build/obj/spi_lld.o
                0x08003910                spi_lld_stop
 .text.spi_lld_select
                0x08003960       0x20 build/obj/spi_lld.o
                0x08003960                spi_lld_select
 .text.spi_lld_unselect
                0x08003980       0x20 build/obj/spi_lld.o
                0x08003980                spi_lld_unselect
 .text.spi_lld_ignore
                0x080039a0       0x40 build/obj/spi_lld.o
                0x080039a0                spi_lld_ignore
 .text.spi_lld_send
                0x080039e0       0x40 build/obj/spi_lld.o
                0x080039e0                spi_lld_send
 .text.spi_lld_receive
                0x08003a20       0x40 build/obj/spi_lld.o
                0x08003a20                spi_lld_receive
 .text.notify1  0x08003a60       0x10 build/obj/serial_lld.o
 .text.VectorD4
                0x08003a70      0x100 build/obj/serial_lld.o
                0x08003a70                VectorD4
 .text.sd_lld_init
                0x08003b70       0x40 build/obj/serial_lld.o
                0x08003b70                sd_lld_init
 .text.sd_lld_start
                0x08003bb0       0x60 build/obj/serial_lld.o
                0x08003bb0                sd_lld_start
 .text.__early_init
                0x08003c10       0x10 build/obj/board.o
                0x08003c10                __early_init
 .text.mmc_lld_is_card_inserted
                0x08003c20       0x10 build/obj/board.o
                0x08003c20                mmc_lld_is_card_inserted
 .text.mmc_lld_is_write_protected
                0x08003c30       0x10 build/obj/board.o
                0x08003c30                mmc_lld_is_write_protected
 .text.boardInit
                0x08003c40       0x10 build/obj/board.o
                0x08003c40                boardInit
 .text.cmd_systime
                0x08003c50       0x30 build/obj/shell.o
 .text.cmd_info
                0x08003c80       0xc0 build/obj/shell.o
 .text._strtok.constprop.2
                0x08003d40       0x40 build/obj/shell.o
 .text.shellInit
                0x08003d80       0x10 build/obj/shell.o
                0x08003d80                shellInit
 .text.shellExit
                0x08003d90       0x20 build/obj/shell.o
                0x08003d90                shellExit
 .text.shellCreate
                0x08003db0       0x20 build/obj/shell.o
                0x08003db0                shellCreate
 .text.shellGetLine
                0x08003dd0       0xa0 build/obj/shell.o
                0x08003dd0                shellGetLine
 .text.shell_thread
                0x08003e70      0x1a0 build/obj/shell.o
 .text._sbrk_r  0x08004010       0x20 build/obj/syscalls.o
                0x08004010                _sbrk_r
 .text.long_to_string_with_divisor.constprop.0
                0x08004030       0x50 build/obj/chprintf.o
 .text.chvprintf
                0x08004080      0x280 build/obj/chprintf.o
                0x08004080                chvprintf
 .text.chprintf
                0x08004300       0x20 build/obj/chprintf.o
                0x08004300                chprintf
 .text.get_ldnumber
                0x08004320       0x50 build/obj/ff.o
 .text.validate
                0x08004370       0x30 build/obj/ff.o
 .text.sync_window.part.3
                0x080043a0       0x50 build/obj/ff.o
 .text.sync_fs  0x080043f0       0xe0 build/obj/ff.o
 .text.move_window
                0x080044d0       0x40 build/obj/ff.o
 .text.check_fs
                0x08004510       0x90 build/obj/ff.o
 .text.find_volume
                0x080045a0      0x330 build/obj/ff.o
 .text.get_fat.part.6
                0x080048d0       0xd0 build/obj/ff.o
 .text.dir_sdi  0x080049a0       0xa0 build/obj/ff.o
 .text.put_fat.part.8
                0x08004a40      0x100 build/obj/ff.o
 .text.create_chain
                0x08004b40       0xd0 build/obj/ff.o
 .text.dir_next
                0x08004c10      0x140 build/obj/ff.o
 .text.follow_path
                0x08004d50      0x200 build/obj/ff.o
 .text.remove_chain.part.10
                0x08004f50       0x60 build/obj/ff.o
 .text.dir_register
                0x08004fb0       0x70 build/obj/ff.o
 .text.f_mount  0x08005020       0x60 build/obj/ff.o
                0x08005020                f_mount
 .text.f_open   0x08005080      0x180 build/obj/ff.o
                0x08005080                f_open
 .text.f_write  0x08005200      0x1d0 build/obj/ff.o
                0x08005200                f_write
 .text.f_sync   0x080053d0       0xb0 build/obj/ff.o
                0x080053d0                f_sync
 .text.f_close  0x08005480       0x20 build/obj/ff.o
                0x08005480                f_close
 .text.f_lseek  0x080054a0      0x170 build/obj/ff.o
                0x080054a0                f_lseek
 .text.disk_initialize
                0x08005610       0x30 build/obj/fatfs_diskio.o
                0x08005610                disk_initialize
 .text.disk_status
                0x08005640       0x30 build/obj/fatfs_diskio.o
                0x08005640                disk_status
 .text.disk_read
                0x08005670       0x60 build/obj/fatfs_diskio.o
                0x08005670                disk_read
 .text.disk_write
                0x080056d0       0x70 build/obj/fatfs_diskio.o
                0x080056d0                disk_write
 .text.disk_ioctl
                0x08005740       0x20 build/obj/fatfs_diskio.o
                0x08005740                disk_ioctl
 .text.get_fattime
                0x08005760       0x10 build/obj/fatfs_diskio.o
                0x08005760                get_fattime
 .text.cmd_myecho
                0x08005770       0x30 build/obj/main.o
 .text.cmd_dataread
                0x080057a0       0x50 build/obj/main.o
 .text.cmd_writeSD
                0x080057f0       0x40 build/obj/main.o
 .text.counterThread
                0x08005830       0x30 build/obj/main.o
 .text.termination_handler
                0x08005860       0x50 build/obj/main.o
 .text.init_mmc
                0x080058b0       0x80 build/obj/main.o
                0x080058b0                init_mmc
 .text.accel_read_register
                0x08005930       0x60 build/obj/main.o
                0x08005930                accel_read_register
 .text.readThread
                0x08005990      0x290 build/obj/main.o
 .text.accel_write_register
                0x08005c20       0x60 build/obj/main.o
                0x08005c20                accel_write_register
 .text.appendToCard
                0x08005c80       0xa0 build/obj/main.o
                0x08005c80                appendToCard
 .text.writeThread
                0x08005d20      0x130 build/obj/main.o
 .text.initSDcard
                0x08005e50       0x50 build/obj/main.o
                0x08005e50                initSDcard
 .text.writeToSD
                0x08005ea0      0x110 build/obj/main.o
                0x08005ea0                writeToSD
 .text.cmd_read
                0x08005fb0      0x100 build/obj/main.o
 .text.startup.main
                0x080060b0      0x180 build/obj/main.o
                0x080060b0                main
 .text.memset   0x08006230       0x94 /nfs/nfs5/home/research/hardware/arm2/gcc-arm-embedded/gcc-arm-none-eabi-4_8-2014q2/bin/../lib/gcc/arm-none-eabi/4.8.4/../../../../arm-none-eabi/lib/armv7e-m/libg.a(lib_a-memset.o)
                0x08006230                memset
 *fill*         0x080062c4        0xc 
 .text.sprintf  0x080062d0       0x4c /nfs/nfs5/home/research/hardware/arm2/gcc-arm-embedded/gcc-arm-none-eabi-4_8-2014q2/bin/../lib/gcc/arm-none-eabi/4.8.4/../../../../arm-none-eabi/lib/armv7e-m/libg.a(lib_a-sprintf.o)
                0x080062d0                sprintf
 *fill*         0x0800631c        0x4 
 .text.strlen   0x08006320       0x60 /nfs/nfs5/home/research/hardware/arm2/gcc-arm-embedded/gcc-arm-none-eabi-4_8-2014q2/bin/../lib/gcc/arm-none-eabi/4.8.4/../../../../arm-none-eabi/lib/armv7e-m/libg.a(lib_a-strlen.o)
                0x08006320                strlen
 .text.strpbrk  0x08006380       0x50 /nfs/nfs5/home/research/hardware/arm2/gcc-arm-embedded/gcc-arm-none-eabi-4_8-2014q2/bin/../lib/gcc/arm-none-eabi/4.8.4/../../../../arm-none-eabi/lib/armv7e-m/libg.a(lib_a-strpbrk.o)
                0x08006380                strpbrk
 .text.strspn   0x080063d0       0x40 /nfs/nfs5/home/research/hardware/arm2/gcc-arm-embedded/gcc-arm-none-eabi-4_8-2014q2/bin/../lib/gcc/arm-none-eabi/4.8.4/../../../../arm-none-eabi/lib/armv7e-m/libg.a(lib_a-strspn.o)
                0x080063d0                strspn
 .text._svfprintf_r
                0x08006410     0x14f8 /nfs/nfs5/home/research/hardware/arm2/gcc-arm-embedded/gcc-arm-none-eabi-4_8-2014q2/bin/../lib/gcc/arm-none-eabi/4.8.4/../../../../arm-none-eabi/lib/armv7e-m/libg.a(lib_a-svfprintf.o)
                0x08006410                _svfprintf_r
 *fill*         0x08007908        0x8 
 .text.quorem   0x08007910      0x130 /nfs/nfs5/home/research/hardware/arm2/gcc-arm-embedded/gcc-arm-none-eabi-4_8-2014q2/bin/../lib/gcc/arm-none-eabi/4.8.4/../../../../arm-none-eabi/lib/armv7e-m/libg.a(lib_a-dtoa.o)
 .text._dtoa_r  0x08007a40      0xe38 /nfs/nfs5/home/research/hardware/arm2/gcc-arm-embedded/gcc-arm-none-eabi-4_8-2014q2/bin/../lib/gcc/arm-none-eabi/4.8.4/../../../../arm-none-eabi/lib/armv7e-m/libg.a(lib_a-dtoa.o)
                0x08007a40                _dtoa_r
 *fill*         0x08008878        0x8 
 .text._localeconv_r
                0x08008880        0x8 /nfs/nfs5/home/research/hardware/arm2/gcc-arm-embedded/gcc-arm-none-eabi-4_8-2014q2/bin/../lib/gcc/arm-none-eabi/4.8.4/../../../../arm-none-eabi/lib/armv7e-m/libg.a(lib_a-locale.o)
                0x08008880                _localeconv_r
 *fill*         0x08008888        0x8 
 .text._malloc_r
                0x08008890      0x538 /nfs/nfs5/home/research/hardware/arm2/gcc-arm-embedded/gcc-arm-none-eabi-4_8-2014q2/bin/../lib/gcc/arm-none-eabi/4.8.4/../../../../arm-none-eabi/lib/armv7e-m/libg.a(lib_a-mallocr.o)
                0x08008890                _malloc_r
 *fill*         0x08008dc8        0x8 
 .text.memchr   0x08008dd0       0x90 /nfs/nfs5/home/research/hardware/arm2/gcc-arm-embedded/gcc-arm-none-eabi-4_8-2014q2/bin/../lib/gcc/arm-none-eabi/4.8.4/../../../../arm-none-eabi/lib/armv7e-m/libg.a(lib_a-memchr-stub.o)
                0x08008dd0                memchr
 .text.__malloc_lock
                0x08008e60        0x4 /nfs/nfs5/home/research/hardware/arm2/gcc-arm-embedded/gcc-arm-none-eabi-4_8-2014q2/bin/../lib/gcc/arm-none-eabi/4.8.4/../../../../arm-none-eabi/lib/armv7e-m/libg.a(lib_a-mlock.o)
                0x08008e60                __malloc_lock
 *fill*         0x08008e64        0xc 
 .text.__malloc_unlock
                0x08008e70        0x4 /nfs/nfs5/home/research/hardware/arm2/gcc-arm-embedded/gcc-arm-none-eabi-4_8-2014q2/bin/../lib/gcc/arm-none-eabi/4.8.4/../../../../arm-none-eabi/lib/armv7e-m/libg.a(lib_a-mlock.o)
                0x08008e70                __malloc_unlock
 *fill*         0x08008e74        0xc 
 .text._Balloc  0x08008e80       0x4c /nfs/nfs5/home/research/hardware/arm2/gcc-arm-embedded/gcc-arm-none-eabi-4_8-2014q2/bin/../lib/gcc/arm-none-eabi/4.8.4/../../../../arm-none-eabi/lib/armv7e-m/libg.a(lib_a-mprec.o)
                0x08008e80                _Balloc
 *fill*         0x08008ecc        0x4 
 .text._Bfree   0x08008ed0       0x14 /nfs/nfs5/home/research/hardware/arm2/gcc-arm-embedded/gcc-arm-none-eabi-4_8-2014q2/bin/../lib/gcc/arm-none-eabi/4.8.4/../../../../arm-none-eabi/lib/armv7e-m/libg.a(lib_a-mprec.o)
                0x08008ed0                _Bfree
 *fill*         0x08008ee4        0xc 
 .text.__multadd
                0x08008ef0       0x98 /nfs/nfs5/home/research/hardware/arm2/gcc-arm-embedded/gcc-arm-none-eabi-4_8-2014q2/bin/../lib/gcc/arm-none-eabi/4.8.4/../../../../arm-none-eabi/lib/armv7e-m/libg.a(lib_a-mprec.o)
                0x08008ef0                __multadd
 *fill*         0x08008f88        0x8 
 .text.__hi0bits
                0x08008f90       0x40 /nfs/nfs5/home/research/hardware/arm2/gcc-arm-embedded/gcc-arm-none-eabi-4_8-2014q2/bin/../lib/gcc/arm-none-eabi/4.8.4/../../../../arm-none-eabi/lib/armv7e-m/libg.a(lib_a-mprec.o)
                0x08008f90                __hi0bits
 .text.__lo0bits
                0x08008fd0       0x5c /nfs/nfs5/home/research/hardware/arm2/gcc-arm-embedded/gcc-arm-none-eabi-4_8-2014q2/bin/../lib/gcc/arm-none-eabi/4.8.4/../../../../arm-none-eabi/lib/armv7e-m/libg.a(lib_a-mprec.o)
                0x08008fd0                __lo0bits
 *fill*         0x0800902c        0x4 
 .text.__i2b    0x08009030       0x14 /nfs/nfs5/home/research/hardware/arm2/gcc-arm-embedded/gcc-arm-none-eabi-4_8-2014q2/bin/../lib/gcc/arm-none-eabi/4.8.4/../../../../arm-none-eabi/lib/armv7e-m/libg.a(lib_a-mprec.o)
                0x08009030                __i2b
 *fill*         0x08009044        0xc 
 .text.__multiply
                0x08009050      0x13c /nfs/nfs5/home/research/hardware/arm2/gcc-arm-embedded/gcc-arm-none-eabi-4_8-2014q2/bin/../lib/gcc/arm-none-eabi/4.8.4/../../../../arm-none-eabi/lib/armv7e-m/libg.a(lib_a-mprec.o)
                0x08009050                __multiply
 *fill*         0x0800918c        0x4 
 .text.__pow5mult
                0x08009190       0x9c /nfs/nfs5/home/research/hardware/arm2/gcc-arm-embedded/gcc-arm-none-eabi-4_8-2014q2/bin/../lib/gcc/arm-none-eabi/4.8.4/../../../../arm-none-eabi/lib/armv7e-m/libg.a(lib_a-mprec.o)
                0x08009190                __pow5mult
 *fill*         0x0800922c        0x4 
 .text.__lshift
                0x08009230       0xbc /nfs/nfs5/home/research/hardware/arm2/gcc-arm-embedded/gcc-arm-none-eabi-4_8-2014q2/bin/../lib/gcc/arm-none-eabi/4.8.4/../../../../arm-none-eabi/lib/armv7e-m/libg.a(lib_a-mprec.o)
                0x08009230                __lshift
 *fill*         0x080092ec        0x4 
 .text.__mcmp   0x080092f0       0x48 /nfs/nfs5/home/research/hardware/arm2/gcc-arm-embedded/gcc-arm-none-eabi-4_8-2014q2/bin/../lib/gcc/arm-none-eabi/4.8.4/../../../../arm-none-eabi/lib/armv7e-m/libg.a(lib_a-mprec.o)
                0x080092f0                __mcmp
 *fill*         0x08009338        0x8 
 .text.__mdiff  0x08009340       0xd4 /nfs/nfs5/home/research/hardware/arm2/gcc-arm-embedded/gcc-arm-none-eabi-4_8-2014q2/bin/../lib/gcc/arm-none-eabi/4.8.4/../../../../arm-none-eabi/lib/armv7e-m/libg.a(lib_a-mprec.o)
                0x08009340                __mdiff
 *fill*         0x08009414        0xc 
 .text.__d2b    0x08009420       0xbc /nfs/nfs5/home/research/hardware/arm2/gcc-arm-embedded/gcc-arm-none-eabi-4_8-2014q2/bin/../lib/gcc/arm-none-eabi/4.8.4/../../../../arm-none-eabi/lib/armv7e-m/libg.a(lib_a-mprec.o)
                0x08009420                __d2b
 *fill*         0x080094dc        0x4 
 .text.__fpclassifyd
                0x080094e0       0x50 /nfs/nfs5/home/research/hardware/arm2/gcc-arm-embedded/gcc-arm-none-eabi-4_8-2014q2/bin/../lib/gcc/arm-none-eabi/4.8.4/../../../../arm-none-eabi/lib/armv7e-m/libg.a(lib_a-s_fpclassify.o)
                0x080094e0                __fpclassifyd
 .text.__ssprint_r
                0x08009530      0x100 /nfs/nfs5/home/research/hardware/arm2/gcc-arm-embedded/gcc-arm-none-eabi-4_8-2014q2/bin/../lib/gcc/arm-none-eabi/4.8.4/../../../../arm-none-eabi/lib/armv7e-m/libg.a(lib_a-svfiprintf.o)
                0x08009530                __ssprint_r
 .text._calloc_r
                0x08009630       0x60 /nfs/nfs5/home/research/hardware/arm2/gcc-arm-embedded/gcc-arm-none-eabi-4_8-2014q2/bin/../lib/gcc/arm-none-eabi/4.8.4/../../../../arm-none-eabi/lib/armv7e-m/libg.a(lib_a-callocr.o)
                0x08009630                _calloc_r
 .text._malloc_trim_r
                0x08009690       0x9c /nfs/nfs5/home/research/hardware/arm2/gcc-arm-embedded/gcc-arm-none-eabi-4_8-2014q2/bin/../lib/gcc/arm-none-eabi/4.8.4/../../../../arm-none-eabi/lib/armv7e-m/libg.a(lib_a-freer.o)
                0x08009690                _malloc_trim_r
 *fill*         0x0800972c        0x4 
 .text._free_r  0x08009730      0x19c /nfs/nfs5/home/research/hardware/arm2/gcc-arm-embedded/gcc-arm-none-eabi-4_8-2014q2/bin/../lib/gcc/arm-none-eabi/4.8.4/../../../../arm-none-eabi/lib/armv7e-m/libg.a(lib_a-freer.o)
                0x08009730                _free_r
 *fill*         0x080098cc        0x4 
 .text.memmove  0x080098d0       0xc0 /nfs/nfs5/home/research/hardware/arm2/gcc-arm-embedded/gcc-arm-none-eabi-4_8-2014q2/bin/../lib/gcc/arm-none-eabi/4.8.4/../../../../arm-none-eabi/lib/armv7e-m/libg.a(lib_a-memmove.o)
                0x080098d0                memmove
 .text._realloc_r
                0x08009990      0x3cc /nfs/nfs5/home/research/hardware/arm2/gcc-arm-embedded/gcc-arm-none-eabi-4_8-2014q2/bin/../lib/gcc/arm-none-eabi/4.8.4/../../../../arm-none-eabi/lib/armv7e-m/libg.a(lib_a-reallocr.o)
                0x08009990                _realloc_r
 *(.rodata)
 *(.rodata.*)
 *fill*         0x08009d5c        0x4 
 .rodata.ram_areas
                0x08009d60       0x80 build/obj/crt1.o
 .rodata.str1.4
                0x08009de0        0x5 build/obj/chsys.o
                                  0x8 (size before relaxing)
 *fill*         0x08009de5        0xb 
 .rodata.ch_debug
                0x08009df0       0x18 build/obj/chregistry.o
                0x08009df0                ch_debug
 *fill*         0x08009e08        0x8 
 .rodata.stopcmd.7755
                0x08009e10        0x8 build/obj/mmc_spi.o
 *fill*         0x08009e18        0x8 
 .rodata.stop.7772
                0x08009e20        0x4 build/obj/mmc_spi.o
 *fill*         0x08009e24        0xc 
 .rodata.crc7_lookup_table
                0x08009e30      0x100 build/obj/mmc_spi.o
 .rodata.mmc_vmt
                0x08009f30       0x20 build/obj/mmc_spi.o
 .rodata.start.7766
                0x08009f50        0x4 build/obj/mmc_spi.o
 *fill*         0x08009f54        0xc 
 .rodata.vmt    0x08009f60       0x20 build/obj/serial.o
 .rodata._stm32_dma_streams
                0x08009f80       0xf0 build/obj/stm32_dma.o
                0x08009f80                _stm32_dma_streams
 .rodata.dummytx
                0x0800a070        0x2 build/obj/spi_lld.o
 *fill*         0x0800a072        0xe 
 .rodata.str1.4
                0x0800a080        0xc build/obj/spi_lld.o
 *fill*         0x0800a08c        0x4 
 .rodata.default_config
                0x0800a090       0x10 build/obj/serial_lld.o
 .rodata.pal_default_config
                0x0800a0a0       0xa8 build/obj/board.o
                0x0800a0a0                pal_default_config
 *fill*         0x0800a148        0x8 
 .rodata.str1.4
                0x0800a150      0x231 build/obj/shell.o
                                0x238 (size before relaxing)
 *fill*         0x0800a381        0xf 
 .rodata.str1.4
                0x0800a390        0x7 build/obj/chprintf.o
                                  0x8 (size before relaxing)
 *fill*         0x0800a397        0x9 
 .rodata.str1.4
                0x0800a3a0        0xf build/obj/ff.o
                                 0x10 (size before relaxing)
 *fill*         0x0800a3af        0x1 
 .rodata.ExCvt  0x0800a3b0       0x80 build/obj/ff.o
 .rodata.lowSdcSpiConfig
                0x0800a430       0x10 build/obj/main.o
 .rodata.str1.4
                0x0800a440      0x128 build/obj/main.o
                                0x134 (size before relaxing)
 *fill*         0x0800a568        0x8 
 .rodata.mmcConfig
                0x0800a570        0xc build/obj/main.o
 *fill*         0x0800a57c        0x4 
 .rodata.commands
                0x0800a580       0x28 build/obj/main.o
 *fill*         0x0800a5a8        0x8 
 .rodata.highSdcSpiConfig
                0x0800a5b0       0x10 build/obj/main.o
 .rodata.shell_cfg1
                0x0800a5c0        0x8 build/obj/main.o
 *fill*         0x0800a5c8        0x8 
 .rodata.zeroes.6763
                0x0800a5d0       0x10 /nfs/nfs5/home/research/hardware/arm2/gcc-arm-embedded/gcc-arm-none-eabi-4_8-2014q2/bin/../lib/gcc/arm-none-eabi/4.8.4/../../../../arm-none-eabi/lib/armv7e-m/libg.a(lib_a-svfprintf.o)
 .rodata.str1.4
                0x0800a5e0       0x35 /nfs/nfs5/home/research/hardware/arm2/gcc-arm-embedded/gcc-arm-none-eabi-4_8-2014q2/bin/../lib/gcc/arm-none-eabi/4.8.4/../../../../arm-none-eabi/lib/armv7e-m/libg.a(lib_a-svfprintf.o)
                                 0x44 (size before relaxing)
 *fill*         0x0800a615        0xb 
 .rodata.blanks.6762
                0x0800a620       0x10 /nfs/nfs5/home/research/hardware/arm2/gcc-arm-embedded/gcc-arm-none-eabi-4_8-2014q2/bin/../lib/gcc/arm-none-eabi/4.8.4/../../../../arm-none-eabi/lib/armv7e-m/libg.a(lib_a-svfprintf.o)
 .rodata.str1.4
                0x0800a630       0x10 /nfs/nfs5/home/research/hardware/arm2/gcc-arm-embedded/gcc-arm-none-eabi-4_8-2014q2/bin/../lib/gcc/arm-none-eabi/4.8.4/../../../../arm-none-eabi/lib/armv7e-m/libg.a(lib_a-dtoa.o)
                                 0x14 (size before relaxing)
 .rodata.str1.4
                0x0800a640        0x2 /nfs/nfs5/home/research/hardware/arm2/gcc-arm-embedded/gcc-arm-none-eabi-4_8-2014q2/bin/../lib/gcc/arm-none-eabi/4.8.4/../../../../arm-none-eabi/lib/armv7e-m/libg.a(lib_a-impure.o)
                                  0x4 (size before relaxing)
 *fill*         0x0800a642        0xe 
 .rodata.str1.4
                0x0800a650        0xc /nfs/nfs5/home/research/hardware/arm2/gcc-arm-embedded/gcc-arm-none-eabi-4_8-2014q2/bin/../lib/gcc/arm-none-eabi/4.8.4/../../../../arm-none-eabi/lib/armv7e-m/libg.a(lib_a-locale.o)
                                 0x14 (size before relaxing)
 *fill*         0x0800a65c        0x4 
 .rodata.__mprec_tens
                0x0800a660       0xc8 /nfs/nfs5/home/research/hardware/arm2/gcc-arm-embedded/gcc-arm-none-eabi-4_8-2014q2/bin/../lib/gcc/arm-none-eabi/4.8.4/../../../../arm-none-eabi/lib/armv7e-m/libg.a(lib_a-mprec.o)
                0x0800a660                __mprec_tens
 *fill*         0x0800a728        0x8 
 .rodata.__mprec_bigtens
                0x0800a730       0x28 /nfs/nfs5/home/research/hardware/arm2/gcc-arm-embedded/gcc-arm-none-eabi-4_8-2014q2/bin/../lib/gcc/arm-none-eabi/4.8.4/../../../../arm-none-eabi/lib/armv7e-m/libg.a(lib_a-mprec.o)
                0x0800a730                __mprec_bigtens
 *fill*         0x0800a758        0x8 
 .rodata.p05.5269
                0x0800a760        0xc /nfs/nfs5/home/research/hardware/arm2/gcc-arm-embedded/gcc-arm-none-eabi-4_8-2014q2/bin/../lib/gcc/arm-none-eabi/4.8.4/../../../../arm-none-eabi/lib/armv7e-m/libg.a(lib_a-mprec.o)
 *(.glue_7t)
 .glue_7t       0x00000000        0x0 linker stubs
 *(.glue_7)
 .glue_7        0x00000000        0x0 linker stubs
 *(.gcc*)

.vfp11_veneer   0x0800a76c        0x0
 .vfp11_veneer  0x00000000        0x0 linker stubs

.v4_bx          0x0800a76c        0x0
 .v4_bx         0x00000000        0x0 linker stubs

.iplt           0x0800a76c        0x0
 .iplt          0x00000000        0x0 build/obj/crt0_v7m.o

.ARM.extab
 *(.ARM.extab* .gnu.linkonce.armextab.*)

.ARM.exidx      0x0800a76c        0x8
                0x0800a76c                __exidx_start = .
 *(.ARM.exidx* .gnu.linkonce.armexidx.*)
 .ARM.exidx     0x0800a76c        0x8 /nfs/nfs5/home/research/hardware/arm2/gcc-arm-embedded/gcc-arm-none-eabi-4_8-2014q2/bin/../lib/gcc/arm-none-eabi/4.8.4/armv7e-m/libgcc.a(_divdi3.o)
 .ARM.exidx     0x0800a774        0x0 /nfs/nfs5/home/research/hardware/arm2/gcc-arm-embedded/gcc-arm-none-eabi-4_8-2014q2/bin/../lib/gcc/arm-none-eabi/4.8.4/armv7e-m/libgcc.a(_udivdi3.o)
                                  0x8 (size before relaxing)
                0x0800a774                __exidx_end = .

.rel.dyn        0x0800a774        0x0
 .rel.iplt      0x00000000        0x0 build/obj/crt0_v7m.o

.eh_frame_hdr
 *(.eh_frame_hdr)

.eh_frame
 *(.eh_frame)

.textalign      0x0800a774        0x4
                0x0800a778                . = ALIGN (0x8)
 *fill*         0x0800a774        0x4 
                0x0800a778                . = ALIGN (0x4)
                0x0800a778                PROVIDE (_etext, .)

.mstack         0x20000000      0x400
                0x20000000                . = ALIGN (0x8)
                0x20000000                __main_stack_base__ = .
                0x20000400                . = (. + __main_stack_size__)
 *fill*         0x20000000      0x400 
                0x20000400                . = ALIGN (0x8)
                0x20000400                __main_stack_end__ = .

.pstack         0x20000400      0x400
                0x20000400                __process_stack_base__ = .
                0x20000400                __main_thread_stack_base__ = .
                0x20000800                . = (. + __process_stack_size__)
 *fill*         0x20000400      0x400 
                0x20000800                . = ALIGN (0x8)
                0x20000800                __process_stack_end__ = .
                0x20000800                __main_thread_stack_end__ = .

.data           0x20000800      0x8a4 load address 0x0800a778
                0x20000800                . = ALIGN (0x4)
                0x0800a778                PROVIDE (_textdata, LOADADDR (.data))
                0x20000800                PROVIDE (_data, .)
                0x0800a778                _textdata_start = LOADADDR (.data)
                0x20000800                _data_start = .
 *(.data)
 *(.data.*)
 .data.local_commands
                0x20000800       0x18 build/obj/shell.o
 .data.fhandlers
                0x20000818        0x4 build/obj/main.o
 .data.accel_cfg
                0x2000081c       0x10 build/obj/main.o
 .data.currBuffer
                0x2000082c        0x4 build/obj/main.o
                0x2000082c                currBuffer
 .data.impure_data
                0x20000830      0x428 /nfs/nfs5/home/research/hardware/arm2/gcc-arm-embedded/gcc-arm-none-eabi-4_8-2014q2/bin/../lib/gcc/arm-none-eabi/4.8.4/../../../../arm-none-eabi/lib/armv7e-m/libg.a(lib_a-impure.o)
 .data._impure_ptr
                0x20000c58        0x4 /nfs/nfs5/home/research/hardware/arm2/gcc-arm-embedded/gcc-arm-none-eabi-4_8-2014q2/bin/../lib/gcc/arm-none-eabi/4.8.4/../../../../arm-none-eabi/lib/armv7e-m/libg.a(lib_a-impure.o)
                0x20000c58                _impure_ptr
 .data.lconv    0x20000c5c       0x38 /nfs/nfs5/home/research/hardware/arm2/gcc-arm-embedded/gcc-arm-none-eabi-4_8-2014q2/bin/../lib/gcc/arm-none-eabi/4.8.4/../../../../arm-none-eabi/lib/armv7e-m/libg.a(lib_a-locale.o)
 .data.__malloc_av_
                0x20000c94      0x408 /nfs/nfs5/home/research/hardware/arm2/gcc-arm-embedded/gcc-arm-none-eabi-4_8-2014q2/bin/../lib/gcc/arm-none-eabi/4.8.4/../../../../arm-none-eabi/lib/armv7e-m/libg.a(lib_a-mallocr.o)
                0x20000c94                __malloc_av_
 .data.__malloc_trim_threshold
                0x2000109c        0x4 /nfs/nfs5/home/research/hardware/arm2/gcc-arm-embedded/gcc-arm-none-eabi-4_8-2014q2/bin/../lib/gcc/arm-none-eabi/4.8.4/../../../../arm-none-eabi/lib/armv7e-m/libg.a(lib_a-mallocr.o)
                0x2000109c                __malloc_trim_threshold
 .data.__malloc_sbrk_base
                0x200010a0        0x4 /nfs/nfs5/home/research/hardware/arm2/gcc-arm-embedded/gcc-arm-none-eabi-4_8-2014q2/bin/../lib/gcc/arm-none-eabi/4.8.4/../../../../arm-none-eabi/lib/armv7e-m/libg.a(lib_a-mallocr.o)
                0x200010a0                __malloc_sbrk_base
 *(.ramtext)
                0x200010a4                . = ALIGN (0x4)
                0x200010a4                PROVIDE (_edata, .)
                0x200010a4                _data_end = .

.igot.plt       0x200010a4        0x0 load address 0x0800b01c
 .igot.plt      0x00000000        0x0 build/obj/crt0_v7m.o

.bss            0x200010a8     0x1f44 load address 0x0800b01c
                0x200010a8                . = ALIGN (0x4)
                0x200010a8                _bss_start = .
 *(.bss)
 *(.bss.*)
 .bss.ch        0x200010a8      0x150 build/obj/chschd.o
                0x200010a8                ch
 .bss.endmem    0x200011f8        0x4 build/obj/chmemcore.o
 .bss.nextmem   0x200011fc        0x4 build/obj/chmemcore.o
 .bss.default_heap
                0x20001200       0x20 build/obj/chheap.o
 .bss._stm32_dma_isr_redir
                0x20001220       0x60 build/obj/stm32_dma.o
                0x20001220                _stm32_dma_isr_redir
 .bss.dma_streams_mask
                0x20001280        0x4 build/obj/stm32_dma.o
 .bss.SPID1     0x20001284       0x34 build/obj/spi_lld.o
                0x20001284                SPID1
 .bss.SPID2     0x200012b8       0x34 build/obj/spi_lld.o
                0x200012b8                SPID2
 .bss.dummyrx   0x200012ec        0x2 build/obj/spi_lld.o
 *fill*         0x200012ee        0x2 
 .bss.SD1       0x200012f0       0x7c build/obj/serial_lld.o
                0x200012f0                SD1
 .bss.shell_terminated
                0x2000136c        0x4 build/obj/shell.o
                0x2000136c                shell_terminated
 .bss.Fsid      0x20001370        0x2 build/obj/ff.o
 *fill*         0x20001372        0x2 
 .bss.FatFs     0x20001374        0x4 build/obj/ff.o
 .bss.xData3    0x20001378       0x34 build/obj/main.o
                0x20001378                xData3
 .bss.count     0x200013ac        0x4 build/obj/main.o
                0x200013ac                count
 .bss.fil       0x200013b0      0x224 build/obj/main.o
                0x200013b0                fil
 .bss.MMCD1     0x200015d4       0x34 build/obj/main.o
                0x200015d4                MMCD1
 .bss.head      0x20001608        0x4 build/obj/main.o
                0x20001608                head
 .bss.tail      0x2000160c        0x4 build/obj/main.o
                0x2000160c                tail
 .bss.yData1    0x20001610       0x34 build/obj/main.o
                0x20001610                yData1
 .bss.yData2    0x20001644       0x34 build/obj/main.o
                0x20001644                yData2
 .bss.yData3    0x20001678       0x34 build/obj/main.o
                0x20001678                yData3
 .bss.btnData2  0x200016ac       0x1c build/obj/main.o
                0x200016ac                btnData2
 .bss.final     0x200016c8      0x1f4 build/obj/main.o
                0x200016c8                final
 *fill*         0x200018bc        0x4 
 .bss.waWriteThread
                0x200018c0     0x10c8 build/obj/main.o
 .bss.waCounterThread
                0x20002988      0x148 build/obj/main.o
 .bss.shelltp1  0x20002ad0        0x4 build/obj/main.o
 .bss.btnData1  0x20002ad4       0x1c build/obj/main.o
                0x20002ad4                btnData1
 .bss.btnData3  0x20002af0       0x1c build/obj/main.o
                0x20002af0                btnData3
 .bss.startWriting
                0x20002b0c        0x4 build/obj/main.o
                0x20002b0c                startWriting
 .bss.stop      0x20002b10        0x4 build/obj/main.o
                0x20002b10                stop
 *fill*         0x20002b14        0x4 
 .bss.waReadThread
                0x20002b18      0x148 build/obj/main.o
 .bss.button    0x20002c60        0x4 build/obj/main.o
                0x20002c60                button
 .bss.queue     0x20002c64        0xc build/obj/main.o
                0x20002c64                queue
 .bss.rc        0x20002c70        0x1 build/obj/main.o
                0x20002c70                rc
 *fill*         0x20002c71        0x3 
 .bss.SDC_FS    0x20002c74      0x230 build/obj/main.o
                0x20002c74                SDC_FS
 .bss.zData2    0x20002ea4       0x34 build/obj/main.o
                0x20002ea4                zData2
 .bss.sdMutex   0x20002ed8       0x10 build/obj/main.o
 .bss.xData1    0x20002ee8       0x34 build/obj/main.o
                0x20002ee8                xData1
 .bss.zData1    0x20002f1c       0x34 build/obj/main.o
                0x20002f1c                zData1
 .bss.xData2    0x20002f50       0x34 build/obj/main.o
                0x20002f50                xData2
 .bss.zData3    0x20002f84       0x34 build/obj/main.o
                0x20002f84                zData3
 .bss.__malloc_max_total_mem
                0x20002fb8        0x4 /nfs/nfs5/home/research/hardware/arm2/gcc-arm-embedded/gcc-arm-none-eabi-4_8-2014q2/bin/../lib/gcc/arm-none-eabi/4.8.4/../../../../arm-none-eabi/lib/armv7e-m/libg.a(lib_a-mallocr.o)
                0x20002fb8                __malloc_max_total_mem
 .bss.__malloc_max_sbrked_mem
                0x20002fbc        0x4 /nfs/nfs5/home/research/hardware/arm2/gcc-arm-embedded/gcc-arm-none-eabi-4_8-2014q2/bin/../lib/gcc/arm-none-eabi/4.8.4/../../../../arm-none-eabi/lib/armv7e-m/libg.a(lib_a-mallocr.o)
                0x20002fbc                __malloc_max_sbrked_mem
 .bss.__malloc_top_pad
                0x20002fc0        0x4 /nfs/nfs5/home/research/hardware/arm2/gcc-arm-embedded/gcc-arm-none-eabi-4_8-2014q2/bin/../lib/gcc/arm-none-eabi/4.8.4/../../../../arm-none-eabi/lib/armv7e-m/libg.a(lib_a-mallocr.o)
                0x20002fc0                __malloc_top_pad
 .bss.__malloc_current_mallinfo
                0x20002fc4       0x28 /nfs/nfs5/home/research/hardware/arm2/gcc-arm-embedded/gcc-arm-none-eabi-4_8-2014q2/bin/../lib/gcc/arm-none-eabi/4.8.4/../../../../arm-none-eabi/lib/armv7e-m/libg.a(lib_a-mallocr.o)
                0x20002fc4                __malloc_current_mallinfo
 *(COMMON)
                0x20002fec                . = ALIGN (0x4)
                0x20002fec                _bss_end = .
                0x20002fec                PROVIDE (end, .)

.ram0_init      0x20002fec        0x0 load address 0x0800b01c
                0x20002fec                . = ALIGN (0x4)
                0x0800b01c                __ram0_init_text__ = LOADADDR (.ram0_init)
                0x20002fec                __ram0_init__ = .
 *(.ram0_init)
 *(.ram0_init.*)
                0x20002fec                . = ALIGN (0x4)

.ram0           0x20002fec        0x0 load address 0x0800b01c
                0x20002fec                . = ALIGN (0x4)
                0x20002fec                __ram0_clear__ = .
 *(.ram0_clear)
 *(.ram0_clear.*)
                0x20002fec                . = ALIGN (0x4)
                0x20002fec                __ram0_noinit__ = .
 *(.ram0)
 *(.ram0.*)
                0x20002fec                . = ALIGN (0x4)
                0x20002fec                __ram0_free__ = .

.ram1_init      0x00000000        0x0 load address 0x0800b01c
                0x00000000                . = ALIGN (0x4)
                0x0800b01c                __ram1_init_text__ = LOADADDR (.ram1_init)
                0x00000000                __ram1_init__ = .
 *(.ram1_init)
 *(.ram1_init.*)
                0x00000000                . = ALIGN (0x4)

.ram1           0x00000000        0x0 load address 0x0800b01c
                0x00000000                . = ALIGN (0x4)
                0x00000000                __ram1_clear__ = .
 *(.ram1_clear)
 *(.ram1_clear.*)
                0x00000000                . = ALIGN (0x4)
                0x00000000                __ram1_noinit__ = .
 *(.ram1)
 *(.ram1.*)
                0x00000000                . = ALIGN (0x4)
                0x00000000                __ram1_free__ = .

.ram2_init      0x00000000        0x0 load address 0x0800b01c
                0x00000000                . = ALIGN (0x4)
                0x0800b01c                __ram2_init_text__ = LOADADDR (.ram2_init)
                0x00000000                __ram2_init__ = .
 *(.ram2_init)
 *(.ram2_init.*)
                0x00000000                . = ALIGN (0x4)

.ram2           0x00000000        0x0 load address 0x0800b01c
                0x00000000                . = ALIGN (0x4)
                0x00000000                __ram2_clear__ = .
 *(.ram2_clear)
 *(.ram2_clear.*)
                0x00000000                . = ALIGN (0x4)
                0x00000000                __ram2_noinit__ = .
 *(.ram2)
 *(.ram2.*)
                0x00000000                . = ALIGN (0x4)
                0x00000000                __ram2_free__ = .

.ram3_init      0x00000000        0x0 load address 0x0800b01c
                0x00000000                . = ALIGN (0x4)
                0x0800b01c                __ram3_init_text__ = LOADADDR (.ram3_init)
                0x00000000                __ram3_init__ = .
 *(.ram3_init)
 *(.ram3_init.*)
                0x00000000                . = ALIGN (0x4)

.ram3           0x00000000        0x0 load address 0x0800b01c
                0x00000000                . = ALIGN (0x4)
                0x00000000                __ram3_clear__ = .
 *(.ram3_clear)
 *(.ram3_clear.*)
                0x00000000                . = ALIGN (0x4)
                0x00000000                __ram3_noinit__ = .
 *(.ram3)
 *(.ram3.*)
                0x00000000                . = ALIGN (0x4)
                0x00000000                __ram3_free__ = .

.ram4_init      0x10000000        0x0 load address 0x0800b01c
                0x10000000                . = ALIGN (0x4)
                0x0800b01c                __ram4_init_text__ = LOADADDR (.ram4_init)
                0x10000000                __ram4_init__ = .
 *(.ram4_init)
 *(.ram4_init.*)
                0x10000000                . = ALIGN (0x4)

.ram4           0x10000000        0x0 load address 0x0800b01c
                0x10000000                . = ALIGN (0x4)
                0x10000000                __ram4_clear__ = .
 *(.ram4_clear)
 *(.ram4_clear.*)
                0x10000000                . = ALIGN (0x4)
                0x10000000                __ram4_noinit__ = .
 *(.ram4)
 *(.ram4.*)
                0x10000000                . = ALIGN (0x4)
                0x10000000                __ram4_free__ = .

.ram5_init      0x00000000        0x0 load address 0x0800b01c
                0x00000000                . = ALIGN (0x4)
                0x0800b01c                __ram5_init_text__ = LOADADDR (.ram5_init)
                0x00000000                __ram5_init__ = .
 *(.ram5_init)
 *(.ram5_init.*)
                0x00000000                . = ALIGN (0x4)

.ram5           0x00000000        0x0 load address 0x0800b01c
                0x00000000                . = ALIGN (0x4)
                0x00000000                __ram5_clear__ = .
 *(.ram5_clear)
 *(.ram5_clear.*)
                0x00000000                . = ALIGN (0x4)
                0x00000000                __ram5_noinit__ = .
 *(.ram5)
 *(.ram5.*)
                0x00000000                . = ALIGN (0x4)
                0x00000000                __ram5_free__ = .

.ram6_init      0x00000000        0x0 load address 0x0800b01c
                0x00000000                . = ALIGN (0x4)
                0x0800b01c                __ram6_init_text__ = LOADADDR (.ram6_init)
                0x00000000                __ram6_init__ = .
 *(.ram6_init)
 *(.ram6_init.*)
                0x00000000                . = ALIGN (0x4)

.ram6           0x00000000        0x0 load address 0x0800b01c
                0x00000000                . = ALIGN (0x4)
                0x00000000                __ram6_clear__ = .
 *(.ram6_clear)
 *(.ram6_clear.*)
                0x00000000                . = ALIGN (0x4)
                0x00000000                __ram6_noinit__ = .
 *(.ram6)
 *(.ram6.*)
                0x00000000                . = ALIGN (0x4)
                0x00000000                __ram6_free__ = .

.ram7_init      0x00000000        0x0 load address 0x0800b01c
                0x00000000                . = ALIGN (0x4)
                0x0800b01c                __ram7_init_text__ = LOADADDR (.ram7_init)
                0x00000000                __ram7_init__ = .
 *(.ram7_init)
 *(.ram7_init.*)
                0x00000000                . = ALIGN (0x4)

.ram7           0x00000000        0x0 load address 0x0800b01c
                0x00000000                . = ALIGN (0x4)
                0x00000000                __ram7_clear__ = .
 *(.ram7_clear)
 *(.ram7_clear.*)
                0x00000000                . = ALIGN (0x4)
                0x00000000                __ram7_noinit__ = .
 *(.ram7)
 *(.ram7.*)
                0x00000000                . = ALIGN (0x4)
                0x00000000                __ram7_free__ = .

.heap           0x20002fec     0x7014
                0x20002ff0                . = ALIGN (0x8)
 *fill*         0x20002fec        0x4 
                0x20002ff0                __heap_base__ = .
                0x2000a000                . = (ORIGIN (HEAP_RAM) + 0xa000)
 *fill*         0x20002ff0     0x7010 
                0x2000a000                __heap_end__ = .
                0x00000400                __process_stack_size__ = 0x400
                0x00000400                __main_stack_size__ = 0x400
LOAD /nfs/nfs5/home/research/hardware/arm2/gcc-arm-embedded/gcc-arm-none-eabi-4_8-2014q2/bin/../lib/gcc/arm-none-eabi/4.8.4/../../../../arm-none-eabi/lib/armv7e-m/libm.a
START GROUP
LOAD /nfs/nfs5/home/research/hardware/arm2/gcc-arm-embedded/gcc-arm-none-eabi-4_8-2014q2/bin/../lib/gcc/arm-none-eabi/4.8.4/armv7e-m/libgcc.a
LOAD /nfs/nfs5/home/research/hardware/arm2/gcc-arm-embedded/gcc-arm-none-eabi-4_8-2014q2/bin/../lib/gcc/arm-none-eabi/4.8.4/../../../../arm-none-eabi/lib/armv7e-m/libg.a
LOAD /nfs/nfs5/home/research/hardware/arm2/gcc-arm-embedded/gcc-arm-none-eabi-4_8-2014q2/bin/../lib/gcc/arm-none-eabi/4.8.4/../../../../arm-none-eabi/lib/armv7e-m/libc.a
END GROUP
OUTPUT(build/lab1.elf elf32-littlearm)

.ARM.attributes
                0x00000000       0x2f
 .ARM.attributes
                0x00000000       0x21 build/obj/crt0_v7m.o
 .ARM.attributes
                0x00000021       0x21 build/obj/chcoreasm_v7m.o
 .ARM.attributes
                0x00000042       0x33 build/obj/crt1.o
 .ARM.attributes
                0x00000075       0x33 build/obj/vectors.o
 .ARM.attributes
                0x000000a8       0x33 build/obj/chsys.o
 .ARM.attributes
                0x000000db       0x33 build/obj/chvt.o
 .ARM.attributes
                0x0000010e       0x33 build/obj/chschd.o
 .ARM.attributes
                0x00000141       0x33 build/obj/chthreads.o
 .ARM.attributes
                0x00000174       0x33 build/obj/chtm.o
 .ARM.attributes
                0x000001a7       0x33 build/obj/chdynamic.o
 .ARM.attributes
                0x000001da       0x33 build/obj/chregistry.o
 .ARM.attributes
                0x0000020d       0x33 build/obj/chmtx.o
 .ARM.attributes
                0x00000240       0x33 build/obj/chevents.o
 .ARM.attributes
                0x00000273       0x33 build/obj/chqueues.o
 .ARM.attributes
                0x000002a6       0x33 build/obj/chmemcore.o
 .ARM.attributes
                0x000002d9       0x33 build/obj/chheap.o
 .ARM.attributes
                0x0000030c       0x33 build/obj/chmempools.o
 .ARM.attributes
                0x0000033f       0x33 build/obj/chcore_v7m.o
 .ARM.attributes
                0x00000372       0x33 build/obj/hal.o
 .ARM.attributes
                0x000003a5       0x33 build/obj/st.o
 .ARM.attributes
                0x000003d8       0x33 build/obj/hal_mmcsd.o
 .ARM.attributes
                0x0000040b       0x33 build/obj/mmc_spi.o
 .ARM.attributes
                0x0000043e       0x33 build/obj/serial.o
 .ARM.attributes
                0x00000471       0x33 build/obj/spi.o
 .ARM.attributes
                0x000004a4       0x33 build/obj/nvic.o
 .ARM.attributes
                0x000004d7       0x33 build/obj/hal_lld.o
 .ARM.attributes
                0x0000050a       0x33 build/obj/stm32_dma.o
 .ARM.attributes
                0x0000053d       0x33 build/obj/st_lld.o
 .ARM.attributes
                0x00000570       0x33 build/obj/pal_lld.o
 .ARM.attributes
                0x000005a3       0x33 build/obj/spi_lld.o
 .ARM.attributes
                0x000005d6       0x33 build/obj/serial_lld.o
 .ARM.attributes
                0x00000609       0x33 build/obj/board.o
 .ARM.attributes
                0x0000063c       0x33 build/obj/shell.o
 .ARM.attributes
                0x0000066f       0x33 build/obj/syscalls.o
 .ARM.attributes
                0x000006a2       0x33 build/obj/chprintf.o
 .ARM.attributes
                0x000006d5       0x33 build/obj/ff.o
 .ARM.attributes
                0x00000708       0x33 build/obj/fatfs_diskio.o
 .ARM.attributes
                0x0000073b       0x33 build/obj/main.o
 .ARM.attributes
                0x0000076e       0x1c /nfs/nfs5/home/research/hardware/arm2/gcc-arm-embedded/gcc-arm-none-eabi-4_8-2014q2/bin/../lib/gcc/arm-none-eabi/4.8.4/../../../../arm-none-eabi/lib/armv7e-m/libg.a(lib_a-memcpy.o)
 .ARM.attributes
                0x0000078a       0x2e /nfs/nfs5/home/research/hardware/arm2/gcc-arm-embedded/gcc-arm-none-eabi-4_8-2014q2/bin/../lib/gcc/arm-none-eabi/4.8.4/../../../../arm-none-eabi/lib/armv7e-m/libg.a(lib_a-memset.o)
 .ARM.attributes
                0x000007b8       0x2e /nfs/nfs5/home/research/hardware/arm2/gcc-arm-embedded/gcc-arm-none-eabi-4_8-2014q2/bin/../lib/gcc/arm-none-eabi/4.8.4/../../../../arm-none-eabi/lib/armv7e-m/libg.a(lib_a-sprintf.o)
 .ARM.attributes
                0x000007e6       0x1c /nfs/nfs5/home/research/hardware/arm2/gcc-arm-embedded/gcc-arm-none-eabi-4_8-2014q2/bin/../lib/gcc/arm-none-eabi/4.8.4/../../../../arm-none-eabi/lib/armv7e-m/libg.a(lib_a-strcmp.o)
 .ARM.attributes
                0x00000802       0x2e /nfs/nfs5/home/research/hardware/arm2/gcc-arm-embedded/gcc-arm-none-eabi-4_8-2014q2/bin/../lib/gcc/arm-none-eabi/4.8.4/../../../../arm-none-eabi/lib/armv7e-m/libg.a(lib_a-strlen.o)
 .ARM.attributes
                0x00000830       0x2e /nfs/nfs5/home/research/hardware/arm2/gcc-arm-embedded/gcc-arm-none-eabi-4_8-2014q2/bin/../lib/gcc/arm-none-eabi/4.8.4/../../../../arm-none-eabi/lib/armv7e-m/libg.a(lib_a-strpbrk.o)
 .ARM.attributes
                0x0000085e       0x2e /nfs/nfs5/home/research/hardware/arm2/gcc-arm-embedded/gcc-arm-none-eabi-4_8-2014q2/bin/../lib/gcc/arm-none-eabi/4.8.4/../../../../arm-none-eabi/lib/armv7e-m/libg.a(lib_a-strspn.o)
 .ARM.attributes
                0x0000088c       0x2e /nfs/nfs5/home/research/hardware/arm2/gcc-arm-embedded/gcc-arm-none-eabi-4_8-2014q2/bin/../lib/gcc/arm-none-eabi/4.8.4/../../../../arm-none-eabi/lib/armv7e-m/libg.a(lib_a-svfprintf.o)
 .ARM.attributes
                0x000008ba       0x2e /nfs/nfs5/home/research/hardware/arm2/gcc-arm-embedded/gcc-arm-none-eabi-4_8-2014q2/bin/../lib/gcc/arm-none-eabi/4.8.4/../../../../arm-none-eabi/lib/armv7e-m/libg.a(lib_a-dtoa.o)
 .ARM.attributes
                0x000008e8       0x2e /nfs/nfs5/home/research/hardware/arm2/gcc-arm-embedded/gcc-arm-none-eabi-4_8-2014q2/bin/../lib/gcc/arm-none-eabi/4.8.4/../../../../arm-none-eabi/lib/armv7e-m/libg.a(lib_a-impure.o)
 .ARM.attributes
                0x00000916       0x2e /nfs/nfs5/home/research/hardware/arm2/gcc-arm-embedded/gcc-arm-none-eabi-4_8-2014q2/bin/../lib/gcc/arm-none-eabi/4.8.4/../../../../arm-none-eabi/lib/armv7e-m/libg.a(lib_a-locale.o)
 .ARM.attributes
                0x00000944       0x2e /nfs/nfs5/home/research/hardware/arm2/gcc-arm-embedded/gcc-arm-none-eabi-4_8-2014q2/bin/../lib/gcc/arm-none-eabi/4.8.4/../../../../arm-none-eabi/lib/armv7e-m/libg.a(lib_a-mallocr.o)
 .ARM.attributes
                0x00000972       0x2e /nfs/nfs5/home/research/hardware/arm2/gcc-arm-embedded/gcc-arm-none-eabi-4_8-2014q2/bin/../lib/gcc/arm-none-eabi/4.8.4/../../../../arm-none-eabi/lib/armv7e-m/libg.a(lib_a-memchr-stub.o)
 .ARM.attributes
                0x000009a0       0x2e /nfs/nfs5/home/research/hardware/arm2/gcc-arm-embedded/gcc-arm-none-eabi-4_8-2014q2/bin/../lib/gcc/arm-none-eabi/4.8.4/../../../../arm-none-eabi/lib/armv7e-m/libg.a(lib_a-mlock.o)
 .ARM.attributes
                0x000009ce       0x2e /nfs/nfs5/home/research/hardware/arm2/gcc-arm-embedded/gcc-arm-none-eabi-4_8-2014q2/bin/../lib/gcc/arm-none-eabi/4.8.4/../../../../arm-none-eabi/lib/armv7e-m/libg.a(lib_a-mprec.o)
 .ARM.attributes
                0x000009fc       0x2e /nfs/nfs5/home/research/hardware/arm2/gcc-arm-embedded/gcc-arm-none-eabi-4_8-2014q2/bin/../lib/gcc/arm-none-eabi/4.8.4/../../../../arm-none-eabi/lib/armv7e-m/libg.a(lib_a-s_fpclassify.o)
 .ARM.attributes
                0x00000a2a       0x2e /nfs/nfs5/home/research/hardware/arm2/gcc-arm-embedded/gcc-arm-none-eabi-4_8-2014q2/bin/../lib/gcc/arm-none-eabi/4.8.4/../../../../arm-none-eabi/lib/armv7e-m/libg.a(lib_a-svfiprintf.o)
 .ARM.attributes
                0x00000a58       0x2e /nfs/nfs5/home/research/hardware/arm2/gcc-arm-embedded/gcc-arm-none-eabi-4_8-2014q2/bin/../lib/gcc/arm-none-eabi/4.8.4/../../../../arm-none-eabi/lib/armv7e-m/libg.a(lib_a-callocr.o)
 .ARM.attributes
                0x00000a86       0x2e /nfs/nfs5/home/research/hardware/arm2/gcc-arm-embedded/gcc-arm-none-eabi-4_8-2014q2/bin/../lib/gcc/arm-none-eabi/4.8.4/../../../../arm-none-eabi/lib/armv7e-m/libg.a(lib_a-freer.o)
 .ARM.attributes
                0x00000ab4       0x2e /nfs/nfs5/home/research/hardware/arm2/gcc-arm-embedded/gcc-arm-none-eabi-4_8-2014q2/bin/../lib/gcc/arm-none-eabi/4.8.4/../../../../arm-none-eabi/lib/armv7e-m/libg.a(lib_a-memmove.o)
 .ARM.attributes
                0x00000ae2       0x2e /nfs/nfs5/home/research/hardware/arm2/gcc-arm-embedded/gcc-arm-none-eabi-4_8-2014q2/bin/../lib/gcc/arm-none-eabi/4.8.4/../../../../arm-none-eabi/lib/armv7e-m/libg.a(lib_a-reallocr.o)
 .ARM.attributes
                0x00000b10       0x1e /nfs/nfs5/home/research/hardware/arm2/gcc-arm-embedded/gcc-arm-none-eabi-4_8-2014q2/bin/../lib/gcc/arm-none-eabi/4.8.4/armv7e-m/libgcc.a(_arm_addsubdf3.o)
 .ARM.attributes
                0x00000b2e       0x1e /nfs/nfs5/home/research/hardware/arm2/gcc-arm-embedded/gcc-arm-none-eabi-4_8-2014q2/bin/../lib/gcc/arm-none-eabi/4.8.4/armv7e-m/libgcc.a(_arm_muldivdf3.o)
 .ARM.attributes
                0x00000b4c       0x1e /nfs/nfs5/home/research/hardware/arm2/gcc-arm-embedded/gcc-arm-none-eabi-4_8-2014q2/bin/../lib/gcc/arm-none-eabi/4.8.4/armv7e-m/libgcc.a(_arm_cmpdf2.o)
 .ARM.attributes
                0x00000b6a       0x1e /nfs/nfs5/home/research/hardware/arm2/gcc-arm-embedded/gcc-arm-none-eabi-4_8-2014q2/bin/../lib/gcc/arm-none-eabi/4.8.4/armv7e-m/libgcc.a(_arm_fixdfsi.o)
 .ARM.attributes
                0x00000b88       0x1e /nfs/nfs5/home/research/hardware/arm2/gcc-arm-embedded/gcc-arm-none-eabi-4_8-2014q2/bin/../lib/gcc/arm-none-eabi/4.8.4/armv7e-m/libgcc.a(_aeabi_uldivmod.o)
 .ARM.attributes
                0x00000ba6       0x2e /nfs/nfs5/home/research/hardware/arm2/gcc-arm-embedded/gcc-arm-none-eabi-4_8-2014q2/bin/../lib/gcc/arm-none-eabi/4.8.4/armv7e-m/libgcc.a(bpabi.o)
 .ARM.attributes
                0x00000bd4       0x1e /nfs/nfs5/home/research/hardware/arm2/gcc-arm-embedded/gcc-arm-none-eabi-4_8-2014q2/bin/../lib/gcc/arm-none-eabi/4.8.4/armv7e-m/libgcc.a(_dvmd_tls.o)
 .ARM.attributes
                0x00000bf2       0x2e /nfs/nfs5/home/research/hardware/arm2/gcc-arm-embedded/gcc-arm-none-eabi-4_8-2014q2/bin/../lib/gcc/arm-none-eabi/4.8.4/armv7e-m/libgcc.a(_divdi3.o)
 .ARM.attributes
                0x00000c20       0x2e /nfs/nfs5/home/research/hardware/arm2/gcc-arm-embedded/gcc-arm-none-eabi-4_8-2014q2/bin/../lib/gcc/arm-none-eabi/4.8.4/armv7e-m/libgcc.a(_udivdi3.o)

.comment        0x00000000       0x70
 .comment       0x00000000       0x70 build/obj/crt1.o
                                 0x71 (size before relaxing)
 .comment       0x00000000       0x71 build/obj/vectors.o
 .comment       0x00000000       0x71 build/obj/chsys.o
 .comment       0x00000000       0x71 build/obj/chvt.o
 .comment       0x00000000       0x71 build/obj/chschd.o
 .comment       0x00000000       0x71 build/obj/chthreads.o
 .comment       0x00000000       0x71 build/obj/chtm.o
 .comment       0x00000000       0x71 build/obj/chdynamic.o
 .comment       0x00000000       0x71 build/obj/chregistry.o
 .comment       0x00000000       0x71 build/obj/chmtx.o
 .comment       0x00000000       0x71 build/obj/chevents.o
 .comment       0x00000000       0x71 build/obj/chqueues.o
 .comment       0x00000000       0x71 build/obj/chmemcore.o
 .comment       0x00000000       0x71 build/obj/chheap.o
 .comment       0x00000000       0x71 build/obj/chmempools.o
 .comment       0x00000000       0x71 build/obj/chcore_v7m.o
 .comment       0x00000000       0x71 build/obj/hal.o
 .comment       0x00000000       0x71 build/obj/st.o
 .comment       0x00000000       0x71 build/obj/hal_mmcsd.o
 .comment       0x00000000       0x71 build/obj/mmc_spi.o
 .comment       0x00000000       0x71 build/obj/serial.o
 .comment       0x00000000       0x71 build/obj/spi.o
 .comment       0x00000000       0x71 build/obj/nvic.o
 .comment       0x00000000       0x71 build/obj/hal_lld.o
 .comment       0x00000000       0x71 build/obj/stm32_dma.o
 .comment       0x00000000       0x71 build/obj/st_lld.o
 .comment       0x00000000       0x71 build/obj/pal_lld.o
 .comment       0x00000000       0x71 build/obj/spi_lld.o
 .comment       0x00000000       0x71 build/obj/serial_lld.o
 .comment       0x00000000       0x71 build/obj/board.o
 .comment       0x00000000       0x71 build/obj/shell.o
 .comment       0x00000000       0x71 build/obj/syscalls.o
 .comment       0x00000000       0x71 build/obj/chprintf.o
 .comment       0x00000000       0x71 build/obj/ff.o
 .comment       0x00000000       0x71 build/obj/fatfs_diskio.o
 .comment       0x00000000       0x71 build/obj/main.o

.debug_info     0x00000000    0x26a81
 .debug_info    0x00000000      0x319 build/obj/crt1.o
 .debug_info    0x00000319      0x1e7 build/obj/vectors.o
 .debug_info    0x00000500     0x18fd build/obj/chsys.o
 .debug_info    0x00001dfd      0x9fa build/obj/chvt.o
 .debug_info    0x000027f7      0xd48 build/obj/chschd.o
 .debug_info    0x0000353f     0x1c21 build/obj/chthreads.o
 .debug_info    0x00005160      0x9bd build/obj/chtm.o
 .debug_info    0x00005b1d      0xcdb build/obj/chdynamic.o
 .debug_info    0x000067f8      0x96d build/obj/chregistry.o
 .debug_info    0x00007165      0xfb4 build/obj/chmtx.o
 .debug_info    0x00008119     0x15b2 build/obj/chevents.o
 .debug_info    0x000096cb     0x1151 build/obj/chqueues.o
 .debug_info    0x0000a81c      0x85a build/obj/chmemcore.o
 .debug_info    0x0000b076      0x9bc build/obj/chheap.o
 .debug_info    0x0000ba32      0xbbb build/obj/chmempools.o
 .debug_info    0x0000c5ed      0xa55 build/obj/chcore_v7m.o
 .debug_info    0x0000d042      0x7bd build/obj/hal.o
 .debug_info    0x0000d7ff      0x8f6 build/obj/st.o
 .debug_info    0x0000e0f5     0x1ed7 build/obj/hal_mmcsd.o
 .debug_info    0x0000ffcc     0x20ee build/obj/mmc_spi.o
 .debug_info    0x000120ba     0x1769 build/obj/serial.o
 .debug_info    0x00013823     0x1b19 build/obj/spi.o
 .debug_info    0x0001533c      0x9ce build/obj/nvic.o
 .debug_info    0x00015d0a      0x87d build/obj/hal_lld.o
 .debug_info    0x00016587      0xd1d build/obj/stm32_dma.o
 .debug_info    0x000172a4      0xa3d build/obj/st_lld.o
 .debug_info    0x00017ce1      0xaf9 build/obj/pal_lld.o
 .debug_info    0x000187da     0x1191 build/obj/spi_lld.o
 .debug_info    0x0001996b     0x1543 build/obj/serial_lld.o
 .debug_info    0x0001aeae      0xdd7 build/obj/board.o
 .debug_info    0x0001bc85     0x1852 build/obj/shell.o
 .debug_info    0x0001d4d7     0x11cd build/obj/syscalls.o
 .debug_info    0x0001e6a4      0xc58 build/obj/chprintf.o
 .debug_info    0x0001f2fc     0x3944 build/obj/ff.o
 .debug_info    0x00022c40      0xf93 build/obj/fatfs_diskio.o
 .debug_info    0x00023bd3     0x2eae build/obj/main.o

.debug_abbrev   0x00000000     0x6a33
 .debug_abbrev  0x00000000       0xf7 build/obj/crt1.o
 .debug_abbrev  0x000000f7       0xc7 build/obj/vectors.o
 .debug_abbrev  0x000001be      0x557 build/obj/chsys.o
 .debug_abbrev  0x00000715      0x2a3 build/obj/chvt.o
 .debug_abbrev  0x000009b8      0x3fe build/obj/chschd.o
 .debug_abbrev  0x00000db6      0x4ad build/obj/chthreads.o
 .debug_abbrev  0x00001263      0x286 build/obj/chtm.o
 .debug_abbrev  0x000014e9      0x304 build/obj/chdynamic.o
 .debug_abbrev  0x000017ed      0x238 build/obj/chregistry.o
 .debug_abbrev  0x00001a25      0x3d2 build/obj/chmtx.o
 .debug_abbrev  0x00001df7      0x3b8 build/obj/chevents.o
 .debug_abbrev  0x000021af      0x3e0 build/obj/chqueues.o
 .debug_abbrev  0x0000258f      0x28b build/obj/chmemcore.o
 .debug_abbrev  0x0000281a      0x292 build/obj/chheap.o
 .debug_abbrev  0x00002aac      0x31e build/obj/chmempools.o
 .debug_abbrev  0x00002dca      0x22a build/obj/chcore_v7m.o
 .debug_abbrev  0x00002ff4      0x1ba build/obj/hal.o
 .debug_abbrev  0x000031ae      0x217 build/obj/st.o
 .debug_abbrev  0x000033c5      0x24c build/obj/hal_mmcsd.o
 .debug_abbrev  0x00003611      0x48c build/obj/mmc_spi.o
 .debug_abbrev  0x00003a9d      0x407 build/obj/serial.o
 .debug_abbrev  0x00003ea4      0x36c build/obj/spi.o
 .debug_abbrev  0x00004210      0x1ba build/obj/nvic.o
 .debug_abbrev  0x000043ca      0x1c0 build/obj/hal_lld.o
 .debug_abbrev  0x0000458a      0x294 build/obj/stm32_dma.o
 .debug_abbrev  0x0000481e      0x222 build/obj/st_lld.o
 .debug_abbrev  0x00004a40      0x20c build/obj/pal_lld.o
 .debug_abbrev  0x00004c4c      0x39f build/obj/spi_lld.o
 .debug_abbrev  0x00004feb      0x3b6 build/obj/serial_lld.o
 .debug_abbrev  0x000053a1      0x1fe build/obj/board.o
 .debug_abbrev  0x0000559f      0x44d build/obj/shell.o
 .debug_abbrev  0x000059ec      0x24b build/obj/syscalls.o
 .debug_abbrev  0x00005c37      0x316 build/obj/chprintf.o
 .debug_abbrev  0x00005f4d      0x3ab build/obj/ff.o
 .debug_abbrev  0x000062f8      0x24e build/obj/fatfs_diskio.o
 .debug_abbrev  0x00006546      0x4ed build/obj/main.o

.debug_loc      0x00000000     0xbb2a
 .debug_loc     0x00000000       0xda build/obj/crt1.o
 .debug_loc     0x000000da      0x2e9 build/obj/chsys.o
 .debug_loc     0x000003c3      0x28f build/obj/chvt.o
 .debug_loc     0x00000652      0x2ed build/obj/chschd.o
 .debug_loc     0x0000093f      0xa29 build/obj/chthreads.o
 .debug_loc     0x00001368       0x92 build/obj/chtm.o
 .debug_loc     0x000013fa      0x20d build/obj/chdynamic.o
 .debug_loc     0x00001607       0x3f build/obj/chregistry.o
 .debug_loc     0x00001646      0x580 build/obj/chmtx.o
 .debug_loc     0x00001bc6      0x59f build/obj/chevents.o
 .debug_loc     0x00002165      0x69b build/obj/chqueues.o
 .debug_loc     0x00002800       0xcc build/obj/chmemcore.o
 .debug_loc     0x000028cc      0x37d build/obj/chheap.o
 .debug_loc     0x00002c49      0x200 build/obj/chmempools.o
 .debug_loc     0x00002e49       0xc1 build/obj/chcore_v7m.o
 .debug_loc     0x00002f0a      0x31a build/obj/hal_mmcsd.o
 .debug_loc     0x00003224      0xaf9 build/obj/mmc_spi.o
 .debug_loc     0x00003d1d      0x6a2 build/obj/serial.o
 .debug_loc     0x000043bf      0x4cd build/obj/spi.o
 .debug_loc     0x0000488c       0xe0 build/obj/nvic.o
 .debug_loc     0x0000496c      0x1e8 build/obj/stm32_dma.o
 .debug_loc     0x00004b54       0x29 build/obj/st_lld.o
 .debug_loc     0x00004b7d      0x1b2 build/obj/pal_lld.o
 .debug_loc     0x00004d2f      0x376 build/obj/spi_lld.o
 .debug_loc     0x000050a5      0x508 build/obj/serial_lld.o
 .debug_loc     0x000055ad       0x42 build/obj/board.o
 .debug_loc     0x000055ef      0x784 build/obj/shell.o
 .debug_loc     0x00005d73      0x183 build/obj/syscalls.o
 .debug_loc     0x00005ef6      0x8c8 build/obj/chprintf.o
 .debug_loc     0x000067be     0x45b1 build/obj/ff.o
 .debug_loc     0x0000ad6f      0x31a build/obj/fatfs_diskio.o
 .debug_loc     0x0000b089      0xaa1 build/obj/main.o

.debug_aranges  0x00000000      0xd10
 .debug_aranges
                0x00000000       0x40 build/obj/crt1.o
 .debug_aranges
                0x00000040       0x20 build/obj/vectors.o
 .debug_aranges
                0x00000060       0x60 build/obj/chsys.o
 .debug_aranges
                0x000000c0       0x30 build/obj/chvt.o
 .debug_aranges
                0x000000f0       0x70 build/obj/chschd.o
 .debug_aranges
                0x00000160       0xc0 build/obj/chthreads.o
 .debug_aranges
                0x00000220       0x40 build/obj/chtm.o
 .debug_aranges
                0x00000260       0x38 build/obj/chdynamic.o
 .debug_aranges
                0x00000298       0x28 build/obj/chregistry.o
 .debug_aranges
                0x000002c0       0x58 build/obj/chmtx.o
 .debug_aranges
                0x00000318       0xa0 build/obj/chevents.o
 .debug_aranges
                0x000003b8       0x68 build/obj/chqueues.o
 .debug_aranges
                0x00000420       0x38 build/obj/chmemcore.o
 .debug_aranges
                0x00000458       0x40 build/obj/chheap.o
 .debug_aranges
                0x00000498       0x48 build/obj/chmempools.o
 .debug_aranges
                0x000004e0       0x28 build/obj/chcore_v7m.o
 .debug_aranges
                0x00000508       0x20 build/obj/hal.o
 .debug_aranges
                0x00000528       0x40 build/obj/st.o
 .debug_aranges
                0x00000568       0x58 build/obj/hal_mmcsd.o
 .debug_aranges
                0x000005c0       0xd8 build/obj/mmc_spi.o
 .debug_aranges
                0x00000698       0x98 build/obj/serial.o
 .debug_aranges
                0x00000730       0x98 build/obj/spi.o
 .debug_aranges
                0x000007c8       0x38 build/obj/nvic.o
 .debug_aranges
                0x00000800       0x28 build/obj/hal_lld.o
 .debug_aranges
                0x00000828       0x90 build/obj/stm32_dma.o
 .debug_aranges
                0x000008b8       0x28 build/obj/st_lld.o
 .debug_aranges
                0x000008e0       0x28 build/obj/pal_lld.o
 .debug_aranges
                0x00000908       0x78 build/obj/spi_lld.o
 .debug_aranges
                0x00000980       0x40 build/obj/serial_lld.o
 .debug_aranges
                0x000009c0       0x38 build/obj/board.o
 .debug_aranges
                0x000009f8       0x60 build/obj/shell.o
 .debug_aranges
                0x00000a58       0x50 build/obj/syscalls.o
 .debug_aranges
                0x00000aa8       0x38 build/obj/chprintf.o
 .debug_aranges
                0x00000ae0      0x150 build/obj/ff.o
 .debug_aranges
                0x00000c30       0x48 build/obj/fatfs_diskio.o
 .debug_aranges
                0x00000c78       0x98 build/obj/main.o

.debug_ranges   0x00000000     0x1b48
 .debug_ranges  0x00000000       0x30 build/obj/crt1.o
 .debug_ranges  0x00000030       0x10 build/obj/vectors.o
 .debug_ranges  0x00000040      0x158 build/obj/chsys.o
 .debug_ranges  0x00000198       0xb0 build/obj/chvt.o
 .debug_ranges  0x00000248      0x178 build/obj/chschd.o
 .debug_ranges  0x000003c0      0x238 build/obj/chthreads.o
 .debug_ranges  0x000005f8       0x98 build/obj/chtm.o
 .debug_ranges  0x00000690       0x28 build/obj/chdynamic.o
 .debug_ranges  0x000006b8       0x18 build/obj/chregistry.o
 .debug_ranges  0x000006d0      0x180 build/obj/chmtx.o
 .debug_ranges  0x00000850       0xc0 build/obj/chevents.o
 .debug_ranges  0x00000910      0x120 build/obj/chqueues.o
 .debug_ranges  0x00000a30       0x28 build/obj/chmemcore.o
 .debug_ranges  0x00000a58       0x30 build/obj/chheap.o
 .debug_ranges  0x00000a88       0xe0 build/obj/chmempools.o
 .debug_ranges  0x00000b68       0x18 build/obj/chcore_v7m.o
 .debug_ranges  0x00000b80       0x10 build/obj/hal.o